Component: ARM Compiler 5.06 update 1 (build 61) Tool: armlink [4d35a8]

==============================================================================

Section Cross References

    stm32f10x_it.o(i.ETH_IRQHandler) refers to netconf.o(i.LwIP_Pkt_Handle) for LwIP_Pkt_Handle
    stm32f10x_it.o(i.ETH_IRQHandler) refers to stm32_eth.o(i.ETH_GetRxPktSize) for ETH_GetRxPktSize
    stm32f10x_it.o(i.ETH_IRQHandler) refers to stm32_eth.o(i.ETH_DMAClearITPendingBit) for ETH_DMAClearITPendingBit
    stm32f10x_it.o(i.SysTick_Handler) refers to main.o(i.Time_Update) for Time_Update
    stm32f10x_it.o(i.SysTick_Handler) refers to tcpclient.o(i.tcp_echoclient_connection_close) for tcp_echoclient_connection_close
    stm32f10x_it.o(i.SysTick_Handler) refers to tcpclient.o(i.tcp_echoclient_connect) for tcp_echoclient_connect
    stm32f10x_it.o(i.SysTick_Handler) refers to stm32f10x_it.o(.data) for ConnectTime
    stm32f10x_it.o(i.SysTick_Handler) refers to main.o(.data) for IT_Begin
    stm32f10x_it.o(i.SysTick_Handler) refers to tcpclient.o(.data) for TCP_ClientFlag
    gpiox.o(i.GPIOB_Config) refers to stm32f10x_rcc.o(i.RCC_APB2PeriphClockCmd) for RCC_APB2PeriphClockCmd
    gpiox.o(i.GPIOB_Config) refers to stm32f10x_gpio.o(i.GPIO_Init) for GPIO_Init
    gpiox.o(i.GPIO_Config) refers to gpiox.o(i.GPIOB_Config) for GPIOB_Config
    delay.o(i.delay_init) refers to delay.o(.data) for fac_us
    delay.o(i.delay_ms) refers to delay.o(.data) for fac_ms
    delay.o(i.delay_us) refers to delay.o(.data) for fac_us
    main.o(i.My_Error) refers to _printf_percent.o(.ARM.Collect$$_printf_percent$$00000000) for _printf_percent
    main.o(i.My_Error) refers to _printf_s.o(.ARM.Collect$$_printf_percent$$00000014) for _printf_s
    main.o(i.My_Error) refers to _printf_str.o(.text) for _printf_str
    main.o(i.My_Error) refers to noretval__2printf.o(.text) for __2printf
    main.o(i.System_Periodic_Handle) refers to netconf.o(i.LwIP_Periodic_Handle) for LwIP_Periodic_Handle
    main.o(i.System_Periodic_Handle) refers to main.o(.data) for LocalTime
    main.o(i.Time_Update) refers to main.o(.data) for LocalTime
    main.o(i.main) refers to stm32f107.o(i.System_Setup) for System_Setup
    main.o(i.main) refers to netconf.o(i.LwIP_Init) for LwIP_Init
    main.o(i.main) refers to gpiox.o(i.GPIO_Config) for GPIO_Config
    main.o(i.main) refers to secure.o(i.init_i2c) for init_i2c
    main.o(i.main) refers to delay.o(i.Delay) for Delay
    main.o(i.main) refers to tcpclient.o(i.tcp_echoclient_connect) for tcp_echoclient_connect
    main.o(i.main) refers to secure.o(i.read_sec) for read_sec
    main.o(i.main) refers to stm32f107.o(i.DataPackage) for DataPackage
    main.o(i.main) refers to tcp_out.o(i.tcp_write) for tcp_write
    main.o(i.main) refers to tcp_out.o(i.tcp_output) for tcp_output
    main.o(i.main) refers to tcp.o(i.tcp_recv) for tcp_recv
    main.o(i.main) refers to stm32f107.o(i.DataUnPackage) for DataUnPackage
    main.o(i.main) refers to secure.o(i.write_sec) for write_sec
    main.o(i.main) refers to main.o(.data) for IT_Begin
    main.o(i.main) refers to main.o(.bss) for buf
    main.o(i.main) refers to tcpclient.o(i.tcp_echoclient_recv) for tcp_echoclient_recv
    main.o(i.main) refers to tcpclient.o(.data) for RX_Flag
    main.o(i.main) refers to tcpclient.o(.bss) for RX_buffer
    tim.o(i.TIM_Init) refers to tim.o(i.Tim2_init) for Tim2_init
    tim.o(i.TIM_Init) refers to tim.o(i.Tim3_init) for Tim3_init
    tim.o(i.Tim2_NVIC_Config) refers to misc.o(i.NVIC_PriorityGroupConfig) for NVIC_PriorityGroupConfig
    tim.o(i.Tim2_NVIC_Config) refers to misc.o(i.NVIC_Init) for NVIC_Init
    tim.o(i.Tim2_init) refers to stm32f10x_tim.o(i.TIM_TimeBaseInit) for TIM_TimeBaseInit
    tim.o(i.Tim2_init) refers to stm32f10x_tim.o(i.TIM_ClearFlag) for TIM_ClearFlag
    tim.o(i.Tim2_init) refers to stm32f10x_tim.o(i.TIM_ITConfig) for TIM_ITConfig
    tim.o(i.Tim2_init) refers to stm32f10x_tim.o(i.TIM_Cmd) for TIM_Cmd
    tim.o(i.Tim2_init) refers to tim.o(i.Tim2_NVIC_Config) for Tim2_NVIC_Config
    tim.o(i.Tim2_init) refers to stm32f10x_rcc.o(i.RCC_APB1PeriphClockCmd) for RCC_APB1PeriphClockCmd
    tim.o(i.Tim3_NVIC_Config) refers to misc.o(i.NVIC_PriorityGroupConfig) for NVIC_PriorityGroupConfig
    tim.o(i.Tim3_NVIC_Config) refers to misc.o(i.NVIC_Init) for NVIC_Init
    tim.o(i.Tim3_init) refers to tim.o(i.Tim3_NVIC_Config) for Tim3_NVIC_Config
    sys.o(i.OPEN_DMA1_RCC_APB2PeriphClock) refers to stm32f10x_rcc.o(i.RCC_AHBPeriphClockCmd) for RCC_AHBPeriphClockCmd
    sys.o(i.STM32_RCC_Config) refers to stm32f10x_rcc.o(i.RCC_DeInit) for RCC_DeInit
    sys.o(i.STM32_RCC_Config) refers to stm32f10x_rcc.o(i.RCC_HSEConfig) for RCC_HSEConfig
    sys.o(i.STM32_RCC_Config) refers to stm32f10x_rcc.o(i.RCC_WaitForHSEStartUp) for RCC_WaitForHSEStartUp
    sys.o(i.STM32_RCC_Config) refers to stm32f10x_flash.o(i.FLASH_PrefetchBufferCmd) for FLASH_PrefetchBufferCmd
[...]
    i.SystemInit                             0x08001678   Section        0  system_stm32f10x.o(i.SystemInit)
    i.System_Setup                           0x080016e4   Section        0  stm32f107.o(i.System_Setup)
    i.Time_Update                            0x08001750   Section        0  main.o(i.Time_Update)
    i.USART_GetFlagStatus                    0x08001760   Section        0  stm32f10x_usart.o(i.USART_GetFlagStatus)
    i.USART_SendData                         0x0800177a   Section        0  stm32f10x_usart.o(i.USART_SendData)
    i._sys_exit                              0x08001782   Section        0  usart.o(i._sys_exit)
    i.delay_nop                              0x08001788   Section        0  secure.o(i.delay_nop)
    i.etharp_arp_input                       0x0800179a   Section        0  etharp.o(i.etharp_arp_input)
    i.etharp_ip_input                        0x080018cc   Section        0  etharp.o(i.etharp_ip_input)
    i.etharp_output                          0x08001908   Section        0  etharp.o(i.etharp_output)
    i.etharp_query                           0x080019cc   Section        0  etharp.o(i.etharp_query)
    i.etharp_raw                             0x08001b84   Section        0  etharp.o(i.etharp_raw)
    etharp_raw                               0x08001b85   Thumb Code   202  etharp.o(i.etharp_raw)
    i.etharp_request                         0x08001c50   Section        0  etharp.o(i.etharp_request)
    i.etharp_send_ip                         0x08001c7c   Section        0  etharp.o(i.etharp_send_ip)
    etharp_send_ip                           0x08001c7d   Thumb Code    78  etharp.o(i.etharp_send_ip)
    i.ethernet_input                         0x08001cca   Section        0  etharp.o(i.ethernet_input)
    i.ethernetif_init                        0x08001d34   Section        0  ethernetif.o(i.ethernetif_init)
    i.ethernetif_input                       0x08001d80   Section        0  ethernetif.o(i.ethernetif_input)
    i.find_entry                             0x08001dac   Section        0  etharp.o(i.find_entry)
    find_entry                               0x08001dad   Thumb Code   506  etharp.o(i.find_entry)
    i.fputc                                  0x08001fb0   Section        0  usart.o(i.fputc)
    i.free_etharp_q                          0x08001fd4   Section        0  etharp.o(i.free_etharp_q)
    free_etharp_q                            0x08001fd5   Thumb Code    64  etharp.o(i.free_etharp_q)
    i.htonl                                  0x08002014   Section        0  inet.o(i.htonl)
    i.htons                                  0x0800202e   Section        0  inet.o(i.htons)
    i.icmp_dest_unreach                      0x0800203a   Section        0  icmp.o(i.icmp_dest_unreach)
    i.icmp_input                             0x0800204c   Section        0  icmp.o(i.icmp_input)
    i.icmp_send_response                     0x080021e0   Section        0  icmp.o(i.icmp_send_response)
    icmp_send_response                       0x080021e1   Thumb Code   118  icmp.o(i.icmp_send_response)
    i.icmp_time_exceeded                     0x08002256   Section        0  icmp.o(i.icmp_time_exceeded)
    i.inet_chksum                            0x08002268   Section        0  inet_chksum.o(i.inet_chksum)
    i.inet_chksum_pbuf                       0x0800227c   Section        0  inet_chksum.o(i.inet_chksum_pbuf)
    i.init_i2c                               0x080022d4   Section        0  secure.o(i.init_i2c)
    i.ip_addr_isbroadcast                    0x080022ec   Section        0  ip_addr.o(i.ip_addr_isbroadcast)
    i.ip_frag                                0x0800233c   Section        0  ip_frag.o(i.ip_frag)
    i.ip_input                               0x08002488   Section        0  ip.o(i.ip_input)
    i.ip_output                              0x08002624   Section        0  ip.o(i.ip_output)
    i.ip_output_if                           0x08002658   Section        0  ip.o(i.ip_output_if)
    i.ip_reass                               0x0800275c   Section        0  ip_frag.o(i.ip_reass)
    i.ip_reass_chain_frag_into_datagram_and_validate 0x080028f4   Section        0  ip_frag.o(i.ip_reass_chain_frag_into_datagram_and_validate)
    ip_reass_chain_frag_into_datagram_and_validate 0x080028f5   Thumb Code   418  ip_frag.o(i.ip_reass_chain_frag_into_datagram_and_validate)
    i.ip_reass_dequeue_datagram              0x08002a9c   Section        0  ip_frag.o(i.ip_reass_dequeue_datagram)
    ip_reass_dequeue_datagram                0x08002a9d   Thumb Code    46  ip_frag.o(i.ip_reass_dequeue_datagram)
    i.ip_reass_enqueue_new_datagram          0x08002ad0   Section        0  ip_frag.o(i.ip_reass_enqueue_new_datagram)
    ip_reass_enqueue_new_datagram            0x08002ad1   Thumb Code    80  ip_frag.o(i.ip_reass_enqueue_new_datagram)
    i.ip_reass_free_complete_datagram        0x08002b24   Section        0  ip_frag.o(i.ip_reass_free_complete_datagram)
    ip_reass_free_complete_datagram          0x08002b25   Thumb Code   166  ip_frag.o(i.ip_reass_free_complete_datagram)
    i.ip_reass_remove_oldest_datagram        0x08002bd0   Section        0  ip_frag.o(i.ip_reass_remove_oldest_datagram)
    ip_reass_remove_oldest_datagram          0x08002bd1   Thumb Code   118  ip_frag.o(i.ip_reass_remove_oldest_datagram)
    i.ip_route                               0x08002c4c   Section        0  ip.o(i.ip_route)
    i.low_level_init                         0x08002c9c   Section        0  ethernetif.o(i.low_level_init)
    low_level_init                           0x08002c9d   Thumb Code   142  ethernetif.o(i.low_level_init)
    i.low_level_input                        0x08002d40   Section        0  ethernetif.o(i.low_level_input)
    low_level_input                          0x08002d41   Thumb Code   110  ethernetif.o(i.low_level_input)
    i.low_level_output                       0x08002db4   Section        0  ethernetif.o(i.low_level_output)
    low_level_output                         0x08002db5   Thumb Code    52  ethernetif.o(i.low_level_output)
    i.lwip_standard_chksum                   0x08002de8   Section        0  inet_chksum.o(i.lwip_standard_chksum)
    lwip_standard_chksum                     0x08002de9   Thumb Code    74  inet_chksum.o(i.lwip_standard_chksum)
    i.main                                   0x08002e34   Section        0  main.o(i.main)
    i.mem_free                               0x08002f0c   Section        0  mem.o(i.mem_free)
    i.mem_init                               0x08002f84   Section        0  mem.o(i.mem_init)
    i.mem_malloc                             0x08002fe8   Section        0  mem.o(i.mem_malloc)
    i.mem_realloc                            0x08003118   Section        0  mem.o(i.mem_realloc)
    i.memp_free                              0x08003260   Section        0  memp.o(i.memp_free)
    i.memp_init                              0x0800328c   Section        0  memp.o(i.memp_init)
    i.memp_malloc                            0x080032f0   Section        0  memp.o(i.memp_malloc)
    i.netif_add                              0x0800332c   Section        0  netif.o(i.netif_add)
    i.netif_is_up                            0x08003394   Section        0  netif.o(i.netif_is_up)
    i.netif_set_addr                         0x080033a0   Section        0  netif.o(i.netif_set_addr)
    i.netif_set_default                      0x080033c8   Section        0  netif.o(i.netif_set_default)
    i.netif_set_gw                           0x080033d4   Section        0  netif.o(i.netif_set_gw)
    i.netif_set_ipaddr                       0x080033e0   Section        0  netif.o(i.netif_set_ipaddr)
    i.netif_set_netmask                      0x08003458   Section        0  netif.o(i.netif_set_netmask)
    i.netif_set_up                           0x08003464   Section        0  netif.o(i.netif_set_up)
    i.ntohl                                  0x08003490   Section        0  inet.o(i.ntohl)
    i.ntohs                                  0x0800349c   Section        0  inet.o(i.ntohs)
    i.pbuf_alloc                             0x080034a8   Section        0  pbuf.o(i.pbuf_alloc)
    i.pbuf_cat                               0x080036c6   Section        0  pbuf.o(i.pbuf_cat)
    i.pbuf_chain                             0x08003716   Section        0  pbuf.o(i.pbuf_chain)
    i.pbuf_clen                              0x0800372c   Section        0  pbuf.o(i.pbuf_clen)
    i.pbuf_copy                              0x0800373e   Section        0  pbuf.o(i.pbuf_copy)
    i.pbuf_copy_partial                      0x0800381a   Section        0  pbuf.o(i.pbuf_copy_partial)
    i.pbuf_free                              0x080038b4   Section        0  pbuf.o(i.pbuf_free)
    i.pbuf_header                            0x0800394c   Section        0  pbuf.o(i.pbuf_header)
    i.pbuf_realloc                           0x080039d8   Section        0  pbuf.o(i.pbuf_realloc)
    i.pbuf_ref                               0x08003a88   Section        0  pbuf.o(i.pbuf_ref)
    i.plug_holes                             0x08003a94   Section        0  mem.o(i.plug_holes)
    plug_holes                               0x08003a95   Thumb Code   168  mem.o(i.plug_holes)
    i.raw_input                              0x08003b48   Section        0  raw.o(i.raw_input)
    i.read_sec                               0x08003bb0   Section        0  secure.o(i.read_sec)
    i.tcp_abandon                            0x08003df0   Section        0  tcp.o(i.tcp_abandon)
    i.tcp_alloc                              0x08003e8c   Section        0  tcp.o(i.tcp_alloc)
    i.tcp_arg                                0x08003f40   Section        0  tcp.o(i.tcp_arg)
    i.tcp_close                              0x08003f44   Section        0  tcp.o(i.tcp_close)
    i.tcp_connect                            0x08004048   Section        0  tcp.o(i.tcp_connect)
    i.tcp_echoclient_connect                 0x0800416c   Section        0  tcpclient.o(i.tcp_echoclient_connect)
    i.tcp_echoclient_connected               0x080041a8   Section        0  tcpclient.o(i.tcp_echoclient_connected)
    tcp_echoclient_connected                 0x080041a9   Thumb Code   100  tcpclient.o(i.tcp_echoclient_connected)
    i.tcp_echoclient_connection_close        0x08004218   Section        0  tcpclient.o(i.tcp_echoclient_connection_close)
    i.tcp_echoclient_poll                    0x08004254   Section        0  tcpclient.o(i.tcp_echoclient_poll)
    tcp_echoclient_poll                      0x08004255   Thumb Code    62  tcpclient.o(i.tcp_echoclient_poll)
    i.tcp_echoclient_recv                    0x08004294   Section        0  tcpclient.o(i.tcp_echoclient_recv)
    i.tcp_echoclient_send                    0x08004398   Section        0  tcpclient.o(i.tcp_echoclient_send)
    i.tcp_echoclient_sent                    0x080043e8   Section        0  tcpclient.o(i.tcp_echoclient_sent)
    tcp_echoclient_sent                      0x080043e9   Thumb Code    30  tcpclient.o(i.tcp_echoclient_sent)
    i.tcp_eff_send_mss                       0x08004406   Section        0  tcp.o(i.tcp_eff_send_mss)
    i.tcp_enqueue                            0x08004434   Section        0  tcp_out.o(i.tcp_enqueue)
    i.tcp_input                              0x08004860   Section        0  tcp_in.o(i.tcp_input)
    i.tcp_kill_prio                          0x08004d08   Section        0  tcp.o(i.tcp_kill_prio)
    tcp_kill_prio                            0x08004d09   Thumb Code    78  tcp.o(i.tcp_kill_prio)
    i.tcp_kill_timewait                      0x08004d60   Section        0  tcp.o(i.tcp_kill_timewait)
    tcp_kill_timewait                        0x08004d61   Thumb Code    52  tcp.o(i.tcp_kill_timewait)
    i.tcp_listen_input                       0x08004d9c   Section        0  tcp_in.o(i.tcp_listen_input)
    tcp_listen_input                         0x08004d9d   Thumb Code   278  tcp_in.o(i.tcp_listen_input)
    i.tcp_new                                0x08004ed0   Section        0  tcp.o(i.tcp_new)
    i.tcp_new_port                           0x08004edc   Section        0  tcp.o(i.tcp_new_port)
    tcp_new_port                             0x08004edd   Thumb Code   104  tcp.o(i.tcp_new_port)
    i.tcp_next_iss                           0x08004f54   Section        0  tcp.o(i.tcp_next_iss)
    i.tcp_output                             0x08004f70   Section        0  tcp_out.o(i.tcp_output)
    i.tcp_output_segment                     0x080051d8   Section        0  tcp_out.o(i.tcp_output_segment)
    tcp_output_segment                       0x080051d9   Thumb Code   194  tcp_out.o(i.tcp_output_segment)
    i.tcp_output_set_header                  0x080052a4   Section        0  tcp_out.o(i.tcp_output_set_header)
    tcp_output_set_header                    0x080052a5   Thumb Code   132  tcp_out.o(i.tcp_output_set_header)
    i.tcp_parseopt                           0x08005328   Section        0  tcp_in.o(i.tcp_parseopt)
    tcp_parseopt                             0x08005329   Thumb Code   178  tcp_in.o(i.tcp_parseopt)
    i.tcp_pcb_purge                          0x080053e0   Section        0  tcp.o(i.tcp_pcb_purge)
    i.tcp_pcb_remove                         0x08005418   Section        0  tcp.o(i.tcp_pcb_remove)
    i.tcp_poll                               0x080054c8   Section        0  tcp.o(i.tcp_poll)
    i.tcp_process                            0x080054d4   Section        0  tcp_in.o(i.tcp_process)
    tcp_process                              0x080054d5   Thumb Code  1426  tcp_in.o(i.tcp_process)
    i.tcp_receive                            0x08005a80   Section        0  tcp_in.o(i.tcp_receive)
    tcp_receive                              0x08005a81   Thumb Code  1772  tcp_in.o(i.tcp_receive)
    i.tcp_recv                               0x08006180   Section        0  tcp.o(i.tcp_recv)
    i.tcp_recv_null                          0x08006186   Section        0  tcp.o(i.tcp_recv_null)
    tcp_recv_null                            0x08006187   Thumb Code    40  tcp.o(i.tcp_recv_null)
    i.tcp_recved                             0x080061ae   Section        0  tcp.o(i.tcp_recved)
    i.tcp_rexmit                             0x08006204   Section        0  tcp_out.o(i.tcp_rexmit)
    i.tcp_rst                                0x0800625a   Section        0  tcp_out.o(i.tcp_rst)
    i.tcp_seg_free                           0x08006308   Section        0  tcp.o(i.tcp_seg_free)
    i.tcp_segs_free                          0x08006328   Section        0  tcp.o(i.tcp_segs_free)
    i.tcp_send_ctrl                          0x08006346   Section        0  tcp_out.o(i.tcp_send_ctrl)
    i.tcp_sent                               0x08006362   Section        0  tcp.o(i.tcp_sent)
    i.tcp_timewait_input                     0x08006368   Section        0  tcp_in.o(i.tcp_timewait_input)
    tcp_timewait_input                       0x08006369   Thumb Code    72  tcp_in.o(i.tcp_timewait_input)
    i.tcp_update_rcv_ann_wnd                 0x080063b8   Section        0  tcp.o(i.tcp_update_rcv_ann_wnd)
    i.tcp_write                              0x080063f0   Section        0  tcp_out.o(i.tcp_write)
    i.udp_input                              0x08006438   Section        0  udp.o(i.udp_input)
    i.update_arp_entry                       0x080065d4   Section        0  etharp.o(i.update_arp_entry)
    update_arp_entry                         0x080065d5   Thumb Code   244  etharp.o(i.update_arp_entry)
    i.write_sec                              0x080066cc   Section        0  secure.o(i.write_sec)
    .constdata                               0x08006764   Section       12  etharp.o(.constdata)
    .constdata                               0x08006770   Section       36  memp.o(.constdata)
    memp_sizes                               0x08006770   Data          18  memp.o(.constdata)
    memp_num                                 0x08006782   Data          18  memp.o(.constdata)
    .data                                    0x20000000   Section        1  stm32f10x_it.o(.data)
    .data                                    0x20000004   Section       12  main.o(.data)
    .data                                    0x20000010   Section       12  tcpclient.o(.data)
    .data                                    0x2000001c   Section        4  usart.o(.data)
    .data                                    0x20000020   Section       16  stm32_eth.o(.data)
    .data                                    0x20000030   Section        1  etharp.o(.data)
    etharp_cached_entry                      0x20000030   Data           1  etharp.o(.data)
    .data                                    0x20000034   Section       20  ethernetif.o(.data)
    .data                                    0x20000048   Section       13  mem.o(.data)
    ram                                      0x20000048   Data           4  mem.o(.data)
    ram_end                                  0x2000004c   Data           4  mem.o(.data)
    lfree                                    0x20000050   Data           4  mem.o(.data)
    mem_sem                                  0x20000054   Data           1  mem.o(.data)
    .data                                    0x20000058   Section        9  netif.o(.data)
    netifnum                                 0x20000060   Data           1  netif.o(.data)
    .data                                    0x20000064   Section        4  raw.o(.data)
    raw_pcbs                                 0x20000064   Data           4  raw.o(.data)
    .data                                    0x20000068   Section       32  tcp.o(.data)
    tcp_timer                                0x20000080   Data           1  tcp.o(.data)
    port                                     0x20000082   Data           2  tcp.o(.data)
    iss                                      0x20000084   Data           4  tcp.o(.data)
    .data                                    0x20000088   Section       32  tcp_in.o(.data)
    tcphdr                                   0x20000088   Data           4  tcp_in.o(.data)
    iphdr                                    0x2000008c   Data           4  tcp_in.o(.data)
    seqno                                    0x20000090   Data           4  tcp_in.o(.data)
    ackno                                    0x20000094   Data           4  tcp_in.o(.data)
    flags                                    0x20000098   Data           1  tcp_in.o(.data)
    tcplen                                   0x2000009a   Data           2  tcp_in.o(.data)
    recv_flags                               0x2000009c   Data           1  tcp_in.o(.data)
    recv_data                                0x200000a0   Data           4  tcp_in.o(.data)
    .data                                    0x200000a8   Section        4  udp.o(.data)
    .data                                    0x200000ac   Section       10  ip.o(.data)
    current_netif                            0x200000ac   Data           4  ip.o(.data)
    current_header                           0x200000b0   Data           4  ip.o(.data)
    ip_id                                    0x200000b4   Data           2  ip.o(.data)
    .data                                    0x200000b8   Section        6  ip_frag.o(.data)
    reassdatagrams                           0x200000b8   Data           4  ip_frag.o(.data)
    ip_reass_pbufcount                       0x200000bc   Data           2  ip_frag.o(.data)
    .data                                    0x200000be   Section       20  stm32f10x_rcc.o(.data)
    APBAHBPrescTable                         0x200000be   Data          16  stm32f10x_rcc.o(.data)
    ADCPrescTable                            0x200000ce   Data           4  stm32f10x_rcc.o(.data)
    .bss                                     0x200000d4   Section      600  main.o(.bss)
    .bss                                     0x2000032c   Section       48  netconf.o(.bss)
    .bss                                     0x2000035c   Section      200  tcpclient.o(.bss)
    .bss                                     0x20000424   Section      200  etharp.o(.bss)
    arp_table                                0x20000424   Data         200  etharp.o(.bss)
    .bss                                     0x200004ec   Section     9216  ethernetif.o(.bss)
    .bss                                     0x200028ec   Section    20500  mem.o(.bss)
    ram_heap                                 0x200028ec   Data       20500  mem.o(.bss)
    .bss                                     0x20007900   Section    18095  memp.o(.bss)
    memp_tab                                 0x20007900   Data          36  memp.o(.bss)
    memp_memory                              0x20007924   Data       18059  memp.o(.bss)
    .bss                                     0x2000bfb0   Section       20  tcp_in.o(.bss)
    inseg                                    0x2000bfb0   Data          20  tcp_in.o(.bss)
    .bss                                     0x2000bfc4   Section     1504  ip_frag.o(.bss)
    buf                                      0x2000bfc4   Data        1504  ip_frag.o(.bss)
    .bss                                     0x2000c5a4   Section       96  libspace.o(.bss)
    HEAP                                     0x2000c608   Section      512  startup_stm32f10x_cl.o(HEAP)
    Heap_Mem                                 0x2000c608   Data         512  startup_stm32f10x_cl.o(HEAP)
    STACK                                    0x2000c808   Section     1024  startup_stm32f10x_cl.o(STACK)
    Stack_Mem                                0x2000c808   Data        1024  startup_stm32f10x_cl.o(STACK)
    __initial_sp                             0x2000cc08   Data           0  startup_stm32f10x_cl.o(STACK)

    Global Symbols

    Symbol Name                              Value     Ov Type        Size  Object(Section)

    BuildAttributes$$THM_ISAv4$P$D$K$B$S$PE$A:L22UL41UL21$X:L11$S22US41US21$IEEE1$IW$USESV6$~STKCKD$USESV7$~SHL$OSPACE$ROPI$EBA8$UX$STANDARDLIB$REQ8$PRES8$EABIv2 0x00000000   Number         0  anon$$obj.o ABSOLUTE
    __ARM_use_no_argv                        0x00000000   Number         0  main.o ABSOLUTE
    __ARM_exceptions_init                     - Undefined Weak Reference
    __alloca_initialize                       - Undefined Weak Reference
    __arm_preinit_                            - Undefined Weak Reference
    __cpp_initialize__aeabi_                  - Undefined Weak Reference
    __cxa_finalize                            - Undefined Weak Reference
    __rt_locale                               - Undefined Weak Reference
    __sigvec_lookup                           - Undefined Weak Reference
    _atexit_init                              - Undefined Weak Reference
    _call_atexit_fns                          - Undefined Weak Reference
    _clock_init                               - Undefined Weak Reference
    _fp_trap_init                             - Undefined Weak Reference
    _fp_trap_shutdown                         - Undefined Weak Reference
    _get_lc_collate                           - Undefined Weak Reference
    _get_lc_ctype                             - Undefined Weak Reference
    _get_lc_monetary                          - Undefined Weak Reference
    _get_lc_numeric                           - Undefined Weak Reference
    _get_lc_time                              - Undefined Weak Reference
    _getenv_init                              - Undefined Weak Reference
    _handle_redirection                       - Undefined Weak Reference
    _init_alloc                               - Undefined Weak Reference
    _init_user_alloc                          - Undefined Weak Reference
    _initio                                   - Undefined Weak Reference
    _mutex_acquire                            - Undefined Weak Reference
    _mutex_release                            - Undefined Weak Reference
    _printf_mbtowc                            - Undefined Weak Reference
    _printf_post_padding                      - Undefined Weak Reference
    _printf_pre_padding                       - Undefined Weak Reference
    _printf_truncate_signed                   - Undefined Weak Reference
    _printf_truncate_unsigned                 - Undefined Weak Reference
    _rand_init                                - Undefined Weak Reference
    _signal_finish                            - Undefined Weak Reference
    _signal_init                              - Undefined Weak Reference
    _terminate_alloc                          - Undefined Weak Reference
    _terminate_user_alloc                     - Undefined Weak Reference
    _terminateio                              - Undefined Weak Reference
    __Vectors_Size                           0x00000150   Number         0  startup_stm32f10x_cl.o ABSOLUTE
    __Vectors                                0x08000000   Data           4  startup_stm32f10x_cl.o(RESET)
    __Vectors_End                            0x08000150   Data           0  startup_stm32f10x_cl.o(RESET)
    __main                                   0x08000151   Thumb Code     8  __main.o(!!!main)
    __scatterload                            0x08000159   Thumb Code     0  __scatter.o(!!!scatter)
    __scatterload_rt2                        0x08000159   Thumb Code    44  __scatter.o(!!!scatter)
    __scatterload_rt2_thumb_only             0x08000159   Thumb Code     0  __scatter.o(!!!scatter)
    __scatterload_null                       0x08000167   Thumb Code     0  __scatter.o(!!!scatter)
    __scatterload_copy                       0x0800018d   Thumb Code    26  __scatter_copy.o(!!handler_copy)
    __scatterload_zeroinit                   0x080001a9   Thumb Code    28  __scatter_zi.o(!!handler_zi)
    _printf_percent                          0x080001c5   Thumb Code     0  _printf_percent.o(.ARM.Collect$$_printf_percent$$00000000)
    _printf_s                                0x080001c5   Thumb Code     0  _printf_s.o(.ARM.Collect$$_printf_percent$$00000014)
    _printf_percent_end                      0x080001cb   Thumb Code     0  _printf_percent_end.o(.ARM.Collect$$_printf_percent$$00000017)
    __rt_lib_init                            0x080001cf   Thumb Code     0  libinit.o(.ARM.Collect$$libinit$$00000000)
    __rt_lib_init_alloca_1                   0x080001d1   Thumb Code     0  libinit2.o(.ARM.Collect$$libinit$$0000002E)
    __rt_lib_init_argv_1                     0x080001d1   Thumb Code     0  libinit2.o(.ARM.Collect$$libinit$$0000002C)
    __rt_lib_init_atexit_1                   0x080001d1   Thumb Code     0  libinit2.o(.ARM.Collect$$libinit$$0000001B)
    __rt_lib_init_clock_1                    0x080001d1   Thumb Code     0  libinit2.o(.ARM.Collect$$libinit$$00000021)
    __rt_lib_init_cpp_1                      0x080001d1   Thumb Code     0  libinit2.o(.ARM.Collect$$libinit$$00000032)
    __rt_lib_init_exceptions_1               0x080001d1   Thumb Code     0  libinit2.o(.ARM.Collect$$libinit$$00000030)
    __rt_lib_init_fp_1                       0x080001d1   Thumb Code     0  libinit2.o(.ARM.Collect$$libinit$$00000002)
    __rt_lib_init_fp_trap_1                  0x080001d1   Thumb Code     0  libinit2.o(.ARM.Collect$$libinit$$0000001F)
    __rt_lib_init_getenv_1                   0x080001d1   Thumb Code     0  libinit2.o(.ARM.Collect$$libinit$$00000023)
    __rt_lib_init_heap_1                     0x080001d1   Thumb Code     0  libinit2.o(.ARM.Collect$$libinit$$0000000A)
    __rt_lib_init_lc_collate_1               0x080001d1   Thumb Code     0  libinit2.o(.ARM.Collect$$libinit$$00000011)
    __rt_lib_init_lc_ctype_1                 0x080001d1   Thumb Code     0  libinit2.o(.ARM.Collect$$libinit$$00000013)
    __rt_lib_init_lc_monetary_1              0x080001d1   Thumb Code     0  libinit2.o(.ARM.Collect$$libinit$$00000015)
    __rt_lib_init_lc_numeric_1               0x080001d1   Thumb Code     0  libinit2.o(.ARM.Collect$$libinit$$00000017)
    __rt_lib_init_lc_time_1                  0x080001d1   Thumb Code     0  libinit2.o(.ARM.Collect$$libinit$$00000019)
    __rt_lib_init_preinit_1                  0x080001d1   Thumb Code     0  libinit2.o(.ARM.Collect$$libinit$$00000004)
    __rt_lib_init_rand_1                     0x080001d1   Thumb Code     0  libinit2.o(.ARM.Collect$$libinit$$0000000E)
    __rt_lib_init_return                     0x080001d1   Thumb Code     0  libinit2.o(.ARM.Collect$$libinit$$00000033)
    __rt_lib_init_signal_1                   0x080001d1   Thumb Code     0  libinit2.o(.ARM.Collect$$libinit$$0000001D)
    __rt_lib_init_stdio_1                    0x080001d1   Thumb Code     0  libinit2.o(.ARM.Collect$$libinit$$00000025)
    __rt_lib_init_user_alloc_1               0x080001d1   Thumb Code     0  libinit2.o(.ARM.Collect$$libinit$$0000000C)
    __rt_lib_shutdown                        0x080001d3   Thumb Code     0  libshutdown.o(.ARM.Collect$$libshutdown$$00000000)
    __rt_lib_shutdown_cpp_1                  0x080001d5   Thumb Code     0  libshutdown2.o(.ARM.Collect$$libshutdown$$00000002)
    __rt_lib_shutdown_fp_trap_1              0x080001d5   Thumb Code     0  libshutdown2.o(.ARM.Collect$$libshutdown$$00000007)
    __rt_lib_shutdown_heap_1                 0x080001d5   Thumb Code     0  libshutdown2.o(.ARM.Collect$$libshutdown$$0000000F)
    __rt_lib_shutdown_return                 0x080001d5   Thumb Code     0  libshutdown2.o(.ARM.Collect$$libshutdown$$00000010)
    __rt_lib_shutdown_signal_1               0x080001d5   Thumb Code     0  libshutdown2.o(.ARM.Collect$$libshutdown$$0000000A)
    __rt_lib_shutdown_stdio_1                0x080001d5   Thumb Code     0  libshutdown2.o(.ARM.Collect$$libshutdown$$00000004)
    __rt_lib_shutdown_user_alloc_1           0x080001d5   Thumb Code     0  libshutdown2.o(.ARM.Collect$$libshutdown$$0000000C)
    __rt_entry                               0x080001d7   Thumb Code     0  __rtentry.o(.ARM.Collect$$rtentry$$00000000)
    __rt_entry_presh_1                       0x080001d7   Thumb Code     0  __rtentry2.o(.ARM.Collect$$rtentry$$00000002)
    __rt_entry_sh                            0x080001d7   Thumb Code     0  __rtentry4.o(.ARM.Collect$$rtentry$$00000004)
    __rt_entry_li                            0x080001dd   Thumb Code     0  __rtentry2.o(.ARM.Collect$$rtentry$$0000000A)
    __rt_entry_postsh_1                      0x080001dd   Thumb Code     0  __rtentry2.o(.ARM.Collect$$rtentry$$00000009)
    __rt_entry_main                          0x080001e1   Thumb Code     0  __rtentry2.o(.ARM.Collect$$rtentry$$0000000D)
    __rt_entry_postli_1                      0x080001e1   Thumb Code     0  __rtentry2.o(.ARM.Collect$$rtentry$$0000000C)
    __rt_exit                                0x080001e9   Thumb Code     0  rtexit.o(.ARM.Collect$$rtexit$$00000000)
    __rt_exit_ls                             0x080001eb   Thumb Code     0  rtexit2.o(.ARM.Collect$$rtexit$$00000003)
    __rt_exit_prels_1                        0x080001eb   Thumb Code     0  rtexit2.o(.ARM.Collect$$rtexit$$00000002)
    __rt_exit_exit                           0x080001ef   Thumb Code     0  rtexit2.o(.ARM.Collect$$rtexit$$00000004)
    Reset_Handler                            0x080001f5   Thumb Code     8  startup_stm32f10x_cl.o(.text)
    NMI_Handler                              0x080001fd   Thumb Code     2  startup_stm32f10x_cl.o(.text)
    HardFault_Handler                        0x080001ff   Thumb Code     2  startup_stm32f10x_cl.o(.text)
    MemManage_Handler                        0x08000201   Thumb Code     2  startup_stm32f10x_cl.o(.text)
    BusFault_Handler                         0x08000203   Thumb Code     2  startup_stm32f10x_cl.o(.text)
    UsageFault_Handler                       0x08000205   Thumb Code     2  startup_stm32f10x_cl.o(.text)
    SVC_Handler                              0x08000207   Thumb Code     2  startup_stm32f10x_cl.o(.text)
    DebugMon_Handler                         0x08000209   Thumb Code     2  startup_stm32f10x_cl.o(.text)
    PendSV_Handler                           0x0800020b   Thumb Code     2  startup_stm32f10x_cl.o(.text)
    ADC1_2_IRQHandler                        0x0800020f   Thumb Code     0  startup_stm32f10x_cl.o(.text)
    CAN1_RX0_IRQHandler                      0x0800020f   Thumb Code     0  startup_stm32f10x_cl.o(.text)
    CAN1_RX1_IRQHandler                      0x0800020f   Thumb Code     0  startup_stm32f10x_cl.o(.text)
    CAN1_SCE_IRQHandler                      0x0800020f   Thumb Code     0  startup_stm32f10x_cl.o(.text)
    CAN1_TX_IRQHandler                       0x0800020f   Thumb Code     0  startup_stm32f10x_cl.o(.text)
    CAN2_RX0_IRQHandler                      0x0800020f   Thumb Code     0  startup_stm32f10x_cl.o(.text)
    CAN2_RX1_IRQHandler                      0x0800020f   Thumb Code     0  startup_stm32f10x_cl.o(.text)
    CAN2_SCE_IRQHandler                      0x0800020f   Thumb Code     0  startup_stm32f10x_cl.o(.text)
    CAN2_TX_IRQHandler                       0x0800020f   Thumb Code     0  startup_stm32f10x_cl.o(.text)
    DMA1_Channel1_IRQHandler                 0x0800020f   Thumb Code     0  startup_stm32f10x_cl.o(.text)
    DMA1_Channel2_IRQHandler                 0x0800020f   Thumb Code     0  startup_stm32f10x_cl.o(.text)
    DMA1_Channel3_IRQHandler                 0x0800020f   Thumb Code     0  startup_stm32f10x_cl.o(.text)
    DMA1_Channel4_IRQHandler                 0x0800020f   Thumb Code     0  startup_stm32f10x_cl.o(.text)
    DMA1_Channel5_IRQHandler                 0x0800020f   Thumb Code     0  startup_stm32f10x_cl.o(.text)
    DMA1_Channel6_IRQHandler                 0x0800020f   Thumb Code     0  startup_stm32f10x_cl.o(.text)
    DMA1_Channel7_IRQHandler                 0x0800020f   Thumb Code     0  startup_stm32f10x_cl.o(.text)
    DMA2_Channel1_IRQHandler                 0x0800020f   Thumb Code     0  startup_stm32f10x_cl.o(.text)
    DMA2_Channel2_IRQHandler                 0x0800020f   Thumb Code     0  startup_stm32f10x_cl.o(.text)
    DMA2_Channel3_IRQHandler                 0x0800020f   Thumb Code     0  startup_stm32f10x_cl.o(.text)
    DMA2_Channel4_IRQHandler                 0x0800020f   Thumb Code     0  startup_stm32f10x_cl.o(.text)
    DMA2_Channel5_IRQHandler                 0x0800020f   Thumb Code     0  startup_stm32f10x_cl.o(.text)
    ETH_WKUP_IRQHandler                      0x0800020f   Thumb Code     0  startup_stm32f10x_cl.o(.text)
    EXTI0_IRQHandler                         0x0800020f   Thumb Code     0  startup_stm32f10x_cl.o(.text)
    EXTI15_10_IRQHandler                     0x0800020f   Thumb Code     0  startup_stm32f10x_cl.o(.text)
    EXTI1_IRQHandler                         0x0800020f   Thumb Code     0  startup_stm32f10x_cl.o(.text)
    EXTI2_IRQHandler                         0x0800020f   Thumb Code     0  startup_stm32f10x_cl.o(.text)
    EXTI3_IRQHandler                         0x0800020f   Thumb Code     0  startup_stm32f10x_cl.o(.text)
    EXTI4_IRQHandler                         0x0800020f   Thumb Code     0  startup_stm32f10x_cl.o(.text)
    EXTI9_5_IRQHandler                       0x0800020f   Thumb Code     0  startup_stm32f10x_cl.o(.text)
    FLASH_IRQHandler                         0x0800020f   Thumb Code     0  startup_stm32f10x_cl.o(.text)
    I2C1_ER_IRQHandler                       0x0800020f   Thumb Code     0  startup_stm32f10x_cl.o(.text)
    I2C1_EV_IRQHandler                       0x0800020f   Thumb Code     0  startup_stm32f10x_cl.o(.text)
    I2C2_ER_IRQHandler                       0x0800020f   Thumb Code     0  startup_stm32f10x_cl.o(.text)
    I2C2_EV_IRQHandler                       0x0800020f   Thumb Code     0  startup_stm32f10x_cl.o(.text)
    OTG_FS_IRQHandler                        0x0800020f   Thumb Code     0  startup_stm32f10x_cl.o(.text)
    OTG_FS_WKUP_IRQHandler                   0x0800020f   Thumb Code     0  startup_stm32f10x_cl.o(.text)
    PVD_IRQHandler                           0x0800020f   Thumb Code     0  startup_stm32f10x_cl.o(.text)
    RCC_IRQHandler                           0x0800020f   Thumb Code     0  startup_stm32f10x_cl.o(.text)
    RTCAlarm_IRQHandler                      0x0800020f   Thumb Code     0  startup_stm32f10x_cl.o(.text)
    RTC_IRQHandler                           0x0800020f   Thumb Code     0  startup_stm32f10x_cl.o(.text)
    SPI1_IRQHandler                          0x0800020f   Thumb Code     0  startup_stm32f10x_cl.o(.text)
    SPI2_IRQHandler                          0x0800020f   Thumb Code     0  startup_stm32f10x_cl.o(.text)
    SPI3_IRQHandler                          0x0800020f   Thumb Code     0  startup_stm32f10x_cl.o(.text)
    TAMPER_IRQHandler                        0x0800020f   Thumb Code     0  startup_stm32f10x_cl.o(.text)
    TIM1_BRK_IRQHandler                      0x0800020f   Thumb Code     0  startup_stm32f10x_cl.o(.text)
    TIM1_CC_IRQHandler                       0x0800020f   Thumb Code     0  startup_stm32f10x_cl.o(.text)
    TIM1_TRG_COM_IRQHandler                  0x0800020f   Thumb Code     0  startup_stm32f10x_cl.o(.text)
    TIM1_UP_IRQHandler                       0x0800020f   Thumb Code     0  startup_stm32f10x_cl.o(.text)
    TIM2_IRQHandler                          0x0800020f   Thumb Code     0  startup_stm32f10x_cl.o(.text)
    TIM3_IRQHandler                          0x0800020f   Thumb Code     0  startup_stm32f10x_cl.o(.text)
    TIM4_IRQHandler                          0x0800020f   Thumb Code     0  startup_stm32f10x_cl.o(.text)
    TIM5_IRQHandler                          0x0800020f   Thumb Code     0  startup_stm32f10x_cl.o(.text)
    TIM6_IRQHandler                          0x0800020f   Thumb Code     0  startup_stm32f10x_cl.o(.text)
    TIM7_IRQHandler                          0x0800020f   Thumb Code     0  startup_stm32f10x_cl.o(.text)
    UART4_IRQHandler                         0x0800020f   Thumb Code     0  startup_stm32f10x_cl.o(.text)
    UART5_IRQHandler                         0x0800020f   Thumb Code     0  startup_stm32f10x_cl.o(.text)
    USART1_IRQHandler                        0x0800020f   Thumb Code     0  startup_stm32f10x_cl.o(.text)
    USART2_IRQHandler                        0x0800020f   Thumb Code     0  startup_stm32f10x_cl.o(.text)
    USART3_IRQHandler                        0x0800020f   Thumb Code     0  startup_stm32f10x_cl.o(.text)
    WWDG_IRQHandler                          0x0800020f   Thumb Code     0  startup_stm32f10x_cl.o(.text)
    __user_initial_stackheap                 0x08000211   Thumb Code     0  startup_stm32f10x_cl.o(.text)
    __use_no_semihosting                     0x08000235   Thumb Code     2  use_no_semi_2.o(.text)
    __2printf                                0x08000239   Thumb Code    20  noretval__2printf.o(.text)
    __printf                                 0x08000251   Thumb Code   104  __printf.o(.text)
    _printf_str                              0x080002b9   Thumb Code    82  _printf_str.o(.text)
    __aeabi_memcpy                           0x0800030b   Thumb Code     0  rt_memcpy_v6.o(.text)
    __rt_memcpy                              0x0800030b   Thumb Code   138  rt_memcpy_v6.o(.text)
    _memcpy_lastbytes                        0x08000371   Thumb Code     0  rt_memcpy_v6.o(.text)
    __aeabi_memclr4                          0x08000395   Thumb Code     0  rt_memclr_w.o(.text)
    __aeabi_memclr8                          0x08000395   Thumb Code     0  rt_memclr_w.o(.text)
    __rt_memclr_w                            0x08000395   Thumb Code    78  rt_memclr_w.o(.text)
    _memset_w                                0x08000399   Thumb Code     0  rt_memclr_w.o(.text)
    strcmp                                   0x080003e5   Thumb Code   128  strcmpv7m.o(.text)
    __use_two_region_memory                  0x08000465   Thumb Code     2  heapauxi.o(.text)
    __rt_heap_escrow$2region                 0x08000467   Thumb Code     2  heapauxi.o(.text)
    __rt_heap_expand$2region                 0x08000469   Thumb Code     2  heapauxi.o(.text)
    __I$use$semihosting                      0x0800046b   Thumb Code     0  use_no_semi.o(.text)
    __use_no_semihosting_swi                 0x0800046b   Thumb Code     2  use_no_semi.o(.text)
    _printf_char_common                      0x08000477   Thumb Code    32  _printf_char_common.o(.text)
    _printf_cs_common                        0x0800049d   Thumb Code    20  _printf_char.o(.text)
    _printf_char                             0x080004b1   Thumb Code    16  _printf_char.o(.text)
    _printf_string                           0x080004c1   Thumb Code     8  _printf_char.o(.text)
    _printf_char_file                        0x080004c9   Thumb Code    32  _printf_char_file.o(.text)
    __aeabi_memcpy4                          0x080004ed   Thumb Code     0  rt_memcpy_w.o(.text)
    __aeabi_memcpy8                          0x080004ed   Thumb Code     0  rt_memcpy_w.o(.text)
    __rt_memcpy_w                            0x080004ed   Thumb Code   100  rt_memcpy_w.o(.text)
    _memcpy_lastbytes_aligned                0x08000535   Thumb Code     0  rt_memcpy_w.o(.text)
    ferror                                   0x08000551   Thumb Code     8  ferror.o(.text)
    __user_setup_stackheap                   0x08000559   Thumb Code    74  sys_stackheap_outer.o(.text)
    exit                                     0x080005a3   Thumb Code    18  exit.o(.text)
    __user_libspace                          0x080005b5   Thumb Code     8  libspace.o(.text)
    __user_perproc_libspace                  0x080005b5   Thumb Code     0  libspace.o(.text)
    __user_perthread_libspace                0x080005b5   Thumb Code     0  libspace.o(.text)
    DataPackage                              0x080005bd   Thumb Code    50  stm32f107.o(i.DataPackage)
    DataUnPackage                            0x080005ef   Thumb Code    34  stm32f107.o(i.DataUnPackage)
    Delay                                    0x08000611   Thumb Code    10  delay.o(i.Delay)
    ETH_DMAClearITPendingBit                 0x0800061d   Thumb Code     6  stm32_eth.o(i.ETH_DMAClearITPendingBit)
    ETH_DMAITConfig                          0x08000629   Thumb Code    26  stm32_eth.o(i.ETH_DMAITConfig)
    ETH_DMAReceptionCmd                      0x08000649   Thumb Code    30  stm32_eth.o(i.ETH_DMAReceptionCmd)
    ETH_DMARxDescChainInit                   0x0800066d   Thumb Code    76  stm32_eth.o(i.ETH_DMARxDescChainInit)
    ETH_DMARxDescReceiveITConfig             0x080006c1   Thumb Code    22  stm32_eth.o(i.ETH_DMARxDescReceiveITConfig)
    ETH_DMATransmissionCmd                   0x080006d9   Thumb Code    30  stm32_eth.o(i.ETH_DMATransmissionCmd)
    ETH_DMATxDescChainInit                   0x080006fd   Thumb Code    70  stm32_eth.o(i.ETH_DMATxDescChainInit)
    ETH_DMATxDescChecksumInsertionConfig     0x0800074d   Thumb Code     8  stm32_eth.o(i.ETH_DMATxDescChecksumInsertionConfig)
    ETH_DeInit                               0x08000755   Thumb Code    22  stm32_eth.o(i.ETH_DeInit)
    ETH_FlushTransmitFIFO                    0x08000789   Thumb Code    14  stm32_eth.o(i.ETH_FlushTransmitFIFO)
    ETH_GetCurrentTxBuffer                   0x0800079d   Thumb Code     8  ethernetif.o(i.ETH_GetCurrentTxBuffer)
    ETH_GetDMARxDescFrameLength              0x080007a9   Thumb Code    10  stm32_eth.o(i.ETH_GetDMARxDescFrameLength)
    ETH_GetRxPktSize                         0x080007b5   Thumb Code    66  stm32_eth.o(i.ETH_GetRxPktSize)
    ETH_GetSoftwareResetStatus               0x080007fd   Thumb Code    20  stm32_eth.o(i.ETH_GetSoftwareResetStatus)
    ETH_IRQHandler                           0x08000815   Thumb Code    32  stm32f10x_it.o(i.ETH_IRQHandler)
    ETH_Init                                 0x08000835   Thumb Code   578  stm32_eth.o(i.ETH_Init)
    ETH_MACAddressConfig                     0x08000a9d   Thumb Code    46  stm32_eth.o(i.ETH_MACAddressConfig)
    ETH_MACReceptionCmd                      0x08000ad1   Thumb Code    30  stm32_eth.o(i.ETH_MACReceptionCmd)
    ETH_MACTransmissionCmd                   0x08000af5   Thumb Code    30  stm32_eth.o(i.ETH_MACTransmissionCmd)
    ETH_ReadPHYRegister                      0x08000b19   Thumb Code    98  stm32_eth.o(i.ETH_ReadPHYRegister)
    ETH_RxPkt_ChainMode                      0x08000b85   Thumb Code   148  ethernetif.o(i.ETH_RxPkt_ChainMode)
    ETH_SoftwareReset                        0x08000c21   Thumb Code    14  stm32_eth.o(i.ETH_SoftwareReset)
    ETH_Start                                0x08000c35   Thumb Code    32  stm32_eth.o(i.ETH_Start)
    ETH_StructInit                           0x08000c55   Thumb Code   170  stm32_eth.o(i.ETH_StructInit)
    ETH_TxPkt_ChainMode                      0x08000d01   Thumb Code    94  ethernetif.o(i.ETH_TxPkt_ChainMode)
    ETH_WritePHYRegister                     0x08000d69   Thumb Code    96  stm32_eth.o(i.ETH_WritePHYRegister)
    Ethernet_Configuration                   0x08000dd1   Thumb Code   190  stm32f107.o(i.Ethernet_Configuration)
    GPIOB_Config                             0x08000ea5   Thumb Code    90  gpiox.o(i.GPIOB_Config)
    GPIO_Config                              0x08000f09   Thumb Code     8  gpiox.o(i.GPIO_Config)
    GPIO_Configuration                       0x08000f11   Thumb Code   164  stm32f107.o(i.GPIO_Configuration)
    GPIO_ETH_MediaInterfaceConfig            0x08000fc1   Thumb Code     6  stm32f10x_gpio.o(i.GPIO_ETH_MediaInterfaceConfig)
    GPIO_Init                                0x08000fcd   Thumb Code   278  stm32f10x_gpio.o(i.GPIO_Init)
    LwIP_Init                                0x080010e5   Thumb Code    94  netconf.o(i.LwIP_Init)
    LwIP_Pkt_Handle                          0x0800115d   Thumb Code    10  netconf.o(i.LwIP_Pkt_Handle)
    My_Error                                 0x0800116d   Thumb Code    14  main.o(i.My_Error)
    NVIC_Configuration                       0x08001185   Thumb Code    50  stm32f107.o(i.NVIC_Configuration)
    NVIC_Init                                0x080011b9   Thumb Code   100  misc.o(i.NVIC_Init)
    NVIC_PriorityGroupConfig                 0x08001229   Thumb Code    10  misc.o(i.NVIC_PriorityGroupConfig)
    NVIC_SetVectorTable                      0x08001265   Thumb Code    12  misc.o(i.NVIC_SetVectorTable)
    RCC_AHBPeriphClockCmd                    0x08001279   Thumb Code    26  stm32f10x_rcc.o(i.RCC_AHBPeriphClockCmd)
    RCC_AHBPeriphResetCmd                    0x08001299   Thumb Code    26  stm32f10x_rcc.o(i.RCC_AHBPeriphResetCmd)
    RCC_APB2PeriphClockCmd                   0x080012b9   Thumb Code    26  stm32f10x_rcc.o(i.RCC_APB2PeriphClockCmd)
    RCC_GetClocksFreq                        0x080012d9   Thumb Code   374  stm32f10x_rcc.o(i.RCC_GetClocksFreq)
    RCC_GetFlagStatus                        0x08001469   Thumb Code    56  stm32f10x_rcc.o(i.RCC_GetFlagStatus)
    RCC_MCOConfig                            0x080014a5   Thumb Code     6  stm32f10x_rcc.o(i.RCC_MCOConfig)
    RCC_PLL3Cmd                              0x080014b1   Thumb Code     6  stm32f10x_rcc.o(i.RCC_PLL3Cmd)
    RCC_PLL3Config                           0x080014bd   Thumb Code    18  stm32f10x_rcc.o(i.RCC_PLL3Config)
    Set_MAC_Address                          0x080015f5   Thumb Code    40  ethernetif.o(i.Set_MAC_Address)
    SysTick_Handler                          0x08001621   Thumb Code    68  stm32f10x_it.o(i.SysTick_Handler)
    SystemInit                               0x08001679   Thumb Code    92  system_stm32f10x.o(i.SystemInit)
    System_Setup                             0x080016e5   Thumb Code   108  stm32f107.o(i.System_Setup)
    Time_Update                              0x08001751   Thumb Code    12  main.o(i.Time_Update)
    USART_GetFlagStatus                      0x08001761   Thumb Code    26  stm32f10x_usart.o(i.USART_GetFlagStatus)
    USART_SendData                           0x0800177b   Thumb Code     8  stm32f10x_usart.o(i.USART_SendData)
    _sys_exit                                0x08001783   Thumb Code     6  usart.o(i._sys_exit)
    delay_nop                                0x08001789   Thumb Code    18  secure.o(i.delay_nop)
    etharp_arp_input                         0x0800179b   Thumb Code   306  etharp.o(i.etharp_arp_input)
    etharp_ip_input                          0x080018cd   Thumb Code    58  etharp.o(i.etharp_ip_input)
    etharp_output                            0x08001909   Thumb Code   190  etharp.o(i.etharp_output)
    etharp_query                             0x080019cd   Thumb Code   436  etharp.o(i.etharp_query)
    etharp_request                           0x08001c51   Thumb Code    36  etharp.o(i.etharp_request)
    ethernet_input                           0x08001ccb   Thumb Code   106  etharp.o(i.ethernet_input)
    ethernetif_init                          0x08001d35   Thumb Code    68  ethernetif.o(i.ethernetif_init)
    ethernetif_input                         0x08001d81   Thumb Code    44  ethernetif.o(i.ethernetif_input)
    fputc                                    0x08001fb1   Thumb Code    32  usart.o(i.fputc)
    htonl                                    0x08002015   Thumb Code    26  inet.o(i.htonl)
    htons                                    0x0800202f   Thumb Code    12  inet.o(i.htons)
    icmp_dest_unreach                        0x0800203b   Thumb Code    18  icmp.o(i.icmp_dest_unreach)
    icmp_input                               0x0800204d   Thumb Code   404  icmp.o(i.icmp_input)
    icmp_time_exceeded                       0x08002257   Thumb Code    18  icmp.o(i.icmp_time_exceeded)
    inet_chksum                              0x08002269   Thumb Code    20  inet_chksum.o(i.inet_chksum)
    inet_chksum_pbuf                         0x0800227d   Thumb Code    86  inet_chksum.o(i.inet_chksum_pbuf)
    init_i2c                                 0x080022d5   Thumb Code    16  secure.o(i.init_i2c)
    ip_addr_isbroadcast                      0x080022ed   Thumb Code    78  ip_addr.o(i.ip_addr_isbroadcast)
    ip_frag                                  0x0800233d   Thumb Code   326  ip_frag.o(i.ip_frag)
    ip_input                                 0x08002489   Thumb Code   398  ip.o(i.ip_input)
    ip_output                                0x08002625   Thumb Code    52  ip.o(i.ip_output)
    ip_output_if                             0x08002659   Thumb Code   256  ip.o(i.ip_output_if)
    ip_reass                                 0x0800275d   Thumb Code   400  ip_frag.o(i.ip_reass)
    ip_route                                 0x08002c4d   Thumb Code    70  ip.o(i.ip_route)
    main                                     0x08002e35   Thumb Code   164  main.o(i.main)
    mem_free                                 0x08002f0d   Thumb Code   106  mem.o(i.mem_free)
    mem_init                                 0x08002f85   Thumb Code    80  mem.o(i.mem_init)
    mem_malloc                               0x08002fe9   Thumb Code   290  mem.o(i.mem_malloc)
    mem_realloc                              0x08003119   Thumb Code   316  mem.o(i.mem_realloc)
    memp_free                                0x08003261   Thumb Code    38  memp.o(i.memp_free)
    memp_init                                0x0800328d   Thumb Code    82  memp.o(i.memp_init)
    memp_malloc                              0x080032f1   Thumb Code    54  memp.o(i.memp_malloc)
    netif_add                                0x0800332d   Thumb Code    96  netif.o(i.netif_add)
    netif_is_up                              0x08003395   Thumb Code    12  netif.o(i.netif_is_up)
    netif_set_addr                           0x080033a1   Thumb Code    40  netif.o(i.netif_set_addr)
    netif_set_default                        0x080033c9   Thumb Code     6  netif.o(i.netif_set_default)
    netif_set_gw                             0x080033d5   Thumb Code    12  netif.o(i.netif_set_gw)
    netif_set_ipaddr                         0x080033e1   Thumb Code   110  netif.o(i.netif_set_ipaddr)
    netif_set_netmask                        0x08003459   Thumb Code    12  netif.o(i.netif_set_netmask)
    netif_set_up                             0x08003465   Thumb Code    44  netif.o(i.netif_set_up)
    ntohl                                    0x08003491   Thumb Code    12  inet.o(i.ntohl)
    ntohs                                    0x0800349d   Thumb Code    12  inet.o(i.ntohs)
    pbuf_alloc                               0x080034a9   Thumb Code   542  pbuf.o(i.pbuf_alloc)
    pbuf_cat                                 0x080036c7   Thumb Code    80  pbuf.o(i.pbuf_cat)
    pbuf_chain                               0x08003717   Thumb Code    22  pbuf.o(i.pbuf_chain)
    pbuf_clen                                0x0800372d   Thumb Code    18  pbuf.o(i.pbuf_clen)
    pbuf_copy                                0x0800373f   Thumb Code   220  pbuf.o(i.pbuf_copy)
    pbuf_copy_partial                        0x0800381b   Thumb Code   154  pbuf.o(i.pbuf_copy_partial)
    pbuf_free                                0x080038b5   Thumb Code   152  pbuf.o(i.pbuf_free)
    pbuf_header                              0x0800394d   Thumb Code   140  pbuf.o(i.pbuf_header)
    pbuf_realloc                             0x080039d9   Thumb Code   176  pbuf.o(i.pbuf_realloc)
    pbuf_ref                                 0x08003a89   Thumb Code    10  pbuf.o(i.pbuf_ref)
    raw_input                                0x08003b49   Thumb Code   100  raw.o(i.raw_input)
    read_sec                                 0x08003bb1   Thumb Code   568  secure.o(i.read_sec)
    tcp_abandon                              0x08003df1   Thumb Code   148  tcp.o(i.tcp_abandon)
    tcp_alloc                                0x08003e8d   Thumb Code   166  tcp.o(i.tcp_alloc)
    tcp_arg                                  0x08003f41   Thumb Code     4  tcp.o(i.tcp_arg)
    tcp_close                                0x08003f45   Thumb Code   242  tcp.o(i.tcp_close)
    tcp_connect                              0x08004049   Thumb Code   278  tcp.o(i.tcp_connect)
    tcp_echoclient_connect                   0x0800416d   Thumb Code    46  tcpclient.o(i.tcp_echoclient_connect)
    tcp_echoclient_connection_close          0x08004219   Thumb Code    54  tcpclient.o(i.tcp_echoclient_connection_close)
    tcp_echoclient_recv                      0x08004295   Thumb Code   198  tcpclient.o(i.tcp_echoclient_recv)
    tcp_echoclient_send                      0x08004399   Thumb Code    80  tcpclient.o(i.tcp_echoclient_send)
    tcp_eff_send_mss                         0x08004407   Thumb Code    46  tcp.o(i.tcp_eff_send_mss)
    tcp_enqueue                              0x08004435   Thumb Code  1068  tcp_out.o(i.tcp_enqueue)
    tcp_input                                0x08004861   Thumb Code  1166  tcp_in.o(i.tcp_input)
    tcp_new                                  0x08004ed1   Thumb Code    10  tcp.o(i.tcp_new)
    tcp_next_iss                             0x08004f55   Thumb Code    20  tcp.o(i.tcp_next_iss)
    tcp_output                               0x08004f71   Thumb Code   610  tcp_out.o(i.tcp_output)
    tcp_pcb_purge                            0x080053e1   Thumb Code    54  tcp.o(i.tcp_pcb_purge)
    tcp_pcb_remove                           0x08005419   Thumb Code   170  tcp.o(i.tcp_pcb_remove)
    tcp_poll                                 0x080054c9   Thumb Code    10  tcp.o(i.tcp_poll)
    tcp_recv                                 0x08006181   Thumb Code     6  tcp.o(i.tcp_recv)
    tcp_recved                               0x080061af   Thumb Code    86  tcp.o(i.tcp_recved)
    tcp_rexmit                               0x08006205   Thumb Code    86  tcp_out.o(i.tcp_rexmit)
    tcp_rst                                  0x0800625b   Thumb Code   174  tcp_out.o(i.tcp_rst)
    tcp_seg_free                             0x08006309   Thumb Code    32  tcp.o(i.tcp_seg_free)
    tcp_segs_free                            0x08006329   Thumb Code    30  tcp.o(i.tcp_segs_free)
    tcp_send_ctrl                            0x08006347   Thumb Code    28  tcp_out.o(i.tcp_send_ctrl)
    tcp_sent                                 0x08006363   Thumb Code     6  tcp.o(i.tcp_sent)
    tcp_update_rcv_ann_wnd                   0x080063b9   Thumb Code    56  tcp.o(i.tcp_update_rcv_ann_wnd)
    tcp_write                                0x080063f1   Thumb Code    72  tcp_out.o(i.tcp_write)
    udp_input                                0x08006439   Thumb Code   408  udp.o(i.udp_input)
    write_sec                                0x080066cd   Thumb Code   144  secure.o(i.write_sec)
    ethbroadcast                             0x08006764   Data           6  etharp.o(.constdata)
    ethzero                                  0x0800676a   Data           6  etharp.o(.constdata)
    Region$$Table$$Base                      0x08006794   Number         0  anon$$obj.o(Region$$Table)
    Region$$Table$$Limit                     0x080067b4   Number         0  anon$$obj.o(Region$$Table)
    ConnectTime                              0x20000000   Data           1  stm32f10x_it.o(.data)
    LocalTime                                0x20000004   Data           4  main.o(.data)
    leng                                     0x20000008   Data           1  main.o(.data)
    leng_1                                   0x20000009   Data           1  main.o(.data)
    leng_2                                   0x2000000a   Data           1  main.o(.data)
    IT_Begin                                 0x2000000b   Data           1  main.o(.data)
    Tcp_write                                0x2000000c   Data           4  main.o(.data)
    TCP_ClientFlag                           0x20000010   Data           1  tcpclient.o(.data)
    RX_Flag                                  0x20000011   Data           1  tcpclient.o(.data)
    echoclient_pcb                           0x20000014   Data           4  tcpclient.o(.data)
    memtoryES                                0x20000018   Data           4  tcpclient.o(.data)
    __stdout                                 0x2000001c   Data           4  usart.o(.data)
    DMATxDescToSet                           0x20000020   Data           4  stm32_eth.o(.data)
    DMARxDescToGet                           0x20000024   Data           4  stm32_eth.o(.data)
    DMAPTPTxDescToSet                        0x20000028   Data           4  stm32_eth.o(.data)
    DMAPTPRxDescToGet                        0x2000002c   Data           4  stm32_eth.o(.data)
    tcp_end_time                             0x20000034   Data           4  ethernetif.o(.data)
    arp_end_time                             0x20000038   Data           4  ethernetif.o(.data)
    MACaddr                                  0x2000003c   Data           6  ethernetif.o(.data)
    DMATxDesc                                0x20000044   Data           4  ethernetif.o(.data)
    netif_list                               0x20000058   Data           4  netif.o(.data)
    netif_default                            0x2000005c   Data           4  netif.o(.data)
    tcp_ticks                                0x20000068   Data           4  tcp.o(.data)
    tcp_bound_pcbs                           0x2000006c   Data           4  tcp.o(.data)
    tcp_listen_pcbs                          0x20000070   Data           4  tcp.o(.data)
    tcp_active_pcbs                          0x20000074   Data           4  tcp.o(.data)
    tcp_tw_pcbs                              0x20000078   Data           4  tcp.o(.data)
    tcp_tmp_pcb                              0x2000007c   Data           4  tcp.o(.data)
    tcp_input_pcb                            0x200000a4   Data           4  tcp_in.o(.data)
    udp_pcbs                                 0x200000a8   Data           4  udp.o(.data)
    buf_1                                    0x200000d4   Data         200  main.o(.bss)
    buf                                      0x2000019c   Data         200  main.o(.bss)
    buf_2                                    0x20000264   Data         200  main.o(.bss)
    netif                                    0x2000032c   Data          48  netconf.o(.bss)
    RX_buffer                                0x2000035c   Data         200  tcpclient.o(.bss)
    DMARxDscrTab                             0x200004ec   Data          64  ethernetif.o(.bss)
    DMATxDscrTab                             0x2000052c   Data          32  ethernetif.o(.bss)
    Rx_Buff                                  0x2000054c   Data        6080  ethernetif.o(.bss)
    Tx_Buff                                  0x20001d0c   Data        3040  ethernetif.o(.bss)
    __libspace_start                         0x2000c5a4   Data          96  libspace.o(.bss)
    __temporary_stack_top$libspace           0x2000c604   Data           0  libspace.o(.bss)



==============================================================================

Memory Map of the image

  Image Entry point : 0x08000151

  Load Region LR_IROM1 (Base: 0x08000000, Size: 0x00006888, Max: 0x00040000, ABSOLUTE)

    Execution Region ER_IROM1 (Base: 0x08000000, Size: 0x000067b4, Max: 0x00040000, ABSOLUTE)

    Base Addr    Size         Type   Attr      Idx    E Section Name        Object

    0x08000000   0x00000150   Data   RO         4630    RESET               startup_stm32f10x_cl.o
    0x08000150   0x00000008   Code   RO         4720  * !!!main             c_w.l(__main.o)
    0x08000158   0x00000034   Code   RO         4894    !!!scatter          c_w.l(__scatter.o)
    0x0800018c   0x0000001a   Code   RO         4896    !!handler_copy      c_w.l(__scatter_copy.o)
    0x080001a6   0x00000002   PAD
    0x080001a8   0x0000001c   Code   RO         4898    !!handler_zi        c_w.l(__scatter_zi.o)
    0x080001c4   0x00000000   Code   RO         4709    .ARM.Collect$$_printf_percent$$00000000  c_w.l(_printf_percent.o)
    0x080001c4   0x00000006   Code   RO         4707    .ARM.Collect$$_printf_percent$$00000014  c_w.l(_printf_s.o)
    0x080001ca   0x00000004   Code   RO         4735    .ARM.Collect$$_printf_percent$$00000017  c_w.l(_printf_percent_end.o)
    0x080001ce   0x00000002   Code   RO         4768    .ARM.Collect$$libinit$$00000000  c_w.l(libinit.o)
    0x080001d0   0x00000000   Code   RO         4775    .ARM.Collect$$libinit$$00000002  c_w.l(libinit2.o)
    0x080001d0   0x00000000   Code   RO         4777    .ARM.Collect$$libinit$$00000004  c_w.l(libinit2.o)
    0x080001d0   0x00000000   Code   RO         4780    .ARM.Collect$$libinit$$0000000A  c_w.l(libinit2.o)
    0x080001d0   0x00000000   Code   RO         4782    .ARM.Collect$$libinit$$0000000C  c_w.l(libinit2.o)
    0x080001d0   0x00000000   Code   RO         4784    .ARM.Collect$$libinit$$0000000E  c_w.l(libinit2.o)
    0x080001d0   0x00000000   Code   RO         4787    .ARM.Collect$$libinit$$00000011  c_w.l(libinit2.o)
    0x080001d0   0x00000000   Code   RO         4789    .ARM.Collect$$libinit$$00000013  c_w.l(libinit2.o)
    0x080001d0   0x00000000   Code   RO         4791    .ARM.Collect$$libinit$$00000015  c_w.l(libinit2.o)
    0x080001d0   0x00000000   Code   RO         4793    .ARM.Collect$$libinit$$00000017  c_w.l(libinit2.o)
    0x080001d0   0x00000000   Code   RO         4795    .ARM.Collect$$libinit$$00000019  c_w.l(libinit2.o)
    0x080001d0   0x00000000   Code   RO         4797    .ARM.Collect$$libinit$$0000001B  c_w.l(libinit2.o)
    0x080001d0   0x00000000   Code   RO         4799    .ARM.Collect$$libinit$$0000001D  c_w.l(libinit2.o)
    0x080001d0   0x00000000   Code   RO         4801    .ARM.Collect$$libinit$$0000001F  c_w.l(libinit2.o)
    0x080001d0   0x00000000   Code   RO         4803    .ARM.Collect$$libinit$$00000021  c_w.l(libinit2.o)
    0x080001d0   0x00000000   Code   RO         4805    .ARM.Collect$$libinit$$00000023  c_w.l(libinit2.o)
    0x080001d0   0x00000000   Code   RO         4807    .ARM.Collect$$libinit$$00000025  c_w.l(libinit2.o)
    0x080001d0   0x00000000   Code   RO         4811    .ARM.Collect$$libinit$$0000002C  c_w.l(libinit2.o)
    0x080001d0   0x00000000   Code   RO         4813    .ARM.Collect$$libinit$$0000002E  c_w.l(libinit2.o)
    0x080001d0   0x00000000   Code   RO         4815    .ARM.Collect$$libinit$$00000030  c_w.l(libinit2.o)
    0x080001d0   0x00000000   Code   RO         4817    .ARM.Collect$$libinit$$00000032  c_w.l(libinit2.o)
    0x080001d0   0x00000002   Code   RO         4818    .ARM.Collect$$libinit$$00000033  c_w.l(libinit2.o)
    0x080001d2   0x00000002   Code   RO         4836    .ARM.Collect$$libshutdown$$00000000  c_w.l(libshutdown.o)
    0x080001d4   0x00000000   Code   RO         4846    .ARM.Collect$$libshutdown$$00000002  c_w.l(libshutdown2.o)
    0x080001d4   0x00000000   Code   RO         4848    .ARM.Collect$$libshutdown$$00000004  c_w.l(libshutdown2.o)
    0x080001d4   0x00000000   Code   RO         4851    .ARM.Collect$$libshutdown$$00000007  c_w.l(libshutdown2.o)
    0x080001d4   0x00000000   Code   RO         4854    .ARM.Collect$$libshutdown$$0000000A  c_w.l(libshutdown2.o)
    0x080001d4   0x00000000   Code   RO         4856    .ARM.Collect$$libshutdown$$0000000C  c_w.l(libshutdown2.o)
    0x080001d4   0x00000000   Code   RO         4859    .ARM.Collect$$libshutdown$$0000000F  c_w.l(libshutdown2.o)
    0x080001d4   0x00000002   Code   RO         4860    .ARM.Collect$$libshutdown$$00000010  c_w.l(libshutdown2.o)
    0x080001d6   0x00000000   Code   RO         4724    .ARM.Collect$$rtentry$$00000000  c_w.l(__rtentry.o)
    0x080001d6   0x00000000   Code   RO         4739    .ARM.Collect$$rtentry$$00000002  c_w.l(__rtentry2.o)
    0x080001d6   0x00000006   Code   RO         4751    .ARM.Collect$$rtentry$$00000004  c_w.l(__rtentry4.o)
    0x080001dc   0x00000000   Code   RO         4741    .ARM.Collect$$rtentry$$00000009  c_w.l(__rtentry2.o)
    0x080001dc   0x00000004   Code   RO         4742    .ARM.Collect$$rtentry$$0000000A  c_w.l(__rtentry2.o)
    0x080001e0   0x00000000   Code   RO         4744    .ARM.Collect$$rtentry$$0000000C  c_w.l(__rtentry2.o)
    0x080001e0   0x00000008   Code   RO         4745    .ARM.Collect$$rtentry$$0000000D  c_w.l(__rtentry2.o)
    0x080001e8   0x00000002   Code   RO         4772    .ARM.Collect$$rtexit$$00000000  c_w.l(rtexit.o)
    0x080001ea   0x00000000   Code   RO         4820    .ARM.Collect$$rtexit$$00000002  c_w.l(rtexit2.o)
    0x080001ea   0x00000004   Code   RO         4821    .ARM.Collect$$rtexit$$00000003  c_w.l(rtexit2.o)
    0x080001ee   0x00000006   Code   RO         4822    .ARM.Collect$$rtexit$$00000004  c_w.l(rtexit2.o)
    0x080001f4   0x00000040   Code   RO         4631    .text               startup_stm32f10x_cl.o
    0x08000234   0x00000002   Code   RO         4671    .text               c_w.l(use_no_semi_2.o)
    0x08000236   0x00000002   PAD
    0x08000238   0x00000018   Code   RO         4677    .text               c_w.l(noretval__2printf.o)
    0x08000250   0x00000068   Code   RO         4681    .text               c_w.l(__printf.o)
    0x080002b8   0x00000052   Code   RO         4683    .text               c_w.l(_printf_str.o)
    0x0800030a   0x0000008a   Code   RO         4710    .text               c_w.l(rt_memcpy_v6.o)
    0x08000394   0x0000004e   Code   RO         4714    .text               c_w.l(rt_memclr_w.o)
    0x080003e2   0x00000002   PAD
    0x080003e4   0x00000080   Code   RO         4716    .text               c_w.l(strcmpv7m.o)
    0x08000464   0x00000006   Code   RO         4718    .text               c_w.l(heapauxi.o)
    0x0800046a   0x00000002   Code   RO         4722    .text               c_w.l(use_no_semi.o)
    0x0800046c   0x00000030   Code   RO         4727    .text               c_w.l(_printf_char_common.o)
    0x0800049c   0x0000002c   Code   RO         4731    .text               c_w.l(_printf_char.o)
    0x080004c8   0x00000024   Code   RO         4733    .text               c_w.l(_printf_char_file.o)
    0x080004ec   0x00000064   Code   RO         4736    .text               c_w.l(rt_memcpy_w.o)
    0x08000550   0x00000008   Code   RO         4755    .text               c_w.l(ferror.o)
    0x08000558   0x0000004a   Code   RO         4759    .text               c_w.l(sys_stackheap_outer.o)
    0x080005a2   0x00000012   Code   RO         4761    .text               c_w.l(exit.o)
    0x080005b4   0x00000008   Code   RO         4769    .text               c_w.l(libspace.o)
    0x080005bc   0x00000032   Code   RO          525    i.DataPackage       stm32f107.o
    0x080005ee   0x00000022   Code   RO          526    i.DataUnPackage     stm32f107.o
    0x08000610   0x0000000a   Code   RO          242    i.Delay             delay.o
    0x0800061a   0x00000002   PAD
    0x0800061c   0x0000000c   Code   RO          767    i.ETH_DMAClearITPendingBit  stm32_eth.o
    0x08000628   0x00000020   Code   RO          768    i.ETH_DMAITConfig   stm32_eth.o
    0x08000648   0x00000024   Code   RO          771    i.ETH_DMAReceptionCmd  stm32_eth.o
    0x0800066c   0x00000054   Code   RO          772    i.ETH_DMARxDescChainInit  stm32_eth.o
    0x080006c0   0x00000016   Code   RO          774    i.ETH_DMARxDescReceiveITConfig  stm32_eth.o
    0x080006d6   0x00000002   PAD
    0x080006d8   0x00000024   Code   RO          777    i.ETH_DMATransmissionCmd  stm32_eth.o
    0x080006fc   0x00000050   Code   RO          780    i.ETH_DMATxDescChainInit  stm32_eth.o
    0x0800074c   0x00000008   Code   RO          781    i.ETH_DMATxDescChecksumInsertionConfig  stm32_eth.o
    0x08000754   0x00000016   Code   RO          789    i.ETH_DeInit        stm32_eth.o
    0x0800076a   0x0000001c   Code   RO          790    i.ETH_Delay         stm32_eth.o
    0x08000786   0x00000002   PAD
    0x08000788   0x00000014   Code   RO          795    i.ETH_FlushTransmitFIFO  stm32_eth.o
    0x0800079c   0x0000000c   Code   RO         1466    i.ETH_GetCurrentTxBuffer  ethernetif.o
    0x080007a8   0x0000000a   Code   RO          806    i.ETH_GetDMARxDescFrameLength  stm32_eth.o
    0x080007b2   0x00000002   PAD
    0x080007b4   0x00000048   Code   RO          821    i.ETH_GetRxPktSize  stm32_eth.o
    0x080007fc   0x00000018   Code   RO          822    i.ETH_GetSoftwareResetStatus  stm32_eth.o
    0x08000814   0x00000020   Code   RO            3    i.ETH_IRQHandler    stm32f10x_it.o
    0x08000834   0x00000268   Code   RO          829    i.ETH_Init          stm32_eth.o
    0x08000a9c   0x00000034   Code   RO          832    i.ETH_MACAddressConfig  stm32_eth.o
    0x08000ad0   0x00000024   Code   RO          837    i.ETH_MACReceptionCmd  stm32_eth.o
    0x08000af4   0x00000024   Code   RO          838    i.ETH_MACTransmissionCmd  stm32_eth.o
    0x08000b18   0x0000006c   Code   RO          849    i.ETH_ReadPHYRegister  stm32_eth.o
    0x08000b84   0x0000009c   Code   RO         1467    i.ETH_RxPkt_ChainMode  ethernetif.o
    0x08000c20   0x00000014   Code   RO          860    i.ETH_SoftwareReset  stm32_eth.o
    0x08000c34   0x00000020   Code   RO          861    i.ETH_Start         stm32_eth.o
    0x08000c54   0x000000aa   Code   RO          862    i.ETH_StructInit    stm32_eth.o
    0x08000cfe   0x00000002   PAD
    0x08000d00   0x00000068   Code   RO         1468    i.ETH_TxPkt_ChainMode  ethernetif.o
    0x08000d68   0x00000068   Code   RO          864    i.ETH_WritePHYRegister  stm32_eth.o
    0x08000dd0   0x000000d4   Code   RO          527    i.Ethernet_Configuration  stm32f107.o
    0x08000ea4   0x00000064   Code   RO          224    i.GPIOB_Config      gpiox.o
    0x08000f08   0x00000008   Code   RO          225    i.GPIO_Config       gpiox.o
    0x08000f10   0x000000b0   Code   RO          528    i.GPIO_Configuration  stm32f107.o
    0x08000fc0   0x0000000c   Code   RO         4082    i.GPIO_ETH_MediaInterfaceConfig  stm32f10x_gpio.o
    0x08000fcc   0x00000116   Code   RO         4086    i.GPIO_Init         stm32f10x_gpio.o
    0x080010e2   0x00000002   PAD
    0x080010e4   0x00000078   Code   RO          468    i.LwIP_Init         netconf.o
    0x0800115c   0x00000010   Code   RO          470    i.LwIP_Pkt_Handle   netconf.o
    0x0800116c   0x00000018   Code   RO          283    i.My_Error          main.o
    0x08001184   0x00000032   Code   RO          529    i.NVIC_Configuration  stm32f107.o
    0x080011b6   0x00000002   PAD
    0x080011b8   0x00000070   Code   RO         3798    i.NVIC_Init         misc.o
    0x08001228   0x00000014   Code   RO         3799    i.NVIC_PriorityGroupConfig  misc.o
    0x0800123c   0x00000028   Code   RO          530    i.NVIC_SetPriority  stm32f107.o
    0x08001264   0x00000014   Code   RO         3800    i.NVIC_SetVectorTable  misc.o
    0x08001278   0x00000020   Code   RO         4195    i.RCC_AHBPeriphClockCmd  stm32f10x_rcc.o
    0x08001298   0x00000020   Code   RO         4196    i.RCC_AHBPeriphResetCmd  stm32f10x_rcc.o
    0x080012b8   0x00000020   Code   RO         4199    i.RCC_APB2PeriphClockCmd  stm32f10x_rcc.o
    0x080012d8   0x00000190   Code   RO         4207    i.RCC_GetClocksFreq  stm32f10x_rcc.o
    0x08001468   0x0000003c   Code   RO         4208    i.RCC_GetFlagStatus  stm32f10x_rcc.o
    0x080014a4   0x0000000c   Code   RO         4219    i.RCC_MCOConfig     stm32f10x_rcc.o
    0x080014b0   0x0000000c   Code   RO         4225    i.RCC_PLL3Cmd       stm32f10x_rcc.o
    0x080014bc   0x00000018   Code   RO         4226    i.RCC_PLL3Config    stm32f10x_rcc.o
    0x080014d4   0x00000008   Code   RO         4635    i.SetSysClock       system_stm32f10x.o
    0x080014dc   0x00000118   Code   RO         4636    i.SetSysClockTo72   system_stm32f10x.o
    0x080015f4   0x0000002c   Code   RO         1469    i.Set_MAC_Address   ethernetif.o
    0x08001620   0x00000058   Code   RO           10    i.SysTick_Handler   stm32f10x_it.o
    0x08001678   0x0000006c   Code   RO         4638    i.SystemInit        system_stm32f10x.o
    0x080016e4   0x0000006c   Code   RO          531    i.System_Setup      stm32f107.o
    0x08001750   0x00000010   Code   RO          285    i.Time_Update       main.o
    0x08001760   0x0000001a   Code   RO         4455    i.USART_GetFlagStatus  stm32f10x_usart.o
    0x0800177a   0x00000008   Code   RO         4469    i.USART_SendData    stm32f10x_usart.o
    0x08001782   0x00000006   Code   RO          639    i._sys_exit         usart.o
    0x08001788   0x00000012   Code   RO          735    i.delay_nop         secure.o
    0x0800179a   0x00000132   Code   RO         1373    i.etharp_arp_input  etharp.o
    0x080018cc   0x0000003a   Code   RO         1375    i.etharp_ip_input   etharp.o
    0x08001906   0x00000002   PAD
    0x08001908   0x000000c4   Code   RO         1376    i.etharp_output     etharp.o
    0x080019cc   0x000001b8   Code   RO         1377    i.etharp_query      etharp.o
    0x08001b84   0x000000ca   Code   RO         1378    i.etharp_raw        etharp.o
    0x08001c4e   0x00000002   PAD
    0x08001c50   0x0000002c   Code   RO         1379    i.etharp_request    etharp.o
    0x08001c7c   0x0000004e   Code   RO         1380    i.etharp_send_ip    etharp.o
    0x08001cca   0x0000006a   Code   RO         1382    i.ethernet_input    etharp.o
    0x08001d34   0x0000004c   Code   RO         1470    i.ethernetif_init   ethernetif.o
    0x08001d80   0x0000002c   Code   RO         1471    i.ethernetif_input  ethernetif.o
    0x08001dac   0x00000204   Code   RO         1383    i.find_entry        etharp.o
    0x08001fb0   0x00000024   Code   RO          640    i.fputc             usart.o
    0x08001fd4   0x00000040   Code   RO         1384    i.free_etharp_q     etharp.o
    0x08002014   0x0000001a   Code   RO         2360    i.htonl             inet.o
    0x0800202e   0x0000000c   Code   RO         2361    i.htons             inet.o
    0x0800203a   0x00000012   Code   RO         2325    i.icmp_dest_unreach  icmp.o
    0x0800204c   0x00000194   Code   RO         2326    i.icmp_input        icmp.o
    0x080021e0   0x00000076   Code   RO         2327    i.icmp_send_response  icmp.o
    0x08002256   0x00000012   Code   RO         2328    i.icmp_time_exceeded  icmp.o
    0x08002268   0x00000014   Code   RO         2409    i.inet_chksum       inet_chksum.o
    0x0800227c   0x00000056   Code   RO         2410    i.inet_chksum_pbuf  inet_chksum.o
    0x080022d2   0x00000002   PAD
    0x080022d4   0x00000018   Code   RO          736    i.init_i2c          secure.o
    0x080022ec   0x0000004e   Code   RO         2489    i.ip_addr_isbroadcast  ip_addr.o
    0x0800233a   0x00000002   PAD
    0x0800233c   0x0000014c   Code   RO         2511    i.ip_frag           ip_frag.o
    0x08002488   0x0000019c   Code   RO         2447    i.ip_input          ip.o
    0x08002624   0x00000034   Code   RO         2448    i.ip_output         ip.o
    0x08002658   0x00000104   Code   RO         2449    i.ip_output_if      ip.o
    0x0800275c   0x00000198   Code   RO         2512    i.ip_reass          ip_frag.o
    0x080028f4   0x000001a8   Code   RO         2513    i.ip_reass_chain_frag_into_datagram_and_validate  ip_frag.o
    0x08002a9c   0x00000034   Code   RO         2514    i.ip_reass_dequeue_datagram  ip_frag.o
    0x08002ad0   0x00000054   Code   RO         2515    i.ip_reass_enqueue_new_datagram  ip_frag.o
    0x08002b24   0x000000ac   Code   RO         2516    i.ip_reass_free_complete_datagram  ip_frag.o
    0x08002bd0   0x0000007c   Code   RO         2517    i.ip_reass_remove_oldest_datagram  ip_frag.o
    0x08002c4c   0x00000050   Code   RO         2450    i.ip_route          ip.o
    0x08002c9c   0x000000a4   Code   RO         1472    i.low_level_init    ethernetif.o
    0x08002d40   0x00000074   Code   RO         1473    i.low_level_input   ethernetif.o
    0x08002db4   0x00000034   Code   RO         1474    i.low_level_output  ethernetif.o
    0x08002de8   0x0000004a   Code   RO         2412    i.lwip_standard_chksum  inet_chksum.o
    0x08002e32   0x00000002   PAD
    0x08002e34   0x000000d8   Code   RO          286    i.main              main.o
    0x08002f0c   0x00000078   Code   RO         1622    i.mem_free          mem.o
    0x08002f84   0x00000064   Code   RO         1623    i.mem_init          mem.o
    0x08002fe8   0x00000130   Code   RO         1624    i.mem_malloc        mem.o
    0x08003118   0x00000148   Code   RO         1625    i.mem_realloc       mem.o
    0x08003260   0x0000002c   Code   RO         1665    i.memp_free         memp.o
    0x0800328c   0x00000064   Code   RO         1666    i.memp_init         memp.o
    0x080032f0   0x0000003c   Code   RO         1667    i.memp_malloc       memp.o
    0x0800332c   0x00000068   Code   RO         1707    i.netif_add         netif.o
    0x08003394   0x0000000c   Code   RO         1709    i.netif_is_up       netif.o
    0x080033a0   0x00000028   Code   RO         1711    i.netif_set_addr    netif.o
    0x080033c8   0x0000000c   Code   RO         1712    i.netif_set_default  netif.o
    0x080033d4   0x0000000c   Code   RO         1714    i.netif_set_gw      netif.o
    0x080033e0   0x00000078   Code   RO         1715    i.netif_set_ipaddr  netif.o
    0x08003458   0x0000000c   Code   RO         1716    i.netif_set_netmask  netif.o
    0x08003464   0x0000002c   Code   RO         1717    i.netif_set_up      netif.o
    0x08003490   0x0000000c   Code   RO         2365    i.ntohl             inet.o
    0x0800349c   0x0000000c   Code   RO         2366    i.ntohs             inet.o
    0x080034a8   0x0000021e   Code   RO         1785    i.pbuf_alloc        pbuf.o
    0x080036c6   0x00000050   Code   RO         1786    i.pbuf_cat          pbuf.o
    0x08003716   0x00000016   Code   RO         1787    i.pbuf_chain        pbuf.o
    0x0800372c   0x00000012   Code   RO         1788    i.pbuf_clen         pbuf.o
    0x0800373e   0x000000dc   Code   RO         1790    i.pbuf_copy         pbuf.o
    0x0800381a   0x0000009a   Code   RO         1791    i.pbuf_copy_partial  pbuf.o
    0x080038b4   0x00000098   Code   RO         1793    i.pbuf_free         pbuf.o
    0x0800394c   0x0000008c   Code   RO         1794    i.pbuf_header       pbuf.o
    0x080039d8   0x000000b0   Code   RO         1795    i.pbuf_realloc      pbuf.o
    0x08003a88   0x0000000a   Code   RO         1796    i.pbuf_ref          pbuf.o
    0x08003a92   0x00000002   PAD
    0x08003a94   0x000000b4   Code   RO         1626    i.plug_holes        mem.o
    0x08003b48   0x00000068   Code   RO         1874    i.raw_input         raw.o
    0x08003bb0   0x00000240   Code   RO          737    i.read_sec          secure.o
    0x08003df0   0x0000009c   Code   RO         1940    i.tcp_abandon       tcp.o
    0x08003e8c   0x000000b4   Code   RO         1943    i.tcp_alloc         tcp.o
    0x08003f40   0x00000004   Code   RO         1944    i.tcp_arg           tcp.o
    0x08003f44   0x00000104   Code   RO         1946    i.tcp_close         tcp.o
    0x08004048   0x00000124   Code   RO         1947    i.tcp_connect       tcp.o
    0x0800416c   0x0000003c   Code   RO          585    i.tcp_echoclient_connect  tcpclient.o
    0x080041a8   0x00000070   Code   RO          586    i.tcp_echoclient_connected  tcpclient.o
    0x08004218   0x0000003c   Code   RO          587    i.tcp_echoclient_connection_close  tcpclient.o
    0x08004254   0x0000003e   Code   RO          588    i.tcp_echoclient_poll  tcpclient.o
    0x08004292   0x00000002   PAD
    0x08004294   0x00000104   Code   RO          589    i.tcp_echoclient_recv  tcpclient.o
    0x08004398   0x00000050   Code   RO          590    i.tcp_echoclient_send  tcpclient.o
    0x080043e8   0x0000001e   Code   RO          591    i.tcp_echoclient_sent  tcpclient.o
    0x08004406   0x0000002e   Code   RO         1948    i.tcp_eff_send_mss  tcp.o
    0x08004434   0x0000042c   Code   RO         2177    i.tcp_enqueue       tcp_out.o
    0x08004860   0x000004a8   Code   RO         2129    i.tcp_input         tcp_in.o
    0x08004d08   0x00000058   Code   RO         1951    i.tcp_kill_prio     tcp.o
    0x08004d60   0x0000003c   Code   RO         1952    i.tcp_kill_timewait  tcp.o
    0x08004d9c   0x00000134   Code   RO         2130    i.tcp_listen_input  tcp_in.o
    0x08004ed0   0x0000000a   Code   RO         1954    i.tcp_new           tcp.o
    0x08004eda   0x00000002   PAD
    0x08004edc   0x00000078   Code   RO         1955    i.tcp_new_port      tcp.o
    0x08004f54   0x0000001c   Code   RO         1956    i.tcp_next_iss      tcp.o
    0x08004f70   0x00000268   Code   RO         2179    i.tcp_output        tcp_out.o
    0x080051d8   0x000000cc   Code   RO         2180    i.tcp_output_segment  tcp_out.o
    0x080052a4   0x00000084   Code   RO         2181    i.tcp_output_set_header  tcp_out.o
    0x08005328   0x000000b8   Code   RO         2131    i.tcp_parseopt      tcp_in.o
    0x080053e0   0x00000036   Code   RO         1957    i.tcp_pcb_purge     tcp.o
    0x08005416   0x00000002   PAD
    0x08005418   0x000000b0   Code   RO         1958    i.tcp_pcb_remove    tcp.o
    0x080054c8   0x0000000a   Code   RO         1959    i.tcp_poll          tcp.o
    0x080054d2   0x00000002   PAD
    0x080054d4   0x000005ac   Code   RO         2132    i.tcp_process       tcp_in.o
    0x08005a80   0x00000700   Code   RO         2133    i.tcp_receive       tcp_in.o
    0x08006180   0x00000006   Code   RO         1960    i.tcp_recv          tcp.o
    0x08006186   0x00000028   Code   RO         1961    i.tcp_recv_null     tcp.o
    0x080061ae   0x00000056   Code   RO         1962    i.tcp_recved        tcp.o
    0x08006204   0x00000056   Code   RO         2182    i.tcp_rexmit        tcp_out.o
    0x0800625a   0x000000ae   Code   RO         2184    i.tcp_rst           tcp_out.o
    0x08006308   0x00000020   Code   RO         1963    i.tcp_seg_free      tcp.o
    0x08006328   0x0000001e   Code   RO         1964    i.tcp_segs_free     tcp.o
    0x08006346   0x0000001c   Code   RO         2185    i.tcp_send_ctrl     tcp_out.o
    0x08006362   0x00000006   Code   RO         1965    i.tcp_sent          tcp.o
    0x08006368   0x00000050   Code   RO         2134    i.tcp_timewait_input  tcp_in.o
    0x080063b8   0x00000038   Code   RO         1969    i.tcp_update_rcv_ann_wnd  tcp.o
    0x080063f0   0x00000048   Code   RO         2186    i.tcp_write         tcp_out.o
    0x08006438   0x0000019c   Code   RO         2250    i.udp_input         udp.o
    0x080065d4   0x000000f8   Code   RO         1385    i.update_arp_entry  etharp.o
    0x080066cc   0x00000098   Code   RO          738    i.write_sec         secure.o
    0x08006764   0x0000000c   Data   RO         1387    .constdata          etharp.o
    0x08006770   0x00000024   Data   RO         1669    .constdata          memp.o
    0x08006794   0x00000020   Data   RO         4892    Region$$Table       anon$$obj.o


    Execution Region RW_IRAM1 (Base: 0x20000000, Size: 0x0000cc08, Max: 0x00010000, ABSOLUTE)

    Base Addr    Size         Type   Attr      Idx    E Section Name        Object

    0x20000000   0x00000001   Data   RW           12    .data               stm32f10x_it.o
    0x20000001   0x00000003   PAD
    0x20000004   0x0000000c   Data   RW          288    .data               main.o
    0x20000010   0x0000000c   Data   RW          593    .data               tcpclient.o
    0x2000001c   0x00000004   Data   RW          641    .data               usart.o
    0x20000020   0x00000010   Data   RW          865    .data               stm32_eth.o
    0x20000030   0x00000001   Data   RW         1388    .data               etharp.o
    0x20000031   0x00000003   PAD
    0x20000034   0x00000014   Data   RW         1476    .data               ethernetif.o
    0x20000048   0x0000000d   Data   RW         1628    .data               mem.o
    0x20000055   0x00000003   PAD
    0x20000058   0x00000009   Data   RW         1718    .data               netif.o
    0x20000061   0x00000003   PAD
    0x20000064   0x00000004   Data   RW         1880    .data               raw.o
    0x20000068   0x00000020   Data   RW         1971    .data               tcp.o
    0x20000088   0x00000020   Data   RW         2136    .data               tcp_in.o
    0x200000a8   0x00000004   Data   RW         2257    .data               udp.o
    0x200000ac   0x0000000a   Data   RW         2451    .data               ip.o
    0x200000b6   0x00000002   PAD
    0x200000b8   0x00000006   Data   RW         2520    .data               ip_frag.o
    0x200000be   0x00000014   Data   RW         4235    .data               stm32f10x_rcc.o
    0x200000d2   0x00000002   PAD
    0x200000d4   0x00000258   Zero   RW          287    .bss                main.o
    0x2000032c   0x00000030   Zero   RW          471    .bss                netconf.o
    0x2000035c   0x000000c8   Zero   RW          592    .bss                tcpclient.o
    0x20000424   0x000000c8   Zero   RW         1386    .bss                etharp.o
    0x200004ec   0x00002400   Zero   RW         1475    .bss                ethernetif.o
    0x200028ec   0x00005014   Zero   RW         1627    .bss                mem.o
    0x20007900   0x000046af   Zero   RW         1668    .bss                memp.o
    0x2000bfaf   0x00000001   PAD
    0x2000bfb0   0x00000014   Zero   RW         2135    .bss                tcp_in.o
    0x2000bfc4   0x000005e0   Zero   RW         2519    .bss                ip_frag.o
    0x2000c5a4   0x00000060   Zero   RW         4770    .bss                c_w.l(libspace.o)
    0x2000c604   0x00000004   PAD
    0x2000c608   0x00000200   Zero   RW         4629    HEAP                startup_stm32f10x_cl.o
    0x2000c808   0x00000400   Zero   RW         4628    STACK               startup_stm32f10x_cl.o


==============================================================================

Image component sizes


      Code (inc. data)   RO Data    RW Data    ZI Data      Debug   Object Name

        10          0          0          0          0        440   delay.o
      2258         32         12          1        200      11789   etharp.o
       768         62          0         20       9216       7220   ethernetif.o
       108         10          0          0          0        925   gpiox.o
       558          0          0          0          0       3538   icmp.o
        62          0          0          0          0       1984   inet.o
       180          0          0          0          0       5281   inet_chksum.o
         0          0          0          0          0        620   init.o
       804         28          0         10          0       4477   ip.o
        78          0          0          0          0       4941   ip_addr.o
      1596         42          0          6       1504       7657   ip_frag.o
       256         66          0         12        600       2665   main.o
      1032         72          0         13      20500       4705   mem.o
       204         30         36          0      18095       3498   memp.o
       152         30          0          0          0       2193   misc.o
       136         32          0          0         48       3327   netconf.o
       356         24          0          9          0       6671   netif.o
      1514          0          0          0          0       7485   pbuf.o
       104          4          0          4          0       1472   raw.o
       770         24          0          0          0       2426   secure.o
        64         26        336          0       1536        808   startup_stm32f10x_cl.o
      1660        138          0         16          0      13878   stm32_eth.o
       670         42          0          0          0      19095   stm32f107.o
       290          6          0          0          0       2600   stm32f10x_gpio.o
       120         20          0          1          0     305718   stm32f10x_it.o
       604         66          0         20          0       8292   stm32f10x_rcc.o
        34          0          0          0          0       2683   stm32f10x_usart.o
         0          0          0          0          0         32   sys.o
       396         32          0          0          0       1921   system_stm32f10x.o
      1740        110          0         32          0      20972   tcp.o
      5008        250          0         32         20      14516   tcp_in.o
      2380         16          0          0          0       7998   tcp_out.o
       664         94          0         12        200       5311   tcpclient.o
       412          4          0          4          0       3067   udp.o
        42          4          0          4          0       2778   usart.o

    ----------------------------------------------------------------------
     25064       1264        416        212      51920     492983   Object Totals
         0          0         32          0          0          0   (incl. Generated)
        34          0          0         16          1          0   (incl. Padding)

    ----------------------------------------------------------------------

      Code (inc. data)   RO Data    RW Data    ZI Data      Debug   Library Member Name

         8          0          0          0          0         68   __main.o
       104          0          0          0          0         84   __printf.o
         0          0          0          0          0          0   __rtentry.o
        12          0          0          0          0          0   __rtentry2.o
         6          0          0          0          0          0   __rtentry4.o
        52          8          0          0          0          0   __scatter.o
        26          0          0          0          0          0   __scatter_copy.o
        28          0          0          0          0          0   __scatter_zi.o
        44          0          0          0          0        108   _printf_char.o
        48          6          0          0          0         96   _printf_char_common.o
        36          4          0          0          0         80   _printf_char_file.o
         0          0          0          0          0          0   _printf_percent.o
         4          0          0          0          0          0   _printf_percent_end.o
         6          0          0          0          0          0   _printf_s.o
        82          0          0          0          0         80   _printf_str.o
        18          0          0          0          0         80   exit.o
         8          0          0          0          0         68   ferror.o
         6          0          0          0          0        152   heapauxi.o
         2          0          0          0          0          0   libinit.o
         2          0          0          0          0          0   libinit2.o
         2          0          0          0          0          0   libshutdown.o
         2          0          0          0          0          0   libshutdown2.o
         8          4          0          0         96         68   libspace.o
        24          4          0          0          0         84   noretval__2printf.o
        78          0          0          0          0         80   rt_memclr_w.o
       138          0          0          0          0         68   rt_memcpy_v6.o
       100          0          0          0          0         80   rt_memcpy_w.o
         2          0          0          0          0          0   rtexit.o
        10          0          0          0          0          0   rtexit2.o
       128          0          0          0          0         68   strcmpv7m.o
        74          0          0          0          0         80   sys_stackheap_outer.o
         2          0          0          0          0         68   use_no_semi.o
         2          0          0          0          0         68   use_no_semi_2.o

    ----------------------------------------------------------------------
      1068         26          0          0        100       1480   Library Totals
         6          0          0          0          4          0   (incl. Padding)

    ----------------------------------------------------------------------

      Code (inc. data)   RO Data    RW Data    ZI Data      Debug   Library Name

      1062         26          0          0         96       1480   c_w.l

    ----------------------------------------------------------------------
      1068         26          0          0        100       1480   Library Totals

    ----------------------------------------------------------------------

==============================================================================


      Code (inc. data)   RO Data    RW Data    ZI Data      Debug   

     26132       1290        416        212      52020     484787   Grand Totals
     26132       1290        416        212      52020     484787   ELF Image Totals
     26132       1290        416        212          0          0   ROM Totals

==============================================================================

    Total RO  Size (Code + RO Data)                26548 (  25.93kB)
    Total RW  Size (RW Data + ZI Data)             52232 (  51.01kB)
    Total ROM Size (Code + RO Data + RW Data)      26760 (  26.13kB)

==============================================================================

