Component: ARM Compiler 5.05 update 2 (build 169) Tool: armlink [4d0f33]

==============================================================================

Section Cross References

    usb_core.o(i.DataStageIn) refers to usb_regs.o(i.GetEPTxAddr) for GetEPTxAddr
    usb_core.o(i.DataStageIn) refers to usb_mem.o(i.UserToPMABufferCopy) for UserToPMABufferCopy
    usb_core.o(i.DataStageIn) refers to usb_regs.o(i.SetEPTxCount) for SetEPTxCount
    usb_core.o(i.DataStageIn) refers to usb_init.o(.data) for pInformation
    usb_core.o(i.DataStageIn) refers to usb_int.o(.data) for SaveTState
    usb_core.o(i.DataStageOut) refers to usb_regs.o(i.GetEPRxAddr) for GetEPRxAddr
    usb_core.o(i.DataStageOut) refers to usb_mem.o(i.PMAToUserBufferCopy) for PMAToUserBufferCopy
    usb_core.o(i.DataStageOut) refers to usb_regs.o(i.SetEPTxCount) for SetEPTxCount
    usb_core.o(i.DataStageOut) refers to usb_init.o(.data) for pInformation
    usb_core.o(i.DataStageOut) refers to usb_int.o(.data) for SaveRState
    usb_core.o(i.Data_Setup0) refers to usb_core.o(i.DataStageIn) for DataStageIn
    usb_core.o(i.Data_Setup0) refers to usb_init.o(.data) for pInformation
    usb_core.o(i.Data_Setup0) refers to usb_core.o(i.Standard_GetStatus) for Standard_GetStatus
    usb_core.o(i.Data_Setup0) refers to usb_prop.o(.data) for Device_Table
    usb_core.o(i.Data_Setup0) refers to usb_core.o(i.Standard_GetConfiguration) for Standard_GetConfiguration
    usb_core.o(i.Data_Setup0) refers to usb_core.o(i.Standard_GetInterface) for Standard_GetInterface
    usb_core.o(i.Data_Setup0) refers to usb_int.o(.data) for SaveRState
    usb_core.o(i.In0_Process) refers to usb_core.o(i.DataStageIn) for DataStageIn
    usb_core.o(i.In0_Process) refers to usb_core.o(i.SetDeviceAddress) for SetDeviceAddress
    usb_core.o(i.In0_Process) refers to usb_core.o(i.Post0_Process) for Post0_Process
    usb_core.o(i.In0_Process) refers to usb_init.o(.data) for pInformation
    usb_core.o(i.NoData_Setup0) refers to usb_core.o(i.Standard_SetConfiguration) for Standard_SetConfiguration
    usb_core.o(i.NoData_Setup0) refers to usb_core.o(i.Standard_SetDeviceFeature) for Standard_SetDeviceFeature
    usb_core.o(i.NoData_Setup0) refers to usb_core.o(i.Standard_ClearFeature) for Standard_ClearFeature
    usb_core.o(i.NoData_Setup0) refers to usb_core.o(i.Standard_SetInterface) for Standard_SetInterface
    usb_core.o(i.NoData_Setup0) refers to usb_core.o(i.Standard_SetEndPointFeature) for Standard_SetEndPointFeature
    usb_core.o(i.NoData_Setup0) refers to usb_init.o(.data) for pInformation
    usb_core.o(i.NoData_Setup0) refers to usb_int.o(.data) for SaveTState
    usb_core.o(i.Out0_Process) refers to usb_core.o(i.DataStageOut) for DataStageOut
    usb_core.o(i.Out0_Process) refers to usb_core.o(i.Post0_Process) for Post0_Process
    usb_core.o(i.Out0_Process) refers to usb_init.o(.data) for pInformation
    usb_core.o(i.Post0_Process) refers to usb_regs.o(i.SetEPRxCount) for SetEPRxCount
    usb_core.o(i.Post0_Process) refers to usb_prop.o(.data) for Device_Property
    usb_core.o(i.Post0_Process) refers to usb_init.o(.data) for pInformation
    usb_core.o(i.Post0_Process) refers to usb_int.o(.data) for SaveRState
    usb_core.o(i.SetDeviceAddress) refers to usb_prop.o(.data) for Device_Table
    usb_core.o(i.Setup0_Process) refers to usb_regs.o(i.ByteSwap) for ByteSwap
    usb_core.o(i.Setup0_Process) refers to usb_core.o(i.NoData_Setup0) for NoData_Setup0
    usb_core.o(i.Setup0_Process) refers to usb_core.o(i.Data_Setup0) for Data_Setup0
    usb_core.o(i.Setup0_Process) refers to usb_core.o(i.Post0_Process) for Post0_Process
    usb_core.o(i.Setup0_Process) refers to usb_init.o(.data) for pInformation
    usb_core.o(i.Standard_ClearFeature) refers to usb_regs.o(i.ClearDTOG_TX) for ClearDTOG_TX
    usb_core.o(i.Standard_ClearFeature) refers to usb_regs.o(i.SetEPTxStatus) for SetEPTxStatus
    usb_core.o(i.Standard_ClearFeature) refers to usb_regs.o(i.SetEPRxCount) for SetEPRxCount
    usb_core.o(i.Standard_ClearFeature) refers to usb_regs.o(i.ClearDTOG_RX) for ClearDTOG_RX
    usb_core.o(i.Standard_ClearFeature) refers to usb_init.o(.data) for pInformation
    usb_core.o(i.Standard_ClearFeature) refers to usb_prop.o(.data) for Device_Table
    usb_core.o(i.Standard_GetConfiguration) refers to usb_init.o(.data) for pInformation
    usb_core.o(i.Standard_GetDescriptorData) refers to usb_init.o(.data) for pInformation
    usb_core.o(i.Standard_GetInterface) refers to usb_init.o(.data) for pInformation
    usb_core.o(i.Standard_GetStatus) refers to usb_init.o(.data) for pInformation
    usb_core.o(i.Standard_GetStatus) refers to usb_core.o(.data) for StatusInfo
    usb_core.o(i.Standard_SetConfiguration) refers to usb_init.o(.data) for pInformation
    usb_core.o(i.Standard_SetConfiguration) refers to usb_prop.o(.data) for Device_Table
    usb_core.o(i.Standard_SetDeviceFeature) refers to usb_init.o(.data) for pInformation
[...]
    _get_argv_nomalloc.o(.text) refers to sys_command.o(.text) for _sys_command_string
    libshutdown.o(.ARM.Collect$$libshutdown$$00000000) refers (Special) to libshutdown2.o(.ARM.Collect$$libshutdown$$00000006) for __rt_lib_shutdown_fp_trap_1
    libshutdown.o(.ARM.Collect$$libshutdown$$00000000) refers (Special) to libshutdown2.o(.ARM.Collect$$libshutdown$$0000000E) for __rt_lib_shutdown_heap_1
    libshutdown.o(.ARM.Collect$$libshutdown$$00000000) refers (Special) to libshutdown2.o(.ARM.Collect$$libshutdown$$0000000F) for __rt_lib_shutdown_return
    libshutdown.o(.ARM.Collect$$libshutdown$$00000000) refers (Special) to libshutdown2.o(.ARM.Collect$$libshutdown$$00000009) for __rt_lib_shutdown_signal_1
    libshutdown.o(.ARM.Collect$$libshutdown$$00000000) refers (Special) to libshutdown2.o(.ARM.Collect$$libshutdown$$00000003) for __rt_lib_shutdown_stdio_1
    libshutdown.o(.ARM.Collect$$libshutdown$$00000000) refers (Special) to libshutdown2.o(.ARM.Collect$$libshutdown$$0000000B) for __rt_lib_shutdown_user_alloc_1
    sys_command.o(.text) refers (Special) to use_no_semi.o(.text) for __I$use$semihosting
    sys_command.o(.text) refers (Special) to indicate_semi.o(.text) for __semihosting_library_function
    defsig_rtmem_outer.o(.text) refers to defsig_rtmem_inner.o(.text) for __rt_SIGRTMEM_inner
    defsig_rtmem_outer.o(.text) refers to defsig_exit.o(.text) for __sig_exit
    defsig_rtmem_formal.o(.text) refers to rt_raise.o(.text) for __rt_raise
    rt_raise.o(.text) refers to __raise.o(.text) for __raise
    rt_raise.o(.text) refers to sys_exit.o(.text) for _sys_exit
    defsig_exit.o(.text) refers to sys_exit.o(.text) for _sys_exit
    defsig_rtmem_inner.o(.text) refers to defsig_general.o(.text) for __default_signal_display
    __raise.o(.text) refers to defsig.o(CL$$defsig) for __default_signal_handler
    defsig_general.o(.text) refers to sys_wrch.o(.text) for _ttywrch
    sys_wrch.o(.text) refers (Special) to use_no_semi.o(.text) for __I$use$semihosting
    sys_wrch.o(.text) refers (Special) to indicate_semi.o(.text) for __semihosting_library_function
    defsig.o(CL$$defsig) refers to defsig_rtmem_inner.o(.text) for __rt_SIGRTMEM_inner
    defsig_abrt_inner.o(.text) refers to defsig_general.o(.text) for __default_signal_display
    defsig_fpe_inner.o(.text) refers to defsig_general.o(.text) for __default_signal_display
    defsig_rtred_inner.o(.text) refers to defsig_general.o(.text) for __default_signal_display
    defsig_stak_inner.o(.text) refers to defsig_general.o(.text) for __default_signal_display
    defsig_pvfn_inner.o(.text) refers to defsig_general.o(.text) for __default_signal_display
    defsig_cppl_inner.o(.text) refers to defsig_general.o(.text) for __default_signal_display
    defsig_segv_inner.o(.text) refers to defsig_general.o(.text) for __default_signal_display
    defsig_other.o(.text) refers to defsig_general.o(.text) for __default_signal_display


==============================================================================

Removing Unused input sections from the image.

    Removing usb_core.o(.rev16_text), (4 bytes).
    Removing usb_core.o(.revsh_text), (4 bytes).
    Removing usb_core.o(.rrx_text), (6 bytes).
    Removing usb_core.o(i.DataStageIn), (140 bytes).
    Removing usb_core.o(i.DataStageOut), (188 bytes).
    Removing usb_core.o(i.Data_Setup0), (584 bytes).
    Removing usb_core.o(i.In0_Process), (112 bytes).
    Removing usb_core.o(i.NOP_Process), (2 bytes).
    Removing usb_core.o(i.NoData_Setup0), (324 bytes).
    Removing usb_core.o(i.Out0_Process), (80 bytes).
    Removing usb_core.o(i.Post0_Process), (72 bytes).
    Removing usb_core.o(i.SetDeviceAddress), (76 bytes).
    Removing usb_core.o(i.Setup0_Process), (176 bytes).
    Removing usb_core.o(i.Standard_ClearFeature), (348 bytes).
    Removing usb_core.o(i.Standard_GetConfiguration), (44 bytes).
    Removing usb_core.o(i.Standard_GetDescriptorData), (36 bytes).
    Removing usb_core.o(i.Standard_GetInterface), (44 bytes).
    Removing usb_core.o(i.Standard_GetStatus), (240 bytes).
    Removing usb_core.o(i.Standard_SetConfiguration), (72 bytes).
    Removing usb_core.o(i.Standard_SetDeviceFeature), (40 bytes).
    Removing usb_core.o(i.Standard_SetEndPointFeature), (192 bytes).
    Removing usb_core.o(i.Standard_SetInterface), (108 bytes).
    Removing usb_core.o(.data), (2 bytes).
    Removing usb_desc.o(.rev16_text), (4 bytes).
    Removing usb_desc.o(.revsh_text), (4 bytes).
    Removing usb_desc.o(.rrx_text), (6 bytes).
    Removing usb_desc.o(.constdata), (159 bytes).
    Removing usb_endp.o(.rev16_text), (4 bytes).
    Removing usb_endp.o(.revsh_text), (4 bytes).
    Removing usb_endp.o(.rrx_text), (6 bytes).
    Removing usb_endp.o(i.CRC_JiaoYan), (26 bytes).
    Removing usb_endp.o(i.EP1_IN_Callback), (2 bytes).
    Removing usb_endp.o(i.EP1_OUT_Callback), (560 bytes).
    Removing usb_endp.o(.bss), (128 bytes).
    Removing usb_init.o(.rev16_text), (4 bytes).
    Removing usb_init.o(.revsh_text), (4 bytes).
    Removing usb_init.o(.rrx_text), (6 bytes).
    Removing usb_init.o(i.USB_Init), (72 bytes).
    Removing usb_init.o(i.USB_NVIC_Config), (50 bytes).
    Removing usb_init.o(i.used_as_USB_pull_up), (60 bytes).
    Removing usb_init.o(.bss), (28 bytes).
    Removing usb_init.o(.data), (20 bytes).
    Removing usb_int.o(.rev16_text), (4 bytes).
    Removing usb_int.o(.revsh_text), (4 bytes).
    Removing usb_int.o(.rrx_text), (6 bytes).
    Removing usb_int.o(i.CTR_HP), (196 bytes).
    Removing usb_int.o(i.CTR_LP), (556 bytes).
    Removing usb_int.o(.data), (4 bytes).
    Removing usb_istr.o(.rev16_text), (4 bytes).
    Removing usb_istr.o(.revsh_text), (4 bytes).
    Removing usb_istr.o(.rrx_text), (6 bytes).
    Removing usb_istr.o(i.USB_Istr), (248 bytes).
    Removing usb_istr.o(.data), (60 bytes).
    Removing usb_mem.o(.rev16_text), (4 bytes).
    Removing usb_mem.o(.revsh_text), (4 bytes).
    Removing usb_mem.o(.rrx_text), (6 bytes).
    Removing usb_mem.o(i.PMAToUserBufferCopy), (40 bytes).
    Removing usb_prop.o(.rev16_text), (4 bytes).
    Removing usb_prop.o(.revsh_text), (4 bytes).
    Removing usb_prop.o(.rrx_text), (6 bytes).
    Removing usb_prop.o(i.Joystick_Data_Setup), (124 bytes).
    Removing usb_prop.o(i.Joystick_GetConfigDescriptor), (20 bytes).
    Removing usb_prop.o(i.Joystick_GetDeviceDescriptor), (20 bytes).
    Removing usb_prop.o(i.Joystick_GetHIDDescriptor), (20 bytes).
    Removing usb_prop.o(i.Joystick_GetProtocolValue), (28 bytes).
    Removing usb_prop.o(i.Joystick_GetReportDescriptor), (20 bytes).
    Removing usb_prop.o(i.Joystick_GetStringDescriptor), (32 bytes).
    Removing usb_prop.o(i.Joystick_Get_Interface_Setting), (22 bytes).
    Removing usb_prop.o(i.Joystick_NoData_Setup), (36 bytes).
    Removing usb_prop.o(i.Joystick_Reset), (176 bytes).
    Removing usb_prop.o(i.Joystick_SetProtocol), (24 bytes).
    Removing usb_prop.o(i.Joystick_Status_In), (2 bytes).
    Removing usb_prop.o(i.Joystick_Status_Out), (2 bytes).
    Removing usb_prop.o(i.Joystick_init), (92 bytes).
    Removing usb_prop.o(.data), (156 bytes).
    Removing usb_pwr.o(.rev16_text), (4 bytes).
    Removing usb_pwr.o(.revsh_text), (4 bytes).
    Removing usb_pwr.o(.rrx_text), (6 bytes).
    Removing usb_pwr.o(i.Enter_LowPowerMode), (2 bytes).
    Removing usb_pwr.o(i.Leave_LowPowerMode), (2 bytes).
    Removing usb_pwr.o(i.PowerOff), (32 bytes).
    Removing usb_pwr.o(i.PowerOn), (64 bytes).
    Removing usb_pwr.o(i.Resume), (176 bytes).
    Removing usb_pwr.o(i.Resume_Init), (36 bytes).
    Removing usb_pwr.o(i.Suspend), (40 bytes).
    Removing usb_pwr.o(i.USB_Cable_Config), (28 bytes).
    Removing usb_pwr.o(.data), (4 bytes).
    Removing usb_regs.o(.rev16_text), (4 bytes).
    Removing usb_regs.o(.revsh_text), (4 bytes).
    Removing usb_regs.o(.rrx_text), (6 bytes).
    Removing usb_regs.o(i.ByteSwap), (12 bytes).
    Removing usb_regs.o(i.ClearDTOG_RX), (52 bytes).
    Removing usb_regs.o(i.ClearDTOG_TX), (52 bytes).
    Removing usb_regs.o(i.ClearEPDoubleBuff), (32 bytes).
    Removing usb_regs.o(i.ClearEP_CTR_RX), (36 bytes).
    Removing usb_regs.o(i.ClearEP_CTR_TX), (32 bytes).
    Removing usb_regs.o(i.ClearEP_KIND), (32 bytes).
    Removing usb_regs.o(i.Clear_Status_Out), (32 bytes).
    Removing usb_regs.o(i.FreeUserBuffer), (80 bytes).
    Removing usb_regs.o(i.GetBTABLE), (12 bytes).
    Removing usb_regs.o(i.GetCNTR), (12 bytes).
    Removing usb_regs.o(i.GetDADDR), (12 bytes).
    Removing usb_regs.o(i.GetENDPOINT), (20 bytes).
    Removing usb_regs.o(i.GetEPAddress), (24 bytes).
    Removing usb_regs.o(i.GetEPDblBuf0Addr), (32 bytes).
    Removing usb_regs.o(i.GetEPDblBuf0Count), (36 bytes).
    Removing usb_regs.o(i.GetEPDblBuf1Addr), (32 bytes).
    Removing usb_regs.o(i.GetEPDblBuf1Count), (36 bytes).
    Removing usb_regs.o(i.GetEPDblBufDir), (72 bytes).
    Removing usb_regs.o(i.GetEPRxAddr), (32 bytes).
    Removing usb_regs.o(i.GetEPRxCount), (36 bytes).
    Removing usb_regs.o(i.GetEPRxStatus), (24 bytes).
    Removing usb_regs.o(i.GetEPTxCount), (36 bytes).
    Removing usb_regs.o(i.GetEPTxStatus), (24 bytes).
    Removing usb_regs.o(i.GetEPType), (24 bytes).
    Removing usb_regs.o(i.GetFNR), (12 bytes).
    Removing usb_regs.o(i.GetISTR), (12 bytes).
    Removing usb_regs.o(i.GetRxStallStatus), (36 bytes).
    Removing usb_regs.o(i.GetTxStallStatus), (32 bytes).
    Removing usb_regs.o(i.SetBTABLE), (16 bytes).
    Removing usb_regs.o(i.SetCNTR), (12 bytes).
    Removing usb_regs.o(i.SetDADDR), (12 bytes).
    Removing usb_regs.o(i.SetDouBleBuffEPStall), (60 bytes).
    Removing usb_regs.o(i.SetENDPOINT), (16 bytes).
    Removing usb_regs.o(i.SetEPAddress), (36 bytes).
    Removing usb_regs.o(i.SetEPCountRxReg), (48 bytes).
    Removing usb_regs.o(i.SetEPDblBuf0Addr), (32 bytes).
    Removing usb_regs.o(i.SetEPDblBuf0Count), (104 bytes).
    Removing usb_regs.o(i.SetEPDblBuf1Addr), (36 bytes).
    Removing usb_regs.o(i.SetEPDblBuf1Count), (104 bytes).
    Removing usb_regs.o(i.SetEPDblBuffAddr), (52 bytes).
    Removing usb_regs.o(i.SetEPDblBuffCount), (196 bytes).
    Removing usb_regs.o(i.SetEPDoubleBuff), (36 bytes).
    Removing usb_regs.o(i.SetEPRxAddr), (36 bytes).
    Removing usb_regs.o(i.SetEPRxCount), (76 bytes).
    Removing usb_regs.o(i.SetEPRxStatus), (56 bytes).
    Removing usb_regs.o(i.SetEPRxValid), (44 bytes).
    Removing usb_regs.o(i.SetEPTxAddr), (32 bytes).
    Removing usb_regs.o(i.SetEPTxStatus), (56 bytes).
    Removing usb_regs.o(i.SetEPType), (36 bytes).
    Removing usb_regs.o(i.SetEP_KIND), (36 bytes).
    Removing usb_regs.o(i.SetISTR), (12 bytes).
    Removing usb_regs.o(i.Set_Status_Out), (36 bytes).
    Removing usb_regs.o(i.ToWord), (8 bytes).
    Removing usb_regs.o(i.ToggleDTOG_RX), (36 bytes).
    Removing usb_regs.o(i.ToggleDTOG_TX), (36 bytes).
    Removing stm32f10x_it.o(.rev16_text), (4 bytes).
    Removing stm32f10x_it.o(.revsh_text), (4 bytes).
    Removing stm32f10x_it.o(.rrx_text), (6 bytes).
    Removing stm32f10x_it.o(i.BusFaultHbitandler), (4 bytes).
    Removing stm32f10x_it.o(i.DebugMonHbitandler), (2 bytes).
    Removing stm32f10x_it.o(i.HardFaultHbitandler), (4 bytes).
    Removing stm32f10x_it.o(i.MemManageHbitandler), (4 bytes).
    Removing stm32f10x_it.o(i.NMIHbitandler), (2 bytes).
    Removing stm32f10x_it.o(i.PendSVHbitandler), (2 bytes).
    Removing stm32f10x_it.o(i.SVCHbitandler), (2 bytes).
    Removing stm32f10x_it.o(i.SysTickHbitandler), (2 bytes).
    Removing stm32f10x_it.o(i.UsageFaultHbitandler), (4 bytes).
    Removing uasrt.o(.rev16_text), (4 bytes).
    Removing uasrt.o(.revsh_text), (4 bytes).
    Removing uasrt.o(.rrx_text), (6 bytes).
    Removing uasrt.o(i.USART1_NVIC_Config), (40 bytes).
    Removing gpiox.o(.rev16_text), (4 bytes).
    Removing gpiox.o(.revsh_text), (4 bytes).
    Removing gpiox.o(.rrx_text), (6 bytes).
    Removing delay.o(.rev16_text), (4 bytes).
    Removing delay.o(.revsh_text), (4 bytes).
    Removing delay.o(.rrx_text), (6 bytes).
    Removing delay.o(i.delay_ms), (60 bytes).
    Removing delay.o(i.delay_us), (60 bytes).
    Removing main.o(.rev16_text), (4 bytes).
    Removing main.o(.revsh_text), (4 bytes).
    Removing main.o(.rrx_text), (6 bytes).
    Removing tim.o(.rev16_text), (4 bytes).
    Removing tim.o(.revsh_text), (4 bytes).
    Removing tim.o(.rrx_text), (6 bytes).
    Removing tim.o(i.Tim2_NVIC_Config), (40 bytes).
    Removing tim.o(i.Tim2_init), (64 bytes).
    Removing sys.o(.rev16_text), (4 bytes).
    Removing sys.o(.revsh_text), (4 bytes).
    Removing sys.o(.rrx_text), (6 bytes).
    Removing sys.o(.emb_text), (2 bytes).
    Removing sys.o(i.Sys_Soft_Reset), (16 bytes).
    Removing sys.o(i.Sys_Standby), (76 bytes).
    Removing spi.o(.rev16_text), (4 bytes).
    Removing spi.o(.revsh_text), (4 bytes).
    Removing spi.o(.rrx_text), (6 bytes).
    Removing spi.o(i.SPIx_SetSpeed), (92 bytes).
    Removing secure.o(.rev16_text), (4 bytes).
    Removing secure.o(.revsh_text), (4 bytes).
    Removing secure.o(.rrx_text), (6 bytes).
    Removing thm3070.o(.rev16_text), (4 bytes).
    Removing thm3070.o(.revsh_text), (4 bytes).
    Removing thm3070.o(.rrx_text), (6 bytes).
    Removing thm3070.o(.data), (4 bytes).
    Removing misc.o(.rev16_text), (4 bytes).
    Removing misc.o(.revsh_text), (4 bytes).
    Removing misc.o(.rrx_text), (6 bytes).
    Removing misc.o(i.NVIC_SetVectorTable), (20 bytes).
    Removing misc.o(i.NVIC_SystemLPConfig), (32 bytes).
    Removing misc.o(i.SysTick_CLKSourceConfig), (40 bytes).
    Removing stm32f10x_dma.o(.rev16_text), (4 bytes).
    Removing stm32f10x_dma.o(.revsh_text), (4 bytes).
    Removing stm32f10x_dma.o(.rrx_text), (6 bytes).
    Removing stm32f10x_dma.o(i.DMA_ClearFlag), (28 bytes).
    Removing stm32f10x_dma.o(i.DMA_ClearITPendingBit), (28 bytes).
    Removing stm32f10x_dma.o(i.DMA_GetFlagStatus), (44 bytes).
    Removing stm32f10x_dma.o(i.DMA_GetITStatus), (44 bytes).
    Removing stm32f10x_dma.o(i.DMA_StructInit), (26 bytes).
    Removing stm32f10x_flash.o(.rev16_text), (4 bytes).
    Removing stm32f10x_flash.o(.revsh_text), (4 bytes).
    Removing stm32f10x_flash.o(.rrx_text), (6 bytes).
    Removing stm32f10x_flash.o(i.FLASH_ClearFlag), (12 bytes).
    Removing stm32f10x_flash.o(i.FLASH_EnableWriteProtection), (196 bytes).
    Removing stm32f10x_flash.o(i.FLASH_EraseAllBank1Pages), (72 bytes).
    Removing stm32f10x_flash.o(i.FLASH_EraseAllPages), (72 bytes).
    Removing stm32f10x_flash.o(i.FLASH_EraseOptionBytes), (168 bytes).
    Removing stm32f10x_flash.o(i.FLASH_ErasePage), (76 bytes).
    Removing stm32f10x_flash.o(i.FLASH_GetBank1Status), (52 bytes).
    Removing stm32f10x_flash.o(i.FLASH_GetFlagStatus), (48 bytes).
    Removing stm32f10x_flash.o(i.FLASH_GetPrefetchBufferStatus), (24 bytes).
    Removing stm32f10x_flash.o(i.FLASH_GetReadOutProtectionStatus), (24 bytes).
    Removing stm32f10x_flash.o(i.FLASH_GetStatus), (52 bytes).
    Removing stm32f10x_flash.o(i.FLASH_GetUserOptionByte), (12 bytes).
    Removing stm32f10x_flash.o(i.FLASH_GetWriteProtectionOptionByte), (12 bytes).
    Removing stm32f10x_flash.o(i.FLASH_HalfCycleAccessCmd), (28 bytes).
    Removing stm32f10x_flash.o(i.FLASH_ITConfig), (32 bytes).
    Removing stm32f10x_flash.o(i.FLASH_Lock), (20 bytes).
    Removing stm32f10x_flash.o(i.FLASH_LockBank1), (20 bytes).
    Removing stm32f10x_flash.o(i.FLASH_ProgramHalfWord), (64 bytes).
    Removing stm32f10x_flash.o(i.FLASH_ProgramOptionByteData), (84 bytes).
    Removing stm32f10x_flash.o(i.FLASH_ProgramWord), (108 bytes).
    Removing stm32f10x_flash.o(i.FLASH_ReadOutProtection), (172 bytes).
    Removing stm32f10x_flash.o(i.FLASH_Unlock), (24 bytes).
    Removing stm32f10x_flash.o(i.FLASH_UnlockBank1), (24 bytes).
    Removing stm32f10x_flash.o(i.FLASH_UserOptionByteConfig), (104 bytes).
    Removing stm32f10x_flash.o(i.FLASH_WaitForLastBank1Operation), (38 bytes).
    Removing stm32f10x_flash.o(i.FLASH_WaitForLastOperation), (38 bytes).
    Removing stm32f10x_gpio.o(.rev16_text), (4 bytes).
    Removing stm32f10x_gpio.o(.revsh_text), (4 bytes).
    Removing stm32f10x_gpio.o(.rrx_text), (6 bytes).
    Removing stm32f10x_gpio.o(i.GPIO_AFIODeInit), (20 bytes).
    Removing stm32f10x_gpio.o(i.GPIO_DeInit), (200 bytes).
    Removing stm32f10x_gpio.o(i.GPIO_ETH_MediaInterfaceConfig), (12 bytes).
    Removing stm32f10x_gpio.o(i.GPIO_EXTILineConfig), (64 bytes).
    Removing stm32f10x_gpio.o(i.GPIO_EventOutputCmd), (12 bytes).
    Removing stm32f10x_gpio.o(i.GPIO_EventOutputConfig), (32 bytes).
    Removing stm32f10x_gpio.o(i.GPIO_Init), (278 bytes).
    Removing stm32f10x_gpio.o(i.GPIO_PinLockConfig), (18 bytes).
    Removing stm32f10x_gpio.o(i.GPIO_PinRemapConfig), (144 bytes).
    Removing stm32f10x_gpio.o(i.GPIO_ReadInputData), (8 bytes).
    Removing stm32f10x_gpio.o(i.GPIO_ReadInputDataBit), (18 bytes).
    Removing stm32f10x_gpio.o(i.GPIO_ReadOutputData), (8 bytes).
    Removing stm32f10x_gpio.o(i.GPIO_ReadOutputDataBit), (18 bytes).
    Removing stm32f10x_gpio.o(i.GPIO_ResetBits), (4 bytes).
    Removing stm32f10x_gpio.o(i.GPIO_SetBits), (4 bytes).
    Removing stm32f10x_gpio.o(i.GPIO_StructInit), (16 bytes).
    Removing stm32f10x_gpio.o(i.GPIO_Write), (4 bytes).
    Removing stm32f10x_gpio.o(i.GPIO_WriteBit), (10 bytes).
    Removing stm32f10x_rcc.o(.rev16_text), (4 bytes).
    Removing stm32f10x_rcc.o(.revsh_text), (4 bytes).
    Removing stm32f10x_rcc.o(.rrx_text), (6 bytes).
    Removing stm32f10x_rcc.o(i.RCC_ADCCLKConfig), (24 bytes).
    Removing stm32f10x_rcc.o(i.RCC_APB1PeriphResetCmd), (32 bytes).
    Removing stm32f10x_rcc.o(i.RCC_APB2PeriphClockCmd), (32 bytes).
    Removing stm32f10x_rcc.o(i.RCC_APB2PeriphResetCmd), (32 bytes).
    Removing stm32f10x_rcc.o(i.RCC_AdjustHSICalibrationValue), (24 bytes).
    Removing stm32f10x_rcc.o(i.RCC_BackupResetCmd), (12 bytes).
    Removing stm32f10x_rcc.o(i.RCC_ClearFlag), (20 bytes).
    Removing stm32f10x_rcc.o(i.RCC_ClearITPendingBit), (12 bytes).
    Removing stm32f10x_rcc.o(i.RCC_ClockSecuritySystemCmd), (12 bytes).
    Removing stm32f10x_rcc.o(i.RCC_GetITStatus), (24 bytes).
    Removing stm32f10x_rcc.o(i.RCC_HSICmd), (12 bytes).
    Removing stm32f10x_rcc.o(i.RCC_ITConfig), (32 bytes).
    Removing stm32f10x_rcc.o(i.RCC_LSEConfig), (52 bytes).
    Removing stm32f10x_rcc.o(i.RCC_LSICmd), (12 bytes).
    Removing stm32f10x_rcc.o(i.RCC_MCOConfig), (12 bytes).
    Removing stm32f10x_rcc.o(i.RCC_RTCCLKCmd), (12 bytes).
    Removing stm32f10x_rcc.o(i.RCC_RTCCLKConfig), (16 bytes).
    Removing stm32f10x_usart.o(.rev16_text), (4 bytes).
    Removing stm32f10x_usart.o(.revsh_text), (4 bytes).
    Removing stm32f10x_usart.o(.rrx_text), (6 bytes).
    Removing stm32f10x_usart.o(i.USART_ClearFlag), (18 bytes).
    Removing stm32f10x_usart.o(i.USART_ClearITPendingBit), (30 bytes).
    Removing stm32f10x_usart.o(i.USART_ClockInit), (34 bytes).
    Removing stm32f10x_usart.o(i.USART_ClockStructInit), (12 bytes).
    Removing stm32f10x_usart.o(i.USART_DeInit), (156 bytes).
    Removing stm32f10x_usart.o(i.USART_GetFlagStatus), (26 bytes).
    Removing stm32f10x_usart.o(i.USART_HalfDuplexCmd), (24 bytes).
    Removing stm32f10x_usart.o(i.USART_IrDACmd), (24 bytes).
    Removing stm32f10x_usart.o(i.USART_IrDAConfig), (18 bytes).
    Removing stm32f10x_usart.o(i.USART_LINBreakDetectLengthConfig), (18 bytes).
    Removing stm32f10x_usart.o(i.USART_LINCmd), (24 bytes).
    Removing stm32f10x_usart.o(i.USART_OneBitMethodCmd), (24 bytes).
    Removing stm32f10x_usart.o(i.USART_OverSampling8Cmd), (22 bytes).
    Removing stm32f10x_usart.o(i.USART_ReceiveData), (10 bytes).
    Removing stm32f10x_usart.o(i.USART_ReceiverWakeUpCmd), (24 bytes).
    Removing stm32f10x_usart.o(i.USART_SendBreak), (10 bytes).
    Removing stm32f10x_usart.o(i.USART_SendData), (8 bytes).
    Removing stm32f10x_usart.o(i.USART_SetAddress), (18 bytes).
    Removing stm32f10x_usart.o(i.USART_SetGuardTime), (16 bytes).
    Removing stm32f10x_usart.o(i.USART_SetPrescaler), (16 bytes).
    Removing stm32f10x_usart.o(i.USART_SmartCardCmd), (24 bytes).
    Removing stm32f10x_usart.o(i.USART_SmartCardNACKCmd), (24 bytes).
    Removing stm32f10x_usart.o(i.USART_StructInit), (24 bytes).
    Removing stm32f10x_usart.o(i.USART_WakeUpConfig), (18 bytes).
    Removing system_stm32f10x.o(.rev16_text), (4 bytes).
    Removing system_stm32f10x.o(.revsh_text), (4 bytes).
    Removing system_stm32f10x.o(.rrx_text), (6 bytes).
    Removing system_stm32f10x.o(i.SystemCoreClockUpdate), (164 bytes).
    Removing system_stm32f10x.o(.data), (20 bytes).

311 unused section(s) (total 13167 bytes) removed from the image.

==============================================================================

Image Symbol Table

    Local Symbols

    Symbol Name                              Value     Ov Type        Size  Object(Section)

    ../clib/angel/boardlib.s                 0x00000000   Number         0  boardinit2.o ABSOLUTE
    ../clib/angel/boardlib.s                 0x00000000   Number         0  boardinit1.o ABSOLUTE
    ../clib/angel/boardlib.s                 0x00000000   Number         0  boardshut.o ABSOLUTE
    ../clib/angel/boardlib.s                 0x00000000   Number         0  boardinit3.o ABSOLUTE
    ../clib/angel/handlers.s                 0x00000000   Number         0  __scatter_copy.o ABSOLUTE
    ../clib/angel/handlers.s                 0x00000000   Number         0  __scatter_zi.o ABSOLUTE
    ../clib/angel/kernel.s                   0x00000000   Number         0  rtexit2.o ABSOLUTE
    ../clib/angel/kernel.s                   0x00000000   Number         0  __rtentry4.o ABSOLUTE
    ../clib/angel/kernel.s                   0x00000000   Number         0  __rtentry2.o ABSOLUTE
    ../clib/angel/kernel.s                   0x00000000   Number         0  __rtentry.o ABSOLUTE
    ../clib/angel/kernel.s                   0x00000000   Number         0  rtexit.o ABSOLUTE
    ../clib/angel/rt.s                       0x00000000   Number         0  rt_raise.o ABSOLUTE
    ../clib/angel/scatter.s                  0x00000000   Number         0  __scatter.o ABSOLUTE
    ../clib/angel/startup.s                  0x00000000   Number         0  __main.o ABSOLUTE
    ../clib/angel/sys.s                      0x00000000   Number         0  sys_stackheap_outer.o ABSOLUTE
    ../clib/angel/sys.s                      0x00000000   Number         0  use_no_semi.o ABSOLUTE
    ../clib/angel/sys.s                      0x00000000   Number         0  indicate_semi.o ABSOLUTE
    ../clib/angel/sys.s                      0x00000000   Number         0  libspace.o ABSOLUTE
    ../clib/angel/sysapp.c                   0x00000000   Number         0  sys_exit.o ABSOLUTE
    ../clib/angel/sysapp.c                   0x00000000   Number         0  sys_command.o ABSOLUTE
    ../clib/angel/sysapp.c                   0x00000000   Number         0  sys_wrch.o ABSOLUTE
    ../clib/armsys.c                         0x00000000   Number         0  argv_veneer.o ABSOLUTE
    ../clib/armsys.c                         0x00000000   Number         0  argv_veneer.o ABSOLUTE
    ../clib/armsys.c                         0x00000000   Number         0  no_argv.o ABSOLUTE
    ../clib/armsys.c                         0x00000000   Number         0  _get_argv_nomalloc.o ABSOLUTE
    ../clib/heapalloc.c                      0x00000000   Number         0  hrguard.o ABSOLUTE
    ../clib/heapaux.c                        0x00000000   Number         0  heapauxi.o ABSOLUTE
    ../clib/libinit.s                        0x00000000   Number         0  libshutdown.o ABSOLUTE
    ../clib/libinit.s                        0x00000000   Number         0  libshutdown2.o ABSOLUTE
    ../clib/libinit.s                        0x00000000   Number         0  libinit2.o ABSOLUTE
    ../clib/libinit.s                        0x00000000   Number         0  libinit.o ABSOLUTE
    ../clib/memcpset.s                       0x00000000   Number         0  rt_memclr_w.o ABSOLUTE
    ../clib/memcpset.s                       0x00000000   Number         0  rt_memclr.o ABSOLUTE
    ../clib/signal.c                         0x00000000   Number         0  defsig_fpe_inner.o ABSOLUTE
    ../clib/signal.c                         0x00000000   Number         0  defsig_rtred_inner.o ABSOLUTE
    ../clib/signal.c                         0x00000000   Number         0  defsig_stak_inner.o ABSOLUTE
    ../clib/signal.c                         0x00000000   Number         0  defsig_pvfn_inner.o ABSOLUTE
    ../clib/signal.c                         0x00000000   Number         0  defsig_cppl_inner.o ABSOLUTE
    ../clib/signal.c                         0x00000000   Number         0  defsig_segv_inner.o ABSOLUTE
    ../clib/signal.c                         0x00000000   Number         0  defsig_abrt_inner.o ABSOLUTE
    ../clib/signal.c                         0x00000000   Number         0  defsig_other.o ABSOLUTE
    ../clib/signal.c                         0x00000000   Number         0  defsig_rtmem_outer.o ABSOLUTE
    ../clib/signal.c                         0x00000000   Number         0  defsig_exit.o ABSOLUTE
    ../clib/signal.c                         0x00000000   Number         0  defsig_rtmem_inner.o ABSOLUTE
    ../clib/signal.c                         0x00000000   Number         0  __raise.o ABSOLUTE
    ../clib/signal.c                         0x00000000   Number         0  defsig_general.o ABSOLUTE
    ../clib/signal.c                         0x00000000   Number         0  defsig_rtmem_formal.o ABSOLUTE
    ../clib/signal.s                         0x00000000   Number         0  defsig.o ABSOLUTE
    ../clib/stdlib.c                         0x00000000   Number         0  exit.o ABSOLUTE
    ../fplib/fpinit.s                        0x00000000   Number         0  fpinit.o ABSOLUTE
    ..\USER\src\GPIOx.c                      0x00000000   Number         0  gpiox.o ABSOLUTE
    ..\USER\src\SPI.c                        0x00000000   Number         0  spi.o ABSOLUTE
    ..\USER\src\TIM.c                        0x00000000   Number         0  tim.o ABSOLUTE
    ..\USER\src\UASRT.c                      0x00000000   Number         0  uasrt.o ABSOLUTE
    ..\USER\src\delay.c                      0x00000000   Number         0  delay.o ABSOLUTE
    ..\USER\src\main.c                       0x00000000   Number         0  main.o ABSOLUTE
    ..\USER\src\stm32f10x_it.c               0x00000000   Number         0  stm32f10x_it.o ABSOLUTE
    ..\USER\src\sys.c                        0x00000000   Number         0  sys.o ABSOLUTE
    ..\\USER\\src\\GPIOx.c                   0x00000000   Number         0  gpiox.o ABSOLUTE
    ..\\USER\\src\\SPI.c                     0x00000000   Number         0  spi.o ABSOLUTE
    ..\\USER\\src\\TIM.c                     0x00000000   Number         0  tim.o ABSOLUTE
    ..\\USER\\src\\UASRT.c                   0x00000000   Number         0  uasrt.o ABSOLUTE
    ..\\USER\\src\\delay.c                   0x00000000   Number         0  delay.o ABSOLUTE
    ..\\USER\\src\\main.c                    0x00000000   Number         0  main.o ABSOLUTE
    ..\\USER\\src\\stm32f10x_it.c            0x00000000   Number         0  stm32f10x_it.o ABSOLUTE
    ..\\USER\\src\\sys.c                     0x00000000   Number         0  sys.o ABSOLUTE
    ..\\secure\\secure.c                     0x00000000   Number         0  secure.o ABSOLUTE
    ..\\thm3070\\thm3070.c                   0x00000000   Number         0  thm3070.o ABSOLUTE
    ..\\usb_library\\src\\usb_core.c         0x00000000   Number         0  usb_core.o ABSOLUTE
    ..\\usb_library\\src\\usb_desc.c         0x00000000   Number         0  usb_desc.o ABSOLUTE
    ..\\usb_library\\src\\usb_endp.c         0x00000000   Number         0  usb_endp.o ABSOLUTE
    ..\\usb_library\\src\\usb_init.c         0x00000000   Number         0  usb_init.o ABSOLUTE
    ..\\usb_library\\src\\usb_int.c          0x00000000   Number         0  usb_int.o ABSOLUTE
    ..\\usb_library\\src\\usb_istr.c         0x00000000   Number         0  usb_istr.o ABSOLUTE
    ..\\usb_library\\src\\usb_mem.c          0x00000000   Number         0  usb_mem.o ABSOLUTE
    ..\\usb_library\\src\\usb_prop.c         0x00000000   Number         0  usb_prop.o ABSOLUTE
    ..\\usb_library\\src\\usb_pwr.c          0x00000000   Number         0  usb_pwr.o ABSOLUTE
    ..\\usb_library\\src\\usb_regs.c         0x00000000   Number         0  usb_regs.o ABSOLUTE
    ..\secure\secure.c                       0x00000000   Number         0  secure.o ABSOLUTE
    ..\thm3070\thm3070.c                     0x00000000   Number         0  thm3070.o ABSOLUTE
    ..\usb_library\src\usb_core.c            0x00000000   Number         0  usb_core.o ABSOLUTE
    ..\usb_library\src\usb_desc.c            0x00000000   Number         0  usb_desc.o ABSOLUTE
    ..\usb_library\src\usb_endp.c            0x00000000   Number         0  usb_endp.o ABSOLUTE
    ..\usb_library\src\usb_init.c            0x00000000   Number         0  usb_init.o ABSOLUTE
    ..\usb_library\src\usb_int.c             0x00000000   Number         0  usb_int.o ABSOLUTE
    ..\usb_library\src\usb_istr.c            0x00000000   Number         0  usb_istr.o ABSOLUTE
    ..\usb_library\src\usb_mem.c             0x00000000   Number         0  usb_mem.o ABSOLUTE
    ..\usb_library\src\usb_prop.c            0x00000000   Number         0  usb_prop.o ABSOLUTE
    ..\usb_library\src\usb_pwr.c             0x00000000   Number         0  usb_pwr.o ABSOLUTE
    ..\usb_library\src\usb_regs.c            0x00000000   Number         0  usb_regs.o ABSOLUTE
    C:\Keil_v5\ARM\PACK\Keil\STM32F1xx_DFP\1.1.0\Device\StdPeriph_Driver\src\misc.c 0x00000000   Number         0  misc.o ABSOLUTE
    C:\Keil_v5\ARM\PACK\Keil\STM32F1xx_DFP\1.1.0\Device\StdPeriph_Driver\src\stm32f10x_dma.c 0x00000000   Number         0  stm32f10x_dma.o ABSOLUTE
    C:\Keil_v5\ARM\PACK\Keil\STM32F1xx_DFP\1.1.0\Device\StdPeriph_Driver\src\stm32f10x_flash.c 0x00000000   Number         0  stm32f10x_flash.o ABSOLUTE
    C:\Keil_v5\ARM\PACK\Keil\STM32F1xx_DFP\1.1.0\Device\StdPeriph_Driver\src\stm32f10x_gpio.c 0x00000000   Number         0  stm32f10x_gpio.o ABSOLUTE
    C:\Keil_v5\ARM\PACK\Keil\STM32F1xx_DFP\1.1.0\Device\StdPeriph_Driver\src\stm32f10x_rcc.c 0x00000000   Number         0  stm32f10x_rcc.o ABSOLUTE
    C:\Keil_v5\ARM\PACK\Keil\STM32F1xx_DFP\1.1.0\Device\StdPeriph_Driver\src\stm32f10x_usart.c 0x00000000   Number         0  stm32f10x_usart.o ABSOLUTE
    C:\\Keil_v5\\ARM\\PACK\\Keil\\STM32F1xx_DFP\\1.1.0\\Device\\StdPeriph_Driver\\src\\misc.c 0x00000000   Number         0  misc.o ABSOLUTE
    C:\\Keil_v5\\ARM\\PACK\\Keil\\STM32F1xx_DFP\\1.1.0\\Device\\StdPeriph_Driver\\src\\stm32f10x_dma.c 0x00000000   Number         0  stm32f10x_dma.o ABSOLUTE
    C:\\Keil_v5\\ARM\\PACK\\Keil\\STM32F1xx_DFP\\1.1.0\\Device\\StdPeriph_Driver\\src\\stm32f10x_flash.c 0x00000000   Number         0  stm32f10x_flash.o ABSOLUTE
    C:\\Keil_v5\\ARM\\PACK\\Keil\\STM32F1xx_DFP\\1.1.0\\Device\\StdPeriph_Driver\\src\\stm32f10x_gpio.c 0x00000000   Number         0  stm32f10x_gpio.o ABSOLUTE
    C:\\Keil_v5\\ARM\\PACK\\Keil\\STM32F1xx_DFP\\1.1.0\\Device\\StdPeriph_Driver\\src\\stm32f10x_rcc.c 0x00000000   Number         0  stm32f10x_rcc.o ABSOLUTE
    C:\\Keil_v5\\ARM\\PACK\\Keil\\STM32F1xx_DFP\\1.1.0\\Device\\StdPeriph_Driver\\src\\stm32f10x_usart.c 0x00000000   Number         0  stm32f10x_usart.o ABSOLUTE
    RTE\Device\STM32F103C8\startup_stm32f10x_md.s 0x00000000   Number         0  startup_stm32f10x_md.o ABSOLUTE
    RTE\Device\STM32F103C8\system_stm32f10x.c 0x00000000   Number         0  system_stm32f10x.o ABSOLUTE
    RTE\\Device\\STM32F103C8\\system_stm32f10x.c 0x00000000   Number         0  system_stm32f10x.o ABSOLUTE
    dc.s                                     0x00000000   Number         0  dc.o ABSOLUTE
    RESET                                    0x08000000   Section      236  startup_stm32f10x_md.o(RESET)
    !!!main                                  0x080000ec   Section        8  __main.o(!!!main)
    !!!scatter                               0x080000f4   Section       52  __scatter.o(!!!scatter)
    !!handler_copy                           0x08000128   Section       26  __scatter_copy.o(!!handler_copy)
    !!handler_zi                             0x08000144   Section       28  __scatter_zi.o(!!handler_zi)
    .ARM.Collect$$libinit$$00000000          0x08000160   Section        2  libinit.o(.ARM.Collect$$libinit$$00000000)
    .ARM.Collect$$libinit$$00000002          0x08000162   Section        0  libinit2.o(.ARM.Collect$$libinit$$00000002)
    .ARM.Collect$$libinit$$00000004          0x08000162   Section        0  libinit2.o(.ARM.Collect$$libinit$$00000004)
    .ARM.Collect$$libinit$$0000000A          0x08000162   Section        0  libinit2.o(.ARM.Collect$$libinit$$0000000A)
    .ARM.Collect$$libinit$$0000000C          0x08000162   Section        0  libinit2.o(.ARM.Collect$$libinit$$0000000C)
    .ARM.Collect$$libinit$$0000000E          0x08000162   Section        0  libinit2.o(.ARM.Collect$$libinit$$0000000E)
    .ARM.Collect$$libinit$$00000011          0x08000162   Section        0  libinit2.o(.ARM.Collect$$libinit$$00000011)
    .ARM.Collect$$libinit$$00000013          0x08000162   Section        0  libinit2.o(.ARM.Collect$$libinit$$00000013)
    .ARM.Collect$$libinit$$00000015          0x08000162   Section        0  libinit2.o(.ARM.Collect$$libinit$$00000015)
    .ARM.Collect$$libinit$$00000017          0x08000162   Section        0  libinit2.o(.ARM.Collect$$libinit$$00000017)
    .ARM.Collect$$libinit$$00000019          0x08000162   Section        0  libinit2.o(.ARM.Collect$$libinit$$00000019)
    .ARM.Collect$$libinit$$0000001B          0x08000162   Section        0  libinit2.o(.ARM.Collect$$libinit$$0000001B)
    .ARM.Collect$$libinit$$0000001D          0x08000162   Section        0  libinit2.o(.ARM.Collect$$libinit$$0000001D)
    .ARM.Collect$$libinit$$0000001F          0x08000162   Section        0  libinit2.o(.ARM.Collect$$libinit$$0000001F)
    .ARM.Collect$$libinit$$00000021          0x08000162   Section        0  libinit2.o(.ARM.Collect$$libinit$$00000021)
    .ARM.Collect$$libinit$$00000023          0x08000162   Section        0  libinit2.o(.ARM.Collect$$libinit$$00000023)
    .ARM.Collect$$libinit$$00000025          0x08000162   Section        0  libinit2.o(.ARM.Collect$$libinit$$00000025)
    .ARM.Collect$$libinit$$0000002C          0x08000162   Section        0  libinit2.o(.ARM.Collect$$libinit$$0000002C)
    .ARM.Collect$$libinit$$0000002E          0x08000162   Section        0  libinit2.o(.ARM.Collect$$libinit$$0000002E)
    .ARM.Collect$$libinit$$00000030          0x08000162   Section        0  libinit2.o(.ARM.Collect$$libinit$$00000030)
    .ARM.Collect$$libinit$$00000032          0x08000162   Section        0  libinit2.o(.ARM.Collect$$libinit$$00000032)
    .ARM.Collect$$libinit$$00000033          0x08000162   Section        2  libinit2.o(.ARM.Collect$$libinit$$00000033)
    .ARM.Collect$$libshutdown$$00000000      0x08000164   Section        2  libshutdown.o(.ARM.Collect$$libshutdown$$00000000)
    .ARM.Collect$$libshutdown$$00000003      0x08000166   Section        0  libshutdown2.o(.ARM.Collect$$libshutdown$$00000003)
    .ARM.Collect$$libshutdown$$00000006      0x08000166   Section        0  libshutdown2.o(.ARM.Collect$$libshutdown$$00000006)
    .ARM.Collect$$libshutdown$$00000009      0x08000166   Section        0  libshutdown2.o(.ARM.Collect$$libshutdown$$00000009)
    .ARM.Collect$$libshutdown$$0000000B      0x08000166   Section        0  libshutdown2.o(.ARM.Collect$$libshutdown$$0000000B)
    .ARM.Collect$$libshutdown$$0000000E      0x08000166   Section        0  libshutdown2.o(.ARM.Collect$$libshutdown$$0000000E)
    .ARM.Collect$$libshutdown$$0000000F      0x08000166   Section        2  libshutdown2.o(.ARM.Collect$$libshutdown$$0000000F)
    .ARM.Collect$$rtentry$$00000000          0x08000168   Section        0  __rtentry.o(.ARM.Collect$$rtentry$$00000000)
    .ARM.Collect$$rtentry$$00000002          0x08000168   Section        0  __rtentry2.o(.ARM.Collect$$rtentry$$00000002)
    .ARM.Collect$$rtentry$$00000004          0x08000168   Section        6  __rtentry4.o(.ARM.Collect$$rtentry$$00000004)
    .ARM.Collect$$rtentry$$00000009          0x0800016e   Section        0  __rtentry2.o(.ARM.Collect$$rtentry$$00000009)
    .ARM.Collect$$rtentry$$0000000A          0x0800016e   Section        4  __rtentry2.o(.ARM.Collect$$rtentry$$0000000A)
    .ARM.Collect$$rtentry$$0000000C          0x08000172   Section        0  __rtentry2.o(.ARM.Collect$$rtentry$$0000000C)
    .ARM.Collect$$rtentry$$0000000D          0x08000172   Section        8  __rtentry2.o(.ARM.Collect$$rtentry$$0000000D)
    .ARM.Collect$$rtexit$$00000000           0x0800017a   Section        2  rtexit.o(.ARM.Collect$$rtexit$$00000000)
    .ARM.Collect$$rtexit$$00000002           0x0800017c   Section        0  rtexit2.o(.ARM.Collect$$rtexit$$00000002)
    .ARM.Collect$$rtexit$$00000003           0x0800017c   Section        4  rtexit2.o(.ARM.Collect$$rtexit$$00000003)
    .ARM.Collect$$rtexit$$00000004           0x08000180   Section        6  rtexit2.o(.ARM.Collect$$rtexit$$00000004)
    .text                                    0x08000188   Section       64  startup_stm32f10x_md.o(.text)
    .text                                    0x080001c8   Section       68  rt_memclr.o(.text)
    .text                                    0x0800020c   Section        0  heapauxi.o(.text)
    .text                                    0x08000212   Section       78  rt_memclr_w.o(.text)
    .text                                    0x08000260   Section       74  sys_stackheap_outer.o(.text)
    .text                                    0x080002aa   Section        0  exit.o(.text)
    .text                                    0x080002b8   Section        8  libspace.o(.text)
    .text                                    0x080002c0   Section        0  sys_exit.o(.text)
    .text                                    0x080002cc   Section        2  use_no_semi.o(.text)
    .text                                    0x080002ce   Section        0  indicate_semi.o(.text)
    i.DMA1_Channel4_Configuration            0x080002d0   Section        0  uasrt.o(i.DMA1_Channel4_Configuration)
    i.DMA1_Channel4_IRQHandler               0x08000354   Section        0  stm32f10x_it.o(i.DMA1_Channel4_IRQHandler)
    i.DMA1_Channel5_Configuration            0x08000384   Section        0  uasrt.o(i.DMA1_Channel5_Configuration)
    i.DMA_Cmd                                0x080003ec   Section        0  stm32f10x_dma.o(i.DMA_Cmd)
    i.DMA_DeInit                             0x08000404   Section        0  stm32f10x_dma.o(i.DMA_DeInit)
    i.DMA_GetCurrDataCounter                 0x08000550   Section        0  stm32f10x_dma.o(i.DMA_GetCurrDataCounter)
    i.DMA_ITConfig                           0x08000558   Section        0  stm32f10x_dma.o(i.DMA_ITConfig)
    i.DMA_Init                               0x0800056a   Section        0  stm32f10x_dma.o(i.DMA_Init)
    i.DMA_SetCurrDataCounter                 0x080005a6   Section        0  stm32f10x_dma.o(i.DMA_SetCurrDataCounter)
    i.Delay                                  0x080005aa   Section        0  delay.o(i.Delay)
    i.FLASH_PrefetchBufferCmd                0x080005b4   Section        0  stm32f10x_flash.o(i.FLASH_PrefetchBufferCmd)
    i.FLASH_SetLatency                       0x080005d0   Section        0  stm32f10x_flash.o(i.FLASH_SetLatency)
    i.GPIOB_Config                           0x080005e8   Section        0  gpiox.o(i.GPIOB_Config)
    i.GPIO_Config                            0x08000660   Section        0  gpiox.o(i.GPIO_Config)
    i.GetEPTxAddr                            0x08000668   Section        0  usb_regs.o(i.GetEPTxAddr)
    i.JTAG_Set                               0x08000688   Section        0  sys.o(i.JTAG_Set)
    i.NVIC_Init                              0x080006b8   Section        0  misc.o(i.NVIC_Init)
    i.NVIC_PriorityGroupConfig               0x08000728   Section        0  misc.o(i.NVIC_PriorityGroupConfig)
    i.OPEN_DMA1_RCC_APB2PeriphClock          0x0800073c   Section        0  sys.o(i.OPEN_DMA1_RCC_APB2PeriphClock)
    i.RCC_AHBPeriphClockCmd                  0x08000748   Section        0  stm32f10x_rcc.o(i.RCC_AHBPeriphClockCmd)
    i.RCC_APB1PeriphClockCmd                 0x08000768   Section        0  stm32f10x_rcc.o(i.RCC_APB1PeriphClockCmd)
    i.RCC_Clock_init                         0x08000788   Section        0  sys.o(i.RCC_Clock_init)
    i.RCC_DeInit                             0x0800079c   Section        0  stm32f10x_rcc.o(i.RCC_DeInit)
    i.RCC_GetClocksFreq                      0x080007e8   Section        0  stm32f10x_rcc.o(i.RCC_GetClocksFreq)
    i.RCC_GetFlagStatus                      0x080008bc   Section        0  stm32f10x_rcc.o(i.RCC_GetFlagStatus)
    i.RCC_GetSYSCLKSource                    0x080008f8   Section        0  stm32f10x_rcc.o(i.RCC_GetSYSCLKSource)
    i.RCC_HCLKConfig                         0x08000908   Section        0  stm32f10x_rcc.o(i.RCC_HCLKConfig)
    i.RCC_HSEConfig                          0x08000920   Section        0  stm32f10x_rcc.o(i.RCC_HSEConfig)
    i.RCC_PCLK1Config                        0x0800096c   Section        0  stm32f10x_rcc.o(i.RCC_PCLK1Config)
    i.RCC_PCLK2Config                        0x08000984   Section        0  stm32f10x_rcc.o(i.RCC_PCLK2Config)
    i.RCC_PLLCmd                             0x0800099c   Section        0  stm32f10x_rcc.o(i.RCC_PLLCmd)
    i.RCC_PLLConfig                          0x080009a8   Section        0  stm32f10x_rcc.o(i.RCC_PLLConfig)
    i.RCC_SYSCLKConfig                       0x080009c4   Section        0  stm32f10x_rcc.o(i.RCC_SYSCLKConfig)
    i.RCC_USBCLKConfig                       0x080009dc   Section        0  stm32f10x_rcc.o(i.RCC_USBCLKConfig)
    i.RCC_WaitForHSEStartUp                  0x080009e8   Section        0  stm32f10x_rcc.o(i.RCC_WaitForHSEStartUp)
    i.SPIx_Init                              0x08000a20   Section        0  spi.o(i.SPIx_Init)
    i.SPIx_ReadWriteByte                     0x08000afc   Section        0  spi.o(i.SPIx_ReadWriteByte)
    i.STM32_RCC_Config                       0x08000b48   Section        0  sys.o(i.STM32_RCC_Config)
    i.SetEPTxCount                           0x08000bc0   Section        0  usb_regs.o(i.SetEPTxCount)
    i.SetEPTxValid                           0x08000bdc   Section        0  usb_regs.o(i.SetEPTxValid)
    i.SetSysClock                            0x08000c08   Section        0  system_stm32f10x.o(i.SetSysClock)
    SetSysClock                              0x08000c09   Thumb Code     8  system_stm32f10x.o(i.SetSysClock)
    i.SetSysClockTo72                        0x08000c10   Section        0  system_stm32f10x.o(i.SetSysClockTo72)
    SetSysClockTo72                          0x08000c11   Thumb Code   214  system_stm32f10x.o(i.SetSysClockTo72)
    i.Set_USBClock                           0x08000cf0   Section        0  sys.o(i.Set_USBClock)
    i.SystemInit                             0x08000d04   Section        0  system_stm32f10x.o(i.SystemInit)
    i.THM3070_SPI_frameend                   0x08000d64   Section        0  spi.o(i.THM3070_SPI_frameend)
    i.THM3070_SPI_framestart                 0x08000d70   Section        0  spi.o(i.THM3070_SPI_framestart)
    i.THM3070_SPI_revbuff                    0x08000d7c   Section        0  spi.o(i.THM3070_SPI_revbuff)
    i.THM3070_SPI_sendbuff                   0x08000da2   Section        0  spi.o(i.THM3070_SPI_sendbuff)
    i.THM_ChangeProtBaud                     0x08000dc6   Section        0  thm3070.o(i.THM_ChangeProtBaud)
    i.THM_SetFWT                             0x08000dde   Section        0  thm3070.o(i.THM_SetFWT)
    i.TIM3_IRQHandler                        0x08000e04   Section        0  stm32f10x_it.o(i.TIM3_IRQHandler)
    i.TIM_Init                               0x08000e3c   Section        0  tim.o(i.TIM_Init)
    i.Tim3_NVIC_Config                       0x08000e4c   Section        0  tim.o(i.Tim3_NVIC_Config)
    i.Tim3_init                              0x08000e78   Section        0  tim.o(i.Tim3_init)
    i.UASRT1_Config                          0x08000ecc   Section        0  uasrt.o(i.UASRT1_Config)
    i.USART1_IRQHandler                      0x08000f98   Section        0  stm32f10x_it.o(i.USART1_IRQHandler)
    i.USART_Cmd                              0x08001008   Section        0  stm32f10x_usart.o(i.USART_Cmd)
    i.USART_DMACmd                           0x08001020   Section        0  stm32f10x_usart.o(i.USART_DMACmd)
    i.USART_GetITStatus                      0x08001032   Section        0  stm32f10x_usart.o(i.USART_GetITStatus)
    i.USART_ITConfig                         0x08001086   Section        0  stm32f10x_usart.o(i.USART_ITConfig)
    i.USART_Iint                             0x080010d0   Section        0  uasrt.o(i.USART_Iint)
    i.USART_Init                             0x080010e4   Section        0  stm32f10x_usart.o(i.USART_Init)
    i.USB_TX                                 0x080011bc   Section        0  usb_endp.o(i.USB_TX)
    i.Uasrt1endData                          0x080011e4   Section        0  uasrt.o(i.Uasrt1endData)
    i.UserToPMABufferCopy                    0x0800120c   Section        0  usb_mem.o(i.UserToPMABufferCopy)
    i.delay_init                             0x08001244   Section        0  delay.o(i.delay_init)
    i.delay_nop                              0x08001284   Section        0  secure.o(i.delay_nop)
    i.init_i2c                               0x08001298   Section        0  secure.o(i.init_i2c)
    i.main                                   0x080012b0   Section        0  main.o(i.main)
    i.read_sec                               0x080014cc   Section        0  secure.o(i.read_sec)
    i.thm3070_Init                           0x08001710   Section        0  thm3070.o(i.thm3070_Init)
    i.thm3070_close_RF                       0x080017a0   Section        0  thm3070.o(i.thm3070_close_RF)
    i.thm3070_open_RF                        0x080017bc   Section        0  thm3070.o(i.thm3070_open_RF)
    i.thm3070_read_buff                      0x080017d8   Section        0  thm3070.o(i.thm3070_read_buff)
    i.thm3070_read_reg                       0x0800183c   Section        0  thm3070.o(i.thm3070_read_reg)
    i.thm3070_send_buff                      0x08001864   Section        0  thm3070.o(i.thm3070_send_buff)
    i.thm3070_write_reg                      0x080018ac   Section        0  thm3070.o(i.thm3070_write_reg)
    i.write_sec                              0x080018d0   Section        0  secure.o(i.write_sec)
    .data                                    0x20000000   Section       67  usb_endp.o(.data)
    .data                                    0x20000044   Section        8  stm32f10x_it.o(.data)
    .data                                    0x2000004c   Section        1  uasrt.o(.data)
    .data                                    0x2000004e   Section        4  delay.o(.data)
    fac_us                                   0x2000004e   Data           1  delay.o(.data)
    fac_ms                                   0x20000050   Data           2  delay.o(.data)
    .data                                    0x20000052   Section       13  main.o(.data)
    .data                                    0x2000005f   Section        1  sys.o(.data)
    HSEStartUpStatus                         0x2000005f   Data           1  sys.o(.data)
    .data                                    0x20000060   Section       20  stm32f10x_rcc.o(.data)
    APBAHBPrescTable                         0x20000060   Data          16  stm32f10x_rcc.o(.data)
    ADCPrescTable                            0x20000070   Data           4  stm32f10x_rcc.o(.data)
    .bss                                     0x20000074   Section     1510  uasrt.o(.bss)
    .bss                                     0x2000065a   Section      170  main.o(.bss)
    .bss                                     0x20000704   Section       96  libspace.o(.bss)
    HEAP                                     0x20000768   Section      512  startup_stm32f10x_md.o(HEAP)
    Heap_Mem                                 0x20000768   Data         512  startup_stm32f10x_md.o(HEAP)
    STACK                                    0x20000968   Section     1024  startup_stm32f10x_md.o(STACK)
    Stack_Mem                                0x20000968   Data        1024  startup_stm32f10x_md.o(STACK)
    __initial_sp                             0x20000d68   Data           0  startup_stm32f10x_md.o(STACK)

    Global Symbols

    Symbol Name                              Value     Ov Type        Size  Object(Section)

    BuildAttributes$$THM_ISAv4$P$D$K$B$S$PE$A:L22UL41UL21$X:L11$S22US41US21$IEEE1$IW$USESV6$~STKCKD$USESV7$~SHL$OSPACE$ROPI$EBA8$UX$STANDARDLIB$REQ8$PRES8$EABIv2 0x00000000   Number         0  anon$$obj.o ABSOLUTE
    __ARM_use_no_argv                        0x00000000   Number         0  main.o ABSOLUTE
    __ARM_exceptions_init                     - Undefined Weak Reference
    __alloca_initialize                       - Undefined Weak Reference
    __arm_preinit_                            - Undefined Weak Reference
    __cpp_initialize__aeabi_                  - Undefined Weak Reference
    __cxa_finalize                            - Undefined Weak Reference
    __rt_locale                               - Undefined Weak Reference
    __sigvec_lookup                           - Undefined Weak Reference
    _atexit_init                              - Undefined Weak Reference
    _call_atexit_fns                          - Undefined Weak Reference
    _clock_init                               - Undefined Weak Reference
    _fp_trap_init                             - Undefined Weak Reference
    _fp_trap_shutdown                         - Undefined Weak Reference
    _get_lc_collate                           - Undefined Weak Reference
    _get_lc_ctype                             - Undefined Weak Reference
    _get_lc_monetary                          - Undefined Weak Reference
    _get_lc_numeric                           - Undefined Weak Reference
    _get_lc_time                              - Undefined Weak Reference
    _getenv_init                              - Undefined Weak Reference
    _handle_redirection                       - Undefined Weak Reference
    _init_alloc                               - Undefined Weak Reference
    _init_user_alloc                          - Undefined Weak Reference
    _initio                                   - Undefined Weak Reference
    _rand_init                                - Undefined Weak Reference
    _signal_finish                            - Undefined Weak Reference
    _signal_init                              - Undefined Weak Reference
    _terminate_alloc                          - Undefined Weak Reference
    _terminate_user_alloc                     - Undefined Weak Reference
    _terminateio                              - Undefined Weak Reference
    __Vectors_Size                           0x000000ec   Number         0  startup_stm32f10x_md.o ABSOLUTE
    __Vectors                                0x08000000   Data           4  startup_stm32f10x_md.o(RESET)
    __Vectors_End                            0x080000ec   Data           0  startup_stm32f10x_md.o(RESET)
    __main                                   0x080000ed   Thumb Code     8  __main.o(!!!main)
    __scatterload                            0x080000f5   Thumb Code     0  __scatter.o(!!!scatter)
    __scatterload_rt2                        0x080000f5   Thumb Code    44  __scatter.o(!!!scatter)
    __scatterload_rt2_thumb_only             0x080000f5   Thumb Code     0  __scatter.o(!!!scatter)
    __scatterload_null                       0x08000103   Thumb Code     0  __scatter.o(!!!scatter)
    __scatterload_copy                       0x08000129   Thumb Code    26  __scatter_copy.o(!!handler_copy)
    __scatterload_zeroinit                   0x08000145   Thumb Code    28  __scatter_zi.o(!!handler_zi)
    __rt_lib_init                            0x08000161   Thumb Code     0  libinit.o(.ARM.Collect$$libinit$$00000000)
    __rt_lib_init_alloca_1                   0x08000163   Thumb Code     0  libinit2.o(.ARM.Collect$$libinit$$0000002E)
    __rt_lib_init_argv_1                     0x08000163   Thumb Code     0  libinit2.o(.ARM.Collect$$libinit$$0000002C)
    __rt_lib_init_atexit_1                   0x08000163   Thumb Code     0  libinit2.o(.ARM.Collect$$libinit$$0000001B)
    __rt_lib_init_clock_1                    0x08000163   Thumb Code     0  libinit2.o(.ARM.Collect$$libinit$$00000021)
    __rt_lib_init_cpp_1                      0x08000163   Thumb Code     0  libinit2.o(.ARM.Collect$$libinit$$00000032)
    __rt_lib_init_exceptions_1               0x08000163   Thumb Code     0  libinit2.o(.ARM.Collect$$libinit$$00000030)
    __rt_lib_init_fp_1                       0x08000163   Thumb Code     0  libinit2.o(.ARM.Collect$$libinit$$00000002)
    __rt_lib_init_fp_trap_1                  0x08000163   Thumb Code     0  libinit2.o(.ARM.Collect$$libinit$$0000001F)
    __rt_lib_init_getenv_1                   0x08000163   Thumb Code     0  libinit2.o(.ARM.Collect$$libinit$$00000023)
    __rt_lib_init_heap_1                     0x08000163   Thumb Code     0  libinit2.o(.ARM.Collect$$libinit$$0000000A)
    __rt_lib_init_lc_collate_1               0x08000163   Thumb Code     0  libinit2.o(.ARM.Collect$$libinit$$00000011)
    __rt_lib_init_lc_ctype_1                 0x08000163   Thumb Code     0  libinit2.o(.ARM.Collect$$libinit$$00000013)
    __rt_lib_init_lc_monetary_1              0x08000163   Thumb Code     0  libinit2.o(.ARM.Collect$$libinit$$00000015)
    __rt_lib_init_lc_numeric_1               0x08000163   Thumb Code     0  libinit2.o(.ARM.Collect$$libinit$$00000017)
    __rt_lib_init_lc_time_1                  0x08000163   Thumb Code     0  libinit2.o(.ARM.Collect$$libinit$$00000019)
    __rt_lib_init_preinit_1                  0x08000163   Thumb Code     0  libinit2.o(.ARM.Collect$$libinit$$00000004)
    __rt_lib_init_rand_1                     0x08000163   Thumb Code     0  libinit2.o(.ARM.Collect$$libinit$$0000000E)
    __rt_lib_init_return                     0x08000163   Thumb Code     0  libinit2.o(.ARM.Collect$$libinit$$00000033)
    __rt_lib_init_signal_1                   0x08000163   Thumb Code     0  libinit2.o(.ARM.Collect$$libinit$$0000001D)
    __rt_lib_init_stdio_1                    0x08000163   Thumb Code     0  libinit2.o(.ARM.Collect$$libinit$$00000025)
    __rt_lib_init_user_alloc_1               0x08000163   Thumb Code     0  libinit2.o(.ARM.Collect$$libinit$$0000000C)
    __rt_lib_shutdown                        0x08000165   Thumb Code     0  libshutdown.o(.ARM.Collect$$libshutdown$$00000000)
    __rt_lib_shutdown_fp_trap_1              0x08000167   Thumb Code     0  libshutdown2.o(.ARM.Collect$$libshutdown$$00000006)
    __rt_lib_shutdown_heap_1                 0x08000167   Thumb Code     0  libshutdown2.o(.ARM.Collect$$libshutdown$$0000000E)
    __rt_lib_shutdown_return                 0x08000167   Thumb Code     0  libshutdown2.o(.ARM.Collect$$libshutdown$$0000000F)
    __rt_lib_shutdown_signal_1               0x08000167   Thumb Code     0  libshutdown2.o(.ARM.Collect$$libshutdown$$00000009)
    __rt_lib_shutdown_stdio_1                0x08000167   Thumb Code     0  libshutdown2.o(.ARM.Collect$$libshutdown$$00000003)
    __rt_lib_shutdown_user_alloc_1           0x08000167   Thumb Code     0  libshutdown2.o(.ARM.Collect$$libshutdown$$0000000B)
    __rt_entry                               0x08000169   Thumb Code     0  __rtentry.o(.ARM.Collect$$rtentry$$00000000)
    __rt_entry_presh_1                       0x08000169   Thumb Code     0  __rtentry2.o(.ARM.Collect$$rtentry$$00000002)
    __rt_entry_sh                            0x08000169   Thumb Code     0  __rtentry4.o(.ARM.Collect$$rtentry$$00000004)
    __rt_entry_li                            0x0800016f   Thumb Code     0  __rtentry2.o(.ARM.Collect$$rtentry$$0000000A)
    __rt_entry_postsh_1                      0x0800016f   Thumb Code     0  __rtentry2.o(.ARM.Collect$$rtentry$$00000009)
    __rt_entry_main                          0x08000173   Thumb Code     0  __rtentry2.o(.ARM.Collect$$rtentry$$0000000D)
    __rt_entry_postli_1                      0x08000173   Thumb Code     0  __rtentry2.o(.ARM.Collect$$rtentry$$0000000C)
    __rt_exit                                0x0800017b   Thumb Code     0  rtexit.o(.ARM.Collect$$rtexit$$00000000)
    __rt_exit_ls                             0x0800017d   Thumb Code     0  rtexit2.o(.ARM.Collect$$rtexit$$00000003)
    __rt_exit_prels_1                        0x0800017d   Thumb Code     0  rtexit2.o(.ARM.Collect$$rtexit$$00000002)
    __rt_exit_exit                           0x08000181   Thumb Code     0  rtexit2.o(.ARM.Collect$$rtexit$$00000004)
    Reset_Handler                            0x08000189   Thumb Code     8  startup_stm32f10x_md.o(.text)
    NMI_Handler                              0x08000191   Thumb Code     2  startup_stm32f10x_md.o(.text)
    HardFault_Handler                        0x08000193   Thumb Code     2  startup_stm32f10x_md.o(.text)
    MemManage_Handler                        0x08000195   Thumb Code     2  startup_stm32f10x_md.o(.text)
    BusFault_Handler                         0x08000197   Thumb Code     2  startup_stm32f10x_md.o(.text)
    UsageFault_Handler                       0x08000199   Thumb Code     2  startup_stm32f10x_md.o(.text)
    SVC_Handler                              0x0800019b   Thumb Code     2  startup_stm32f10x_md.o(.text)
    DebugMon_Handler                         0x0800019d   Thumb Code     2  startup_stm32f10x_md.o(.text)
    PendSV_Handler                           0x0800019f   Thumb Code     2  startup_stm32f10x_md.o(.text)
    SysTick_Handler                          0x080001a1   Thumb Code     2  startup_stm32f10x_md.o(.text)
    ADC1_2_IRQHandler                        0x080001a3   Thumb Code     0  startup_stm32f10x_md.o(.text)
    CAN1_RX1_IRQHandler                      0x080001a3   Thumb Code     0  startup_stm32f10x_md.o(.text)
    CAN1_SCE_IRQHandler                      0x080001a3   Thumb Code     0  startup_stm32f10x_md.o(.text)
    DMA1_Channel1_IRQHandler                 0x080001a3   Thumb Code     0  startup_stm32f10x_md.o(.text)
    DMA1_Channel2_IRQHandler                 0x080001a3   Thumb Code     0  startup_stm32f10x_md.o(.text)
    DMA1_Channel3_IRQHandler                 0x080001a3   Thumb Code     0  startup_stm32f10x_md.o(.text)
    DMA1_Channel5_IRQHandler                 0x080001a3   Thumb Code     0  startup_stm32f10x_md.o(.text)
    DMA1_Channel6_IRQHandler                 0x080001a3   Thumb Code     0  startup_stm32f10x_md.o(.text)
    DMA1_Channel7_IRQHandler                 0x080001a3   Thumb Code     0  startup_stm32f10x_md.o(.text)
    EXTI0_IRQHandler                         0x080001a3   Thumb Code     0  startup_stm32f10x_md.o(.text)
    EXTI15_10_IRQHandler                     0x080001a3   Thumb Code     0  startup_stm32f10x_md.o(.text)
    EXTI1_IRQHandler                         0x080001a3   Thumb Code     0  startup_stm32f10x_md.o(.text)
    EXTI2_IRQHandler                         0x080001a3   Thumb Code     0  startup_stm32f10x_md.o(.text)
    EXTI3_IRQHandler                         0x080001a3   Thumb Code     0  startup_stm32f10x_md.o(.text)
    EXTI4_IRQHandler                         0x080001a3   Thumb Code     0  startup_stm32f10x_md.o(.text)
    EXTI9_5_IRQHandler                       0x080001a3   Thumb Code     0  startup_stm32f10x_md.o(.text)
    FLASH_IRQHandler                         0x080001a3   Thumb Code     0  startup_stm32f10x_md.o(.text)
    I2C1_ER_IRQHandler                       0x080001a3   Thumb Code     0  startup_stm32f10x_md.o(.text)
    I2C1_EV_IRQHandler                       0x080001a3   Thumb Code     0  startup_stm32f10x_md.o(.text)
    I2C2_ER_IRQHandler                       0x080001a3   Thumb Code     0  startup_stm32f10x_md.o(.text)
    I2C2_EV_IRQHandler                       0x080001a3   Thumb Code     0  startup_stm32f10x_md.o(.text)
    PVD_IRQHandler                           0x080001a3   Thumb Code     0  startup_stm32f10x_md.o(.text)
    RCC_IRQHandler                           0x080001a3   Thumb Code     0  startup_stm32f10x_md.o(.text)
    RTCAlarm_IRQHandler                      0x080001a3   Thumb Code     0  startup_stm32f10x_md.o(.text)
    RTC_IRQHandler                           0x080001a3   Thumb Code     0  startup_stm32f10x_md.o(.text)
    SPI1_IRQHandler                          0x080001a3   Thumb Code     0  startup_stm32f10x_md.o(.text)
    SPI2_IRQHandler                          0x080001a3   Thumb Code     0  startup_stm32f10x_md.o(.text)
    TAMPER_IRQHandler                        0x080001a3   Thumb Code     0  startup_stm32f10x_md.o(.text)
    TIM1_BRK_IRQHandler                      0x080001a3   Thumb Code     0  startup_stm32f10x_md.o(.text)
    TIM1_CC_IRQHandler                       0x080001a3   Thumb Code     0  startup_stm32f10x_md.o(.text)
    TIM1_TRG_COM_IRQHandler                  0x080001a3   Thumb Code     0  startup_stm32f10x_md.o(.text)
    TIM1_UP_IRQHandler                       0x080001a3   Thumb Code     0  startup_stm32f10x_md.o(.text)
    TIM2_IRQHandler                          0x080001a3   Thumb Code     0  startup_stm32f10x_md.o(.text)
    TIM4_IRQHandler                          0x080001a3   Thumb Code     0  startup_stm32f10x_md.o(.text)
    USART2_IRQHandler                        0x080001a3   Thumb Code     0  startup_stm32f10x_md.o(.text)
    USART3_IRQHandler                        0x080001a3   Thumb Code     0  startup_stm32f10x_md.o(.text)
    USBWakeUp_IRQHandler                     0x080001a3   Thumb Code     0  startup_stm32f10x_md.o(.text)
    USB_HP_CAN1_TX_IRQHandler                0x080001a3   Thumb Code     0  startup_stm32f10x_md.o(.text)
    USB_LP_CAN1_RX0_IRQHandler               0x080001a3   Thumb Code     0  startup_stm32f10x_md.o(.text)
    WWDG_IRQHandler                          0x080001a3   Thumb Code     0  startup_stm32f10x_md.o(.text)
    __user_initial_stackheap                 0x080001a5   Thumb Code     0  startup_stm32f10x_md.o(.text)
    __aeabi_memclr                           0x080001c9   Thumb Code     0  rt_memclr.o(.text)
    __rt_memclr                              0x080001c9   Thumb Code    68  rt_memclr.o(.text)
    _memset                                  0x080001cd   Thumb Code     0  rt_memclr.o(.text)
    __use_two_region_memory                  0x0800020d   Thumb Code     2  heapauxi.o(.text)
    __rt_heap_escrow$2region                 0x0800020f   Thumb Code     2  heapauxi.o(.text)
    __rt_heap_expand$2region                 0x08000211   Thumb Code     2  heapauxi.o(.text)
    __aeabi_memclr4                          0x08000213   Thumb Code     0  rt_memclr_w.o(.text)
    __aeabi_memclr8                          0x08000213   Thumb Code     0  rt_memclr_w.o(.text)
    __rt_memclr_w                            0x08000213   Thumb Code    78  rt_memclr_w.o(.text)
    _memset_w                                0x08000217   Thumb Code     0  rt_memclr_w.o(.text)
    __user_setup_stackheap                   0x08000261   Thumb Code    74  sys_stackheap_outer.o(.text)
    exit                                     0x080002ab   Thumb Code    12  exit.o(.text)
    __user_libspace                          0x080002b9   Thumb Code     8  libspace.o(.text)
    __user_perproc_libspace                  0x080002b9   Thumb Code     0  libspace.o(.text)
    __user_perthread_libspace                0x080002b9   Thumb Code     0  libspace.o(.text)
    _sys_exit                                0x080002c1   Thumb Code     8  sys_exit.o(.text)
    __I$use$semihosting                      0x080002cd   Thumb Code     0  use_no_semi.o(.text)
    __use_no_semihosting_swi                 0x080002cd   Thumb Code     2  use_no_semi.o(.text)
    __semihosting_library_function           0x080002cf   Thumb Code     0  indicate_semi.o(.text)
    DMA1_Channel4_Configuration              0x080002d1   Thumb Code   116  uasrt.o(i.DMA1_Channel4_Configuration)
    DMA1_Channel4_IRQHandler                 0x08000355   Thumb Code    40  stm32f10x_it.o(i.DMA1_Channel4_IRQHandler)
    DMA1_Channel5_Configuration              0x08000385   Thumb Code    86  uasrt.o(i.DMA1_Channel5_Configuration)
    DMA_Cmd                                  0x080003ed   Thumb Code    24  stm32f10x_dma.o(i.DMA_Cmd)
    DMA_DeInit                               0x08000405   Thumb Code   324  stm32f10x_dma.o(i.DMA_DeInit)
    DMA_GetCurrDataCounter                   0x08000551   Thumb Code     8  stm32f10x_dma.o(i.DMA_GetCurrDataCounter)
    DMA_ITConfig                             0x08000559   Thumb Code    18  stm32f10x_dma.o(i.DMA_ITConfig)
    DMA_Init                                 0x0800056b   Thumb Code    60  stm32f10x_dma.o(i.DMA_Init)
    DMA_SetCurrDataCounter                   0x080005a7   Thumb Code     4  stm32f10x_dma.o(i.DMA_SetCurrDataCounter)
    Delay                                    0x080005ab   Thumb Code    10  delay.o(i.Delay)
    FLASH_PrefetchBufferCmd                  0x080005b5   Thumb Code    22  stm32f10x_flash.o(i.FLASH_PrefetchBufferCmd)
    FLASH_SetLatency                         0x080005d1   Thumb Code    18  stm32f10x_flash.o(i.FLASH_SetLatency)
    GPIOB_Config                             0x080005e9   Thumb Code   106  gpiox.o(i.GPIOB_Config)
    GPIO_Config                              0x08000661   Thumb Code     8  gpiox.o(i.GPIO_Config)
    GetEPTxAddr                              0x08000669   Thumb Code    22  usb_regs.o(i.GetEPTxAddr)
    JTAG_Set                                 0x08000689   Thumb Code    38  sys.o(i.JTAG_Set)
    NVIC_Init                                0x080006b9   Thumb Code   100  misc.o(i.NVIC_Init)
    NVIC_PriorityGroupConfig                 0x08000729   Thumb Code    10  misc.o(i.NVIC_PriorityGroupConfig)
    OPEN_DMA1_RCC_APB2PeriphClock            0x0800073d   Thumb Code    12  sys.o(i.OPEN_DMA1_RCC_APB2PeriphClock)
    RCC_AHBPeriphClockCmd                    0x08000749   Thumb Code    26  stm32f10x_rcc.o(i.RCC_AHBPeriphClockCmd)
    RCC_APB1PeriphClockCmd                   0x08000769   Thumb Code    26  stm32f10x_rcc.o(i.RCC_APB1PeriphClockCmd)
    RCC_Clock_init                           0x08000789   Thumb Code    18  sys.o(i.RCC_Clock_init)
    RCC_DeInit                               0x0800079d   Thumb Code    64  stm32f10x_rcc.o(i.RCC_DeInit)
    RCC_GetClocksFreq                        0x080007e9   Thumb Code   192  stm32f10x_rcc.o(i.RCC_GetClocksFreq)
    RCC_GetFlagStatus                        0x080008bd   Thumb Code    56  stm32f10x_rcc.o(i.RCC_GetFlagStatus)
    RCC_GetSYSCLKSource                      0x080008f9   Thumb Code    10  stm32f10x_rcc.o(i.RCC_GetSYSCLKSource)
    RCC_HCLKConfig                           0x08000909   Thumb Code    18  stm32f10x_rcc.o(i.RCC_HCLKConfig)
    RCC_HSEConfig                            0x08000921   Thumb Code    70  stm32f10x_rcc.o(i.RCC_HSEConfig)
    RCC_PCLK1Config                          0x0800096d   Thumb Code    18  stm32f10x_rcc.o(i.RCC_PCLK1Config)
    RCC_PCLK2Config                          0x08000985   Thumb Code    20  stm32f10x_rcc.o(i.RCC_PCLK2Config)
    RCC_PLLCmd                               0x0800099d   Thumb Code     6  stm32f10x_rcc.o(i.RCC_PLLCmd)
    RCC_PLLConfig                            0x080009a9   Thumb Code    24  stm32f10x_rcc.o(i.RCC_PLLConfig)
    RCC_SYSCLKConfig                         0x080009c5   Thumb Code    18  stm32f10x_rcc.o(i.RCC_SYSCLKConfig)
    RCC_USBCLKConfig                         0x080009dd   Thumb Code     6  stm32f10x_rcc.o(i.RCC_USBCLKConfig)
    RCC_WaitForHSEStartUp                    0x080009e9   Thumb Code    56  stm32f10x_rcc.o(i.RCC_WaitForHSEStartUp)
    SPIx_Init                                0x08000a21   Thumb Code   204  spi.o(i.SPIx_Init)
    SPIx_ReadWriteByte                       0x08000afd   Thumb Code    70  spi.o(i.SPIx_ReadWriteByte)
    STM32_RCC_Config                         0x08000b49   Thumb Code   114  sys.o(i.STM32_RCC_Config)
    SetEPTxCount                             0x08000bc1   Thumb Code    20  usb_regs.o(i.SetEPTxCount)
    SetEPTxValid                             0x08000bdd   Thumb Code    38  usb_regs.o(i.SetEPTxValid)
    Set_USBClock                             0x08000cf1   Thumb Code    18  sys.o(i.Set_USBClock)
    SystemInit                               0x08000d05   Thumb Code    78  system_stm32f10x.o(i.SystemInit)
    THM3070_SPI_frameend                     0x08000d65   Thumb Code     8  spi.o(i.THM3070_SPI_frameend)
    THM3070_SPI_framestart                   0x08000d71   Thumb Code     8  spi.o(i.THM3070_SPI_framestart)
    THM3070_SPI_revbuff                      0x08000d7d   Thumb Code    38  spi.o(i.THM3070_SPI_revbuff)
    THM3070_SPI_sendbuff                     0x08000da3   Thumb Code    36  spi.o(i.THM3070_SPI_sendbuff)
    THM_ChangeProtBaud                       0x08000dc7   Thumb Code    24  thm3070.o(i.THM_ChangeProtBaud)
    THM_SetFWT                               0x08000ddf   Thumb Code    36  thm3070.o(i.THM_SetFWT)
    TIM3_IRQHandler                          0x08000e05   Thumb Code    48  stm32f10x_it.o(i.TIM3_IRQHandler)
    TIM_Init                                 0x08000e3d   Thumb Code    16  tim.o(i.TIM_Init)
    Tim3_NVIC_Config                         0x08000e4d   Thumb Code    42  tim.o(i.Tim3_NVIC_Config)
    Tim3_init                                0x08000e79   Thumb Code    74  tim.o(i.Tim3_init)
    UASRT1_Config                            0x08000ecd   Thumb Code   190  uasrt.o(i.UASRT1_Config)
    USART1_IRQHandler                        0x08000f99   Thumb Code    94  stm32f10x_it.o(i.USART1_IRQHandler)
    USART_Cmd                                0x08001009   Thumb Code    24  stm32f10x_usart.o(i.USART_Cmd)
    USART_DMACmd                             0x08001021   Thumb Code    18  stm32f10x_usart.o(i.USART_DMACmd)
    USART_GetITStatus                        0x08001033   Thumb Code    84  stm32f10x_usart.o(i.USART_GetITStatus)
    USART_ITConfig                           0x08001087   Thumb Code    74  stm32f10x_usart.o(i.USART_ITConfig)
    USART_Iint                               0x080010d1   Thumb Code    18  uasrt.o(i.USART_Iint)
    USART_Init                               0x080010e5   Thumb Code   210  stm32f10x_usart.o(i.USART_Init)
    USB_TX                                   0x080011bd   Thumb Code    40  usb_endp.o(i.USB_TX)
    Uasrt1endData                            0x080011e5   Thumb Code    30  uasrt.o(i.Uasrt1endData)
    UserToPMABufferCopy                      0x0800120d   Thumb Code    52  usb_mem.o(i.UserToPMABufferCopy)
    delay_init                               0x08001245   Thumb Code    56  delay.o(i.delay_init)
    delay_nop                                0x08001285   Thumb Code    18  secure.o(i.delay_nop)
    init_i2c                                 0x08001299   Thumb Code    20  secure.o(i.init_i2c)
    main                                     0x080012b1   Thumb Code   494  main.o(i.main)
    read_sec                                 0x080014cd   Thumb Code   574  secure.o(i.read_sec)
    thm3070_Init                             0x08001711   Thumb Code   138  thm3070.o(i.thm3070_Init)
    thm3070_close_RF                         0x080017a1   Thumb Code    28  thm3070.o(i.thm3070_close_RF)
    thm3070_open_RF                          0x080017bd   Thumb Code    28  thm3070.o(i.thm3070_open_RF)
    thm3070_read_buff                        0x080017d9   Thumb Code   100  thm3070.o(i.thm3070_read_buff)
    thm3070_read_reg                         0x0800183d   Thumb Code    40  thm3070.o(i.thm3070_read_reg)
    thm3070_send_buff                        0x08001865   Thumb Code    72  thm3070.o(i.thm3070_send_buff)
    thm3070_write_reg                        0x080018ad   Thumb Code    36  thm3070.o(i.thm3070_write_reg)
    write_sec                                0x080018d1   Thumb Code   150  secure.o(i.write_sec)
    Region$$Table$$Base                      0x0800196c   Number         0  anon$$obj.o(Region$$Table)
    Region$$Table$$Limit                     0x0800198c   Number         0  anon$$obj.o(Region$$Table)
    Command                                  0x20000000   Data           1  usb_endp.o(.data)
    USB_Received_Flag                        0x20000001   Data           1  usb_endp.o(.data)
    DataLen                                  0x20000002   Data           1  usb_endp.o(.data)
    version                                  0x20000003   Data          64  usb_endp.o(.data)
    Data_Receive_Usart                       0x20000044   Data           1  stm32f10x_it.o(.data)
    temp                                     0x20000048   Data           4  stm32f10x_it.o(.data)
    Uasrt1_tx_falg                           0x2000004c   Data           1  uasrt.o(.data)
    version_tag                              0x20000052   Data           1  main.o(.data)
    isRingOn                                 0x20000053   Data           1  main.o(.data)
    usRecvLen                                0x20000054   Data           2  main.o(.data)
    leng                                     0x20000056   Data           2  main.o(.data)
    Send_Flag                                0x20000058   Data           4  main.o(.data)
    count                                    0x2000005c   Data           1  main.o(.data)
    surplus                                  0x2000005d   Data           1  main.o(.data)
    EndPoint                                 0x2000005e   Data           1  main.o(.data)
    uasrt1_rxBuffer                          0x20000074   Data        1500  uasrt.o(.bss)
    uasrt1_txBuffer                          0x20000650   Data          10  uasrt.o(.bss)
    buf                                      0x2000065a   Data         170  main.o(.bss)
    __libspace_start                         0x20000704   Data          96  libspace.o(.bss)
    __temporary_stack_top$libspace           0x20000764   Data           0  libspace.o(.bss)



==============================================================================

Memory Map of the image

  Image Entry point : 0x080000ed

  Load Region LR_IROM1 (Base: 0x08000000, Size: 0x00001a00, Max: 0x00010000, ABSOLUTE)

    Execution Region ER_IROM1 (Base: 0x08000000, Size: 0x0000198c, Max: 0x00010000, ABSOLUTE)

    Base Addr    Size         Type   Attr      Idx    E Section Name        Object

    0x08000000   0x000000ec   Data   RO         2445    RESET               startup_stm32f10x_md.o
    0x080000ec   0x00000008   Code   RO         2502  * !!!main             c_w.l(__main.o)
    0x080000f4   0x00000034   Code   RO         2660    !!!scatter          c_w.l(__scatter.o)
    0x08000128   0x0000001a   Code   RO         2662    !!handler_copy      c_w.l(__scatter_copy.o)
    0x08000142   0x00000002   PAD
    0x08000144   0x0000001c   Code   RO         2664    !!handler_zi        c_w.l(__scatter_zi.o)
    0x08000160   0x00000002   Code   RO         2531    .ARM.Collect$$libinit$$00000000  c_w.l(libinit.o)
    0x08000162   0x00000000   Code   RO         2538    .ARM.Collect$$libinit$$00000002  c_w.l(libinit2.o)
    0x08000162   0x00000000   Code   RO         2540    .ARM.Collect$$libinit$$00000004  c_w.l(libinit2.o)
    0x08000162   0x00000000   Code   RO         2543    .ARM.Collect$$libinit$$0000000A  c_w.l(libinit2.o)
    0x08000162   0x00000000   Code   RO         2545    .ARM.Collect$$libinit$$0000000C  c_w.l(libinit2.o)
    0x08000162   0x00000000   Code   RO         2547    .ARM.Collect$$libinit$$0000000E  c_w.l(libinit2.o)
    0x08000162   0x00000000   Code   RO         2550    .ARM.Collect$$libinit$$00000011  c_w.l(libinit2.o)
    0x08000162   0x00000000   Code   RO         2552    .ARM.Collect$$libinit$$00000013  c_w.l(libinit2.o)
    0x08000162   0x00000000   Code   RO         2554    .ARM.Collect$$libinit$$00000015  c_w.l(libinit2.o)
    0x08000162   0x00000000   Code   RO         2556    .ARM.Collect$$libinit$$00000017  c_w.l(libinit2.o)
    0x08000162   0x00000000   Code   RO         2558    .ARM.Collect$$libinit$$00000019  c_w.l(libinit2.o)
    0x08000162   0x00000000   Code   RO         2560    .ARM.Collect$$libinit$$0000001B  c_w.l(libinit2.o)
    0x08000162   0x00000000   Code   RO         2562    .ARM.Collect$$libinit$$0000001D  c_w.l(libinit2.o)
    0x08000162   0x00000000   Code   RO         2564    .ARM.Collect$$libinit$$0000001F  c_w.l(libinit2.o)
    0x08000162   0x00000000   Code   RO         2566    .ARM.Collect$$libinit$$00000021  c_w.l(libinit2.o)
    0x08000162   0x00000000   Code   RO         2568    .ARM.Collect$$libinit$$00000023  c_w.l(libinit2.o)
    0x08000162   0x00000000   Code   RO         2570    .ARM.Collect$$libinit$$00000025  c_w.l(libinit2.o)
    0x08000162   0x00000000   Code   RO         2574    .ARM.Collect$$libinit$$0000002C  c_w.l(libinit2.o)
    0x08000162   0x00000000   Code   RO         2576    .ARM.Collect$$libinit$$0000002E  c_w.l(libinit2.o)
    0x08000162   0x00000000   Code   RO         2578    .ARM.Collect$$libinit$$00000030  c_w.l(libinit2.o)
    0x08000162   0x00000000   Code   RO         2580    .ARM.Collect$$libinit$$00000032  c_w.l(libinit2.o)
    0x08000162   0x00000002   Code   RO         2581    .ARM.Collect$$libinit$$00000033  c_w.l(libinit2.o)
    0x08000164   0x00000002   Code   RO         2601    .ARM.Collect$$libshutdown$$00000000  c_w.l(libshutdown.o)
    0x08000166   0x00000000   Code   RO         2615    .ARM.Collect$$libshutdown$$00000003  c_w.l(libshutdown2.o)
    0x08000166   0x00000000   Code   RO         2618    .ARM.Collect$$libshutdown$$00000006  c_w.l(libshutdown2.o)
    0x08000166   0x00000000   Code   RO         2621    .ARM.Collect$$libshutdown$$00000009  c_w.l(libshutdown2.o)
    0x08000166   0x00000000   Code   RO         2623    .ARM.Collect$$libshutdown$$0000000B  c_w.l(libshutdown2.o)
    0x08000166   0x00000000   Code   RO         2626    .ARM.Collect$$libshutdown$$0000000E  c_w.l(libshutdown2.o)
    0x08000166   0x00000002   Code   RO         2627    .ARM.Collect$$libshutdown$$0000000F  c_w.l(libshutdown2.o)
    0x08000168   0x00000000   Code   RO         2504    .ARM.Collect$$rtentry$$00000000  c_w.l(__rtentry.o)
    0x08000168   0x00000000   Code   RO         2508    .ARM.Collect$$rtentry$$00000002  c_w.l(__rtentry2.o)
    0x08000168   0x00000006   Code   RO         2520    .ARM.Collect$$rtentry$$00000004  c_w.l(__rtentry4.o)
    0x0800016e   0x00000000   Code   RO         2510    .ARM.Collect$$rtentry$$00000009  c_w.l(__rtentry2.o)
    0x0800016e   0x00000004   Code   RO         2511    .ARM.Collect$$rtentry$$0000000A  c_w.l(__rtentry2.o)
    0x08000172   0x00000000   Code   RO         2513    .ARM.Collect$$rtentry$$0000000C  c_w.l(__rtentry2.o)
    0x08000172   0x00000008   Code   RO         2514    .ARM.Collect$$rtentry$$0000000D  c_w.l(__rtentry2.o)
    0x0800017a   0x00000002   Code   RO         2535    .ARM.Collect$$rtexit$$00000000  c_w.l(rtexit.o)
    0x0800017c   0x00000000   Code   RO         2583    .ARM.Collect$$rtexit$$00000002  c_w.l(rtexit2.o)
    0x0800017c   0x00000004   Code   RO         2584    .ARM.Collect$$rtexit$$00000003  c_w.l(rtexit2.o)
    0x08000180   0x00000006   Code   RO         2585    .ARM.Collect$$rtexit$$00000004  c_w.l(rtexit2.o)
    0x08000186   0x00000002   PAD
    0x08000188   0x00000040   Code   RO         2446    .text               startup_stm32f10x_md.o
    0x080001c8   0x00000044   Code   RO         2498    .text               c_w.l(rt_memclr.o)
    0x0800020c   0x00000006   Code   RO         2500    .text               c_w.l(heapauxi.o)
    0x08000212   0x0000004e   Code   RO         2505    .text               c_w.l(rt_memclr_w.o)
    0x08000260   0x0000004a   Code   RO         2522    .text               c_w.l(sys_stackheap_outer.o)
    0x080002aa   0x0000000c   Code   RO         2524    .text               c_w.l(exit.o)
    0x080002b6   0x00000002   PAD
    0x080002b8   0x00000008   Code   RO         2532    .text               c_w.l(libspace.o)
    0x080002c0   0x0000000c   Code   RO         2593    .text               c_w.l(sys_exit.o)
    0x080002cc   0x00000002   Code   RO         2604    .text               c_w.l(use_no_semi.o)
    0x080002ce   0x00000000   Code   RO         2606    .text               c_w.l(indicate_semi.o)
    0x080002ce   0x00000002   PAD
    0x080002d0   0x00000084   Code   RO         1112    i.DMA1_Channel4_Configuration  uasrt.o
    0x08000354   0x00000030   Code   RO         1010    i.DMA1_Channel4_IRQHandler  stm32f10x_it.o
    0x08000384   0x00000068   Code   RO         1113    i.DMA1_Channel5_Configuration  uasrt.o
    0x080003ec   0x00000018   Code   RO         1645    i.DMA_Cmd           stm32f10x_dma.o
    0x08000404   0x0000014c   Code   RO         1646    i.DMA_DeInit        stm32f10x_dma.o
    0x08000550   0x00000008   Code   RO         1647    i.DMA_GetCurrDataCounter  stm32f10x_dma.o
    0x08000558   0x00000012   Code   RO         1650    i.DMA_ITConfig      stm32f10x_dma.o
    0x0800056a   0x0000003c   Code   RO         1651    i.DMA_Init          stm32f10x_dma.o
    0x080005a6   0x00000004   Code   RO         1652    i.DMA_SetCurrDataCounter  stm32f10x_dma.o
    0x080005aa   0x0000000a   Code   RO         1204    i.Delay             delay.o
    0x080005b4   0x0000001c   Code   RO         1744    i.FLASH_PrefetchBufferCmd  stm32f10x_flash.o
    0x080005d0   0x00000018   Code   RO         1749    i.FLASH_SetLatency  stm32f10x_flash.o
    0x080005e8   0x00000078   Code   RO         1174    i.GPIOB_Config      gpiox.o
    0x08000660   0x00000008   Code   RO         1175    i.GPIO_Config       gpiox.o
    0x08000668   0x00000020   Code   RO          659    i.GetEPTxAddr       usb_regs.o
    0x08000688   0x00000030   Code   RO         1350    i.JTAG_Set          sys.o
    0x080006b8   0x00000070   Code   RO         1595    i.NVIC_Init         misc.o
    0x08000728   0x00000014   Code   RO         1596    i.NVIC_PriorityGroupConfig  misc.o
    0x0800073c   0x0000000c   Code   RO         1351    i.OPEN_DMA1_RCC_APB2PeriphClock  sys.o
    0x08000748   0x00000020   Code   RO         2043    i.RCC_AHBPeriphClockCmd  stm32f10x_rcc.o
    0x08000768   0x00000020   Code   RO         2044    i.RCC_APB1PeriphClockCmd  stm32f10x_rcc.o
    0x08000788   0x00000012   Code   RO         1352    i.RCC_Clock_init    sys.o
    0x0800079a   0x00000002   PAD
    0x0800079c   0x0000004c   Code   RO         2053    i.RCC_DeInit        stm32f10x_rcc.o
    0x080007e8   0x000000d4   Code   RO         2054    i.RCC_GetClocksFreq  stm32f10x_rcc.o
    0x080008bc   0x0000003c   Code   RO         2055    i.RCC_GetFlagStatus  stm32f10x_rcc.o
    0x080008f8   0x00000010   Code   RO         2057    i.RCC_GetSYSCLKSource  stm32f10x_rcc.o
    0x08000908   0x00000018   Code   RO         2058    i.RCC_HCLKConfig    stm32f10x_rcc.o
    0x08000920   0x0000004c   Code   RO         2059    i.RCC_HSEConfig     stm32f10x_rcc.o
    0x0800096c   0x00000018   Code   RO         2065    i.RCC_PCLK1Config   stm32f10x_rcc.o
    0x08000984   0x00000018   Code   RO         2066    i.RCC_PCLK2Config   stm32f10x_rcc.o
    0x0800099c   0x0000000c   Code   RO         2067    i.RCC_PLLCmd        stm32f10x_rcc.o
    0x080009a8   0x0000001c   Code   RO         2068    i.RCC_PLLConfig     stm32f10x_rcc.o
    0x080009c4   0x00000018   Code   RO         2071    i.RCC_SYSCLKConfig  stm32f10x_rcc.o
    0x080009dc   0x0000000c   Code   RO         2072    i.RCC_USBCLKConfig  stm32f10x_rcc.o
    0x080009e8   0x00000038   Code   RO         2073    i.RCC_WaitForHSEStartUp  stm32f10x_rcc.o
    0x08000a20   0x000000dc   Code   RO         1418    i.SPIx_Init         spi.o
    0x08000afc   0x0000004c   Code   RO         1419    i.SPIx_ReadWriteByte  spi.o
    0x08000b48   0x00000078   Code   RO         1353    i.STM32_RCC_Config  sys.o
    0x08000bc0   0x0000001c   Code   RO          686    i.SetEPTxCount      usb_regs.o
    0x08000bdc   0x0000002c   Code   RO          688    i.SetEPTxValid      usb_regs.o
    0x08000c08   0x00000008   Code   RO         2453    i.SetSysClock       system_stm32f10x.o
    0x08000c10   0x000000e0   Code   RO         2454    i.SetSysClockTo72   system_stm32f10x.o
    0x08000cf0   0x00000012   Code   RO         1354    i.Set_USBClock      sys.o
    0x08000d02   0x00000002   PAD
    0x08000d04   0x00000060   Code   RO         2456    i.SystemInit        system_stm32f10x.o
    0x08000d64   0x0000000c   Code   RO         1421    i.THM3070_SPI_frameend  spi.o
    0x08000d70   0x0000000c   Code   RO         1422    i.THM3070_SPI_framestart  spi.o
    0x08000d7c   0x00000026   Code   RO         1423    i.THM3070_SPI_revbuff  spi.o
    0x08000da2   0x00000024   Code   RO         1424    i.THM3070_SPI_sendbuff  spi.o
    0x08000dc6   0x00000018   Code   RO         1520    i.THM_ChangeProtBaud  thm3070.o
    0x08000dde   0x00000024   Code   RO         1521    i.THM_SetFWT        thm3070.o
    0x08000e02   0x00000002   PAD
    0x08000e04   0x00000038   Code   RO         1018    i.TIM3_IRQHandler   stm32f10x_it.o
    0x08000e3c   0x00000010   Code   RO         1298    i.TIM_Init          tim.o
    0x08000e4c   0x0000002a   Code   RO         1301    i.Tim3_NVIC_Config  tim.o
    0x08000e76   0x00000002   PAD
    0x08000e78   0x00000054   Code   RO         1302    i.Tim3_init         tim.o
    0x08000ecc   0x000000cc   Code   RO         1114    i.UASRT1_Config     uasrt.o
    0x08000f98   0x00000070   Code   RO         1019    i.USART1_IRQHandler  stm32f10x_it.o
    0x08001008   0x00000018   Code   RO         2258    i.USART_Cmd         stm32f10x_usart.o
    0x08001020   0x00000012   Code   RO         2259    i.USART_DMACmd      stm32f10x_usart.o
    0x08001032   0x00000054   Code   RO         2262    i.USART_GetITStatus  stm32f10x_usart.o
    0x08001086   0x0000004a   Code   RO         2264    i.USART_ITConfig    stm32f10x_usart.o
    0x080010d0   0x00000012   Code   RO         1116    i.USART_Iint        uasrt.o
    0x080010e2   0x00000002   PAD
    0x080010e4   0x000000d8   Code   RO         2265    i.USART_Init        stm32f10x_usart.o
    0x080011bc   0x00000028   Code   RO          218    i.USB_TX            usb_endp.o
    0x080011e4   0x00000028   Code   RO         1117    i.Uasrt1endData     uasrt.o
    0x0800120c   0x00000038   Code   RO          420    i.UserToPMABufferCopy  usb_mem.o
    0x08001244   0x00000040   Code   RO         1205    i.delay_init        delay.o
    0x08001284   0x00000012   Code   RO         1478    i.delay_nop         secure.o
    0x08001296   0x00000002   PAD
    0x08001298   0x00000018   Code   RO         1479    i.init_i2c          secure.o
    0x080012b0   0x0000021c   Code   RO         1248    i.main              main.o
    0x080014cc   0x00000244   Code   RO         1480    i.read_sec          secure.o
    0x08001710   0x00000090   Code   RO         1522    i.thm3070_Init      thm3070.o
    0x080017a0   0x0000001c   Code   RO         1523    i.thm3070_close_RF  thm3070.o
    0x080017bc   0x0000001c   Code   RO         1524    i.thm3070_open_RF   thm3070.o
    0x080017d8   0x00000064   Code   RO         1525    i.thm3070_read_buff  thm3070.o
    0x0800183c   0x00000028   Code   RO         1526    i.thm3070_read_reg  thm3070.o
    0x08001864   0x00000048   Code   RO         1527    i.thm3070_send_buff  thm3070.o
    0x080018ac   0x00000024   Code   RO         1528    i.thm3070_write_reg  thm3070.o
    0x080018d0   0x0000009c   Code   RO         1481    i.write_sec         secure.o
    0x0800196c   0x00000020   Data   RO         2658    Region$$Table       anon$$obj.o


    Execution Region RW_IRAM1 (Base: 0x20000000, Size: 0x00000d68, Max: 0x00005000, ABSOLUTE)

    Base Addr    Size         Type   Attr      Idx    E Section Name        Object

    0x20000000   0x00000043   Data   RW          220    .data               usb_endp.o
    0x20000043   0x00000001   PAD
    0x20000044   0x00000008   Data   RW         1021    .data               stm32f10x_it.o
    0x2000004c   0x00000001   Data   RW         1119    .data               uasrt.o
    0x2000004d   0x00000001   PAD
    0x2000004e   0x00000004   Data   RW         1208    .data               delay.o
    0x20000052   0x0000000d   Data   RW         1250    .data               main.o
    0x2000005f   0x00000001   Data   RW         1357    .data               sys.o
    0x20000060   0x00000014   Data   RW         2074    .data               stm32f10x_rcc.o
    0x20000074   0x000005e6   Zero   RW         1118    .bss                uasrt.o
    0x2000065a   0x000000aa   Zero   RW         1249    .bss                main.o
    0x20000704   0x00000060   Zero   RW         2533    .bss                c_w.l(libspace.o)
    0x20000764   0x00000004   PAD
    0x20000768   0x00000200   Zero   RW         2444    HEAP                startup_stm32f10x_md.o
    0x20000968   0x00000400   Zero   RW         2443    STACK               startup_stm32f10x_md.o


==============================================================================

Image component sizes


      Code (inc. data)   RO Data    RW Data    ZI Data      Debug   Object Name

        74          8          0          4          0       1193   delay.o
       128         14          0          0          0        917   gpiox.o
       540         46          0         13        170       2703   main.o
       132         22          0          0          0       1691   misc.o
       778         16          0          0          0       2558   secure.o
       394         30          0          0          0       3590   spi.o
        64         26        236          0       1536        832   startup_stm32f10x_md.o
       446          8          0          0          0       5407   stm32f10x_dma.o
        52         12          0          0          0       1153   stm32f10x_flash.o
       216         34          0          8          0      17859   stm32f10x_it.o
       708         98          0         20          0      11556   stm32f10x_rcc.o
       416          6          0          0          0       5253   stm32f10x_usart.o
       216         16          0          1          0       3050   sys.o
       328         28          0          0          0       2101   system_stm32f10x.o
       508          6          0          0          0       5653   thm3070.o
       142         10          0          0          0       1518   tim.o
       498         58          0          1       1510       3726   uasrt.o
         0          0          0          0          0     206328   usb_core.o
        40          0          0         67          0       1612   usb_endp.o
         0          0          0          0          0      10608   usb_init.o
        56          4          0          0          0       1062   usb_mem.o
       104         24          0          0          0       1604   usb_regs.o

    ----------------------------------------------------------------------
      5852        466        268        116       3216     291974   Object Totals
         0          0         32          0          0          0   (incl. Generated)
        12          0          0          2          0          0   (incl. Padding)

    ----------------------------------------------------------------------

      Code (inc. data)   RO Data    RW Data    ZI Data      Debug   Library Member Name

         8          0          0          0          0         68   __main.o
         0          0          0          0          0          0   __rtentry.o
        12          0          0          0          0          0   __rtentry2.o
         6          0          0          0          0          0   __rtentry4.o
        52          8          0          0          0          0   __scatter.o
        26          0          0          0          0          0   __scatter_copy.o
        28          0          0          0          0          0   __scatter_zi.o
        12          0          0          0          0         72   exit.o
         6          0          0          0          0        152   heapauxi.o
         0          0          0          0          0          0   indicate_semi.o
         2          0          0          0          0          0   libinit.o
         2          0          0          0          0          0   libinit2.o
         2          0          0          0          0          0   libshutdown.o
         2          0          0          0          0          0   libshutdown2.o
         8          4          0          0         96         68   libspace.o
        68          0          0          0          0         68   rt_memclr.o
        78          0          0          0          0         80   rt_memclr_w.o
         2          0          0          0          0          0   rtexit.o
        10          0          0          0          0          0   rtexit2.o
        12          4          0          0          0         68   sys_exit.o
        74          0          0          0          0         80   sys_stackheap_outer.o
         2          0          0          0          0         68   use_no_semi.o

    ----------------------------------------------------------------------
       420         16          0          0        100        724   Library Totals
         8          0          0          0          4          0   (incl. Padding)

    ----------------------------------------------------------------------

      Code (inc. data)   RO Data    RW Data    ZI Data      Debug   Library Name

       412         16          0          0         96        724   c_w.l

    ----------------------------------------------------------------------
       420         16          0          0        100        724   Library Totals

    ----------------------------------------------------------------------

==============================================================================


      Code (inc. data)   RO Data    RW Data    ZI Data      Debug   

      6272        482        268        116       3316     288638   Grand Totals
      6272        482        268        116       3316     288638   ELF Image Totals
      6272        482        268        116          0          0   ROM Totals

==============================================================================

    Total RO  Size (Code + RO Data)                 6540 (   6.39kB)
    Total RW  Size (RW Data + ZI Data)              3432 (   3.35kB)
    Total ROM Size (Code + RO Data + RW Data)       6656 (   6.50kB)

==============================================================================

